Archive member included to satisfy reference by file (symbol)

/home/e2/intelFPGA_lite/20.1/nios2eds/bin/gnu/H-x86_64-pc-linux-gnu/bin/../lib/gcc/nios2-elf/10.1.1/mno-hw-mul/libgcc.a(lib2-divmod.o)
                              obj/default/count_binary.o (__divsi3)
/home/e2/intelFPGA_lite/20.1/nios2eds/bin/gnu/H-x86_64-pc-linux-gnu/bin/../lib/gcc/nios2-elf/10.1.1/../../../../../H-x86_64-pc-linux-gnu/nios2-elf/lib/mno-hw-mul/libsmallc.a(lib_a-printf.o)
                              obj/default/count_binary.o (printf)
/home/e2/intelFPGA_lite/20.1/nios2eds/bin/gnu/H-x86_64-pc-linux-gnu/bin/../lib/gcc/nios2-elf/10.1.1/../../../../../H-x86_64-pc-linux-gnu/nios2-elf/lib/mno-hw-mul/libsmallc.a(lib_a-putchar.o)
                              obj/default/count_binary.o (putchar)
/home/e2/intelFPGA_lite/20.1/nios2eds/bin/gnu/H-x86_64-pc-linux-gnu/bin/../lib/gcc/nios2-elf/10.1.1/../../../../../H-x86_64-pc-linux-gnu/nios2-elf/lib/mno-hw-mul/libsmallc.a(lib_a-puts.o)
                              obj/default/count_binary.o (puts)
/home/e2/intelFPGA_lite/20.1/nios2eds/bin/gnu/H-x86_64-pc-linux-gnu/bin/../lib/gcc/nios2-elf/10.1.1/../../../../../H-x86_64-pc-linux-gnu/nios2-elf/lib/mno-hw-mul/libsmallc.a(lib_a-strlen.o)
                              /home/e2/intelFPGA_lite/20.1/nios2eds/bin/gnu/H-x86_64-pc-linux-gnu/bin/../lib/gcc/nios2-elf/10.1.1/../../../../../H-x86_64-pc-linux-gnu/nios2-elf/lib/mno-hw-mul/libsmallc.a(lib_a-puts.o) (strlen)
/home/e2/intelFPGA_lite/20.1/nios2eds/bin/gnu/H-x86_64-pc-linux-gnu/bin/../lib/gcc/nios2-elf/10.1.1/../../../../../H-x86_64-pc-linux-gnu/nios2-elf/lib/mno-hw-mul/libsmallc.a(lib_a-vfprintf.o)
                              /home/e2/intelFPGA_lite/20.1/nios2eds/bin/gnu/H-x86_64-pc-linux-gnu/bin/../lib/gcc/nios2-elf/10.1.1/../../../../../H-x86_64-pc-linux-gnu/nios2-elf/lib/mno-hw-mul/libsmallc.a(lib_a-printf.o) (___vfprintf_internal_r)
/home/e2/intelFPGA_lite/20.1/nios2eds/bin/gnu/H-x86_64-pc-linux-gnu/bin/../lib/gcc/nios2-elf/10.1.1/../../../../../H-x86_64-pc-linux-gnu/nios2-elf/lib/mno-hw-mul/libsmallc.a(lib_a-fvwrite_small_dev.o)
                              /home/e2/intelFPGA_lite/20.1/nios2eds/bin/gnu/H-x86_64-pc-linux-gnu/bin/../lib/gcc/nios2-elf/10.1.1/../../../../../H-x86_64-pc-linux-gnu/nios2-elf/lib/mno-hw-mul/libsmallc.a(lib_a-printf.o) (__sfvwrite_small_dev)
/home/e2/intelFPGA_lite/20.1/nios2eds/bin/gnu/H-x86_64-pc-linux-gnu/bin/../lib/gcc/nios2-elf/10.1.1/../../../../../H-x86_64-pc-linux-gnu/nios2-elf/lib/mno-hw-mul/libsmallc.a(lib_a-impure.o)
                              /home/e2/intelFPGA_lite/20.1/nios2eds/bin/gnu/H-x86_64-pc-linux-gnu/bin/../lib/gcc/nios2-elf/10.1.1/../../../../../H-x86_64-pc-linux-gnu/nios2-elf/lib/mno-hw-mul/libsmallc.a(lib_a-printf.o) (_impure_ptr)
/home/e2/intelFPGA_lite/20.1/nios2eds/bin/gnu/H-x86_64-pc-linux-gnu/bin/../lib/gcc/nios2-elf/10.1.1/../../../../../H-x86_64-pc-linux-gnu/nios2-elf/lib/mno-hw-mul/libsmallc.a(lib_a-putc.o)
                              /home/e2/intelFPGA_lite/20.1/nios2eds/bin/gnu/H-x86_64-pc-linux-gnu/bin/../lib/gcc/nios2-elf/10.1.1/../../../../../H-x86_64-pc-linux-gnu/nios2-elf/lib/mno-hw-mul/libsmallc.a(lib_a-putchar.o) (_putc_r)
/home/e2/intelFPGA_lite/20.1/nios2eds/bin/gnu/H-x86_64-pc-linux-gnu/bin/../lib/gcc/nios2-elf/10.1.1/../../../../../H-x86_64-pc-linux-gnu/nios2-elf/lib/mno-hw-mul/libsmallc.a(lib_a-writer.o)
                              /home/e2/intelFPGA_lite/20.1/nios2eds/bin/gnu/H-x86_64-pc-linux-gnu/bin/../lib/gcc/nios2-elf/10.1.1/../../../../../H-x86_64-pc-linux-gnu/nios2-elf/lib/mno-hw-mul/libsmallc.a(lib_a-fvwrite_small_dev.o) (_write_r)
/home/e2/intelFPGA_lite/20.1/nios2eds/bin/gnu/H-x86_64-pc-linux-gnu/bin/../lib/gcc/nios2-elf/10.1.1/../../../../../H-x86_64-pc-linux-gnu/nios2-elf/lib/mno-hw-mul/libsmallc.a(lib_a-int_errno.o)
                              /home/e2/intelFPGA_lite/20.1/nios2eds/bin/gnu/H-x86_64-pc-linux-gnu/bin/../lib/gcc/nios2-elf/10.1.1/../../../../../H-x86_64-pc-linux-gnu/nios2-elf/lib/mno-hw-mul/libsmallc.a(lib_a-writer.o) (errno)
/home/e2/intelFPGA_lite/20.1/nios2eds/bin/gnu/H-x86_64-pc-linux-gnu/bin/../lib/gcc/nios2-elf/10.1.1/mno-hw-mul/libgcc.a(lib2-mul.o)
                              /home/e2/intelFPGA_lite/20.1/nios2eds/bin/gnu/H-x86_64-pc-linux-gnu/bin/../lib/gcc/nios2-elf/10.1.1/../../../../../H-x86_64-pc-linux-gnu/nios2-elf/lib/mno-hw-mul/libsmallc.a(lib_a-vfprintf.o) (__mulsi3)
../binary_counter_bsp//libhal_bsp.a(alt_load.o)
                              ../binary_counter_bsp//obj/HAL/src/crt0.o (alt_load)
../binary_counter_bsp//libhal_bsp.a(alt_main.o)
                              ../binary_counter_bsp//obj/HAL/src/crt0.o (alt_main)
../binary_counter_bsp//libhal_bsp.a(alt_usleep.o)
                              obj/default/count_binary.o (usleep)
../binary_counter_bsp//libhal_bsp.a(alt_write.o)
[...]
Memory Configuration

Name             Origin             Length             Attributes
reset            0x0000000000008000 0x0000000000000020
onchip_mem       0x0000000000008020 0x0000000000004fe0
*default*        0x0000000000000000 0xffffffffffffffff

Linker script and memory map

LOAD ../binary_counter_bsp//obj/HAL/src/crt0.o
LOAD obj/default/count_binary.o
LOAD /home/e2/intelFPGA_lite/20.1/nios2eds/bin/gnu/H-x86_64-pc-linux-gnu/bin/../lib/gcc/nios2-elf/10.1.1/../../../../../H-x86_64-pc-linux-gnu/nios2-elf/lib/mno-hw-mul/libstdc++.a
LOAD /home/e2/intelFPGA_lite/20.1/nios2eds/bin/gnu/H-x86_64-pc-linux-gnu/bin/../lib/gcc/nios2-elf/10.1.1/../../../../../H-x86_64-pc-linux-gnu/nios2-elf/lib/mno-hw-mul/libm.a
LOAD /home/e2/intelFPGA_lite/20.1/nios2eds/bin/gnu/H-x86_64-pc-linux-gnu/bin/../lib/gcc/nios2-elf/10.1.1/mno-hw-mul/libgcc.a
START GROUP
LOAD /home/e2/intelFPGA_lite/20.1/nios2eds/bin/gnu/H-x86_64-pc-linux-gnu/bin/../lib/gcc/nios2-elf/10.1.1/../../../../../H-x86_64-pc-linux-gnu/nios2-elf/lib/mno-hw-mul/libsmallc.a
LOAD /home/e2/intelFPGA_lite/20.1/nios2eds/bin/gnu/H-x86_64-pc-linux-gnu/bin/../lib/gcc/nios2-elf/10.1.1/mno-hw-mul/libgcc.a
LOAD ../binary_counter_bsp//libhal_bsp.a
LOAD /home/e2/intelFPGA_lite/20.1/nios2eds/bin/gnu/H-x86_64-pc-linux-gnu/bin/../lib/gcc/nios2-elf/10.1.1/../../../../../H-x86_64-pc-linux-gnu/nios2-elf/lib/mno-hw-mul/libm.a
END GROUP
LOAD /home/e2/intelFPGA_lite/20.1/nios2eds/bin/gnu/H-x86_64-pc-linux-gnu/bin/../lib/gcc/nios2-elf/10.1.1/mno-hw-mul/libgcc.a
                0x0000000000008000                __alt_mem_onchip_mem = 0x8000

.entry          0x0000000000008000       0x20
 *(.entry)
 .entry         0x0000000000008000       0x20 ../binary_counter_bsp//obj/HAL/src/crt0.o
                0x0000000000008000                __reset

.exceptions     0x0000000000008020      0x218
                0x0000000000008020                PROVIDE (__ram_exceptions_start = ABSOLUTE (.))
                0x0000000000008020                . = ALIGN (0x20)
 *(.irq)
 *(.exceptions.entry.label)
 .exceptions.entry.label
                0x0000000000008020        0x0 ../binary_counter_bsp//libhal_bsp.a(alt_irq_entry.o)
                0x0000000000008020                alt_irq_entry
 .exceptions.entry.label
                0x0000000000008020        0x0 ../binary_counter_bsp//libhal_bsp.a(alt_exception_entry.o)
                0x0000000000008020                alt_exception
 *(.exceptions.entry.user)
 *(.exceptions.entry.ecc_fatal)
 *(.exceptions.entry)
 .exceptions.entry
                0x0000000000008020       0x54 ../binary_counter_bsp//libhal_bsp.a(alt_exception_entry.o)
 *(.exceptions.irqtest.user)
 *(.exceptions.irqtest)
 .exceptions.irqtest
                0x0000000000008074       0x10 ../binary_counter_bsp//libhal_bsp.a(alt_irq_entry.o)
 *(.exceptions.irqhandler.user)
 *(.exceptions.irqhandler)
 .exceptions.irqhandler
                0x0000000000008084        0x4 ../binary_counter_bsp//libhal_bsp.a(alt_irq_entry.o)
 *(.exceptions.irqreturn.user)
 *(.exceptions.irqreturn)
 .exceptions.irqreturn
                0x0000000000008088        0x4 ../binary_counter_bsp//libhal_bsp.a(alt_irq_entry.o)
 *(.exceptions.notirq.label)
 .exceptions.notirq.label
                0x000000000000808c        0x0 ../binary_counter_bsp//libhal_bsp.a(alt_irq_entry.o)
 *(.exceptions.notirq.user)
 *(.exceptions.notirq)
 .exceptions.notirq
                0x000000000000808c        0x8 ../binary_counter_bsp//libhal_bsp.a(alt_exception_entry.o)
 *(.exceptions.soft.user)
 *(.exceptions.soft)
 *(.exceptions.unknown.user)
 *(.exceptions.unknown)
 .exceptions.unknown
                0x0000000000008094       0x14 ../binary_counter_bsp//libhal_bsp.a(alt_exception_entry.o)
 *(.exceptions.exit.label)
 .exceptions.exit.label
                0x00000000000080a8        0x0 ../binary_counter_bsp//libhal_bsp.a(alt_irq_entry.o)
 .exceptions.exit.label
                0x00000000000080a8        0x0 ../binary_counter_bsp//libhal_bsp.a(alt_exception_entry.o)
 *(.exceptions.exit.user)
 *(.exceptions.exit)
 .exceptions.exit
                0x00000000000080a8       0x54 ../binary_counter_bsp//libhal_bsp.a(alt_exception_entry.o)
 *(.exceptions)
 .exceptions    0x00000000000080fc       0xc8 ../binary_counter_bsp//libhal_bsp.a(alt_irq_handler.o)
                0x00000000000080fc                alt_irq_handler
 .exceptions    0x00000000000081c4       0x74 ../binary_counter_bsp//libhal_bsp.a(alt_instruction_exception_entry.o)
                0x00000000000081c4                alt_instruction_exception_entry
                0x0000000000008238                PROVIDE (__ram_exceptions_end = ABSOLUTE (.))
                0x0000000000008020                PROVIDE (__flash_exceptions_start = LOADADDR (.exceptions))

.text           0x0000000000008238     0x26c8
                [!provide]                        PROVIDE (stext = ABSOLUTE (.))
 *(.interp)
 *(.hash)
 *(.dynsym)
 *(.dynstr)
 *(.gnu.version)
 *(.gnu.version_d)
 *(.gnu.version_r)
 *(.rel.init)
 *(.rela.init)
 *(.rel.text .rel.text.* .rel.gnu.linkonce.t.*)
 *(.rela.text .rela.text.* .rela.gnu.linkonce.t.*)
 *(.rel.fini)
 *(.rela.fini)
 *(.rel.rodata .rel.rodata.* .rel.gnu.linkonce.r.*)
 *(.rela.rodata .rela.rodata.* .rela.gnu.linkonce.r.*)
 *(.rel.data .rel.data.* .rel.gnu.linkonce.d.*)
 *(.rela.data .rela.data.* .rela.gnu.linkonce.d.*)
 *(.rel.tdata .rel.tdata.* .rel.gnu.linkonce.td.*)
 *(.rela.tdata .rela.tdata.* .rela.gnu.linkonce.td.*)
 *(.rel.tbss .rel.tbss.* .rel.gnu.linkonce.tb.*)
 *(.rela.tbss .rela.tbss.* .rela.gnu.linkonce.tb.*)
 *(.rel.ctors)
 *(.rela.ctors)
 *(.rel.dtors)
 *(.rela.dtors)
 *(.rel.got)
 *(.rela.got)
 *(.rel.sdata .rel.sdata.* .rel.gnu.linkonce.s.*)
 *(.rela.sdata .rela.sdata.* .rela.gnu.linkonce.s.*)
 *(.rel.sbss .rel.sbss.* .rel.gnu.linkonce.sb.*)
 *(.rela.sbss .rela.sbss.* .rela.gnu.linkonce.sb.*)
 *(.rel.sdata2 .rel.sdata2.* .rel.gnu.linkonce.s2.*)
 *(.rela.sdata2 .rela.sdata2.* .rela.gnu.linkonce.s2.*)
 *(.rel.sbss2 .rel.sbss2.* .rel.gnu.linkonce.sb2.*)
 *(.rela.sbss2 .rela.sbss2.* .rela.gnu.linkonce.sb2.*)
 *(.rel.bss .rel.bss.* .rel.gnu.linkonce.b.*)
 *(.rela.bss .rela.bss.* .rela.gnu.linkonce.b.*)
 *(.rel.plt)
 *(.rela.plt)
 *(.rel.dyn)
 *(.init)
 *(.plt)
 *(.text .stub .text.* .gnu.linkonce.t.*)
 .text          0x0000000000008238       0x4c ../binary_counter_bsp//obj/HAL/src/crt0.o
                0x0000000000008238                _start
 .text          0x0000000000008284      0x390 obj/default/count_binary.o
                0x0000000000008514                main
 .text          0x0000000000008614      0x1b4 /home/e2/intelFPGA_lite/20.1/nios2eds/bin/gnu/H-x86_64-pc-linux-gnu/bin/../lib/gcc/nios2-elf/10.1.1/mno-hw-mul/libgcc.a(lib2-divmod.o)
                0x0000000000008614                __divsi3
                0x0000000000008694                __modsi3
                0x0000000000008708                __udivsi3
                0x000000000000876c                __umodsi3
 .text          0x00000000000087c8        0x0 /home/e2/intelFPGA_lite/20.1/nios2eds/bin/gnu/H-x86_64-pc-linux-gnu/bin/../lib/gcc/nios2-elf/10.1.1/../../../../../H-x86_64-pc-linux-gnu/nios2-elf/lib/mno-hw-mul/libsmallc.a(lib_a-printf.o)
 .text._printf_r
                0x00000000000087c8       0x3c /home/e2/intelFPGA_lite/20.1/nios2eds/bin/gnu/H-x86_64-pc-linux-gnu/bin/../lib/gcc/nios2-elf/10.1.1/../../../../../H-x86_64-pc-linux-gnu/nios2-elf/lib/mno-hw-mul/libsmallc.a(lib_a-printf.o)
                0x00000000000087c8                _printf_r
 .text.printf   0x0000000000008804       0x48 /home/e2/intelFPGA_lite/20.1/nios2eds/bin/gnu/H-x86_64-pc-linux-gnu/bin/../lib/gcc/nios2-elf/10.1.1/../../../../../H-x86_64-pc-linux-gnu/nios2-elf/lib/mno-hw-mul/libsmallc.a(lib_a-printf.o)
                0x0000000000008804                printf
 .text          0x000000000000884c        0x0 /home/e2/intelFPGA_lite/20.1/nios2eds/bin/gnu/H-x86_64-pc-linux-gnu/bin/../lib/gcc/nios2-elf/10.1.1/../../../../../H-x86_64-pc-linux-gnu/nios2-elf/lib/mno-hw-mul/libsmallc.a(lib_a-putchar.o)
 .text._putchar_r
                0x000000000000884c        0x8 /home/e2/intelFPGA_lite/20.1/nios2eds/bin/gnu/H-x86_64-pc-linux-gnu/bin/../lib/gcc/nios2-elf/10.1.1/../../../../../H-x86_64-pc-linux-gnu/nios2-elf/lib/mno-hw-mul/libsmallc.a(lib_a-putchar.o)
                0x000000000000884c                _putchar_r
 .text.putchar  0x0000000000008854       0x18 /home/e2/intelFPGA_lite/20.1/nios2eds/bin/gnu/H-x86_64-pc-linux-gnu/bin/../lib/gcc/nios2-elf/10.1.1/../../../../../H-x86_64-pc-linux-gnu/nios2-elf/lib/mno-hw-mul/libsmallc.a(lib_a-putchar.o)
                0x0000000000008854                putchar
 .text          0x000000000000886c        0x0 /home/e2/intelFPGA_lite/20.1/nios2eds/bin/gnu/H-x86_64-pc-linux-gnu/bin/../lib/gcc/nios2-elf/10.1.1/../../../../../H-x86_64-pc-linux-gnu/nios2-elf/lib/mno-hw-mul/libsmallc.a(lib_a-puts.o)
 .text._puts_r  0x000000000000886c       0x80 /home/e2/intelFPGA_lite/20.1/nios2eds/bin/gnu/H-x86_64-pc-linux-gnu/bin/../lib/gcc/nios2-elf/10.1.1/../../../../../H-x86_64-pc-linux-gnu/nios2-elf/lib/mno-hw-mul/libsmallc.a(lib_a-puts.o)
                0x000000000000886c                _puts_r
 .text.puts     0x00000000000088ec       0x10 /home/e2/intelFPGA_lite/20.1/nios2eds/bin/gnu/H-x86_64-pc-linux-gnu/bin/../lib/gcc/nios2-elf/10.1.1/../../../../../H-x86_64-pc-linux-gnu/nios2-elf/lib/mno-hw-mul/libsmallc.a(lib_a-puts.o)
                0x00000000000088ec                puts
 .text          0x00000000000088fc        0x0 /home/e2/intelFPGA_lite/20.1/nios2eds/bin/gnu/H-x86_64-pc-linux-gnu/bin/../lib/gcc/nios2-elf/10.1.1/../../../../../H-x86_64-pc-linux-gnu/nios2-elf/lib/mno-hw-mul/libsmallc.a(lib_a-strlen.o)
 .text.strlen   0x00000000000088fc       0x1c /home/e2/intelFPGA_lite/20.1/nios2eds/bin/gnu/H-x86_64-pc-linux-gnu/bin/../lib/gcc/nios2-elf/10.1.1/../../../../../H-x86_64-pc-linux-gnu/nios2-elf/lib/mno-hw-mul/libsmallc.a(lib_a-strlen.o)
                0x00000000000088fc                strlen
 .text          0x0000000000008918        0x0 /home/e2/intelFPGA_lite/20.1/nios2eds/bin/gnu/H-x86_64-pc-linux-gnu/bin/../lib/gcc/nios2-elf/10.1.1/../../../../../H-x86_64-pc-linux-gnu/nios2-elf/lib/mno-hw-mul/libsmallc.a(lib_a-vfprintf.o)
 .text.print_repeat
                0x0000000000008918       0x6c /home/e2/intelFPGA_lite/20.1/nios2eds/bin/gnu/H-x86_64-pc-linux-gnu/bin/../lib/gcc/nios2-elf/10.1.1/../../../../../H-x86_64-pc-linux-gnu/nios2-elf/lib/mno-hw-mul/libsmallc.a(lib_a-vfprintf.o)
 .text.___vfprintf_internal_r
                0x0000000000008984      0x50c /home/e2/intelFPGA_lite/20.1/nios2eds/bin/gnu/H-x86_64-pc-linux-gnu/bin/../lib/gcc/nios2-elf/10.1.1/../../../../../H-x86_64-pc-linux-gnu/nios2-elf/lib/mno-hw-mul/libsmallc.a(lib_a-vfprintf.o)
                0x0000000000008984                ___vfprintf_internal_r
 .text.__vfprintf_internal
                0x0000000000008e90       0x18 /home/e2/intelFPGA_lite/20.1/nios2eds/bin/gnu/H-x86_64-pc-linux-gnu/bin/../lib/gcc/nios2-elf/10.1.1/../../../../../H-x86_64-pc-linux-gnu/nios2-elf/lib/mno-hw-mul/libsmallc.a(lib_a-vfprintf.o)
                0x0000000000008e90                __vfprintf_internal
 .text          0x0000000000008ea8        0x0 /home/e2/intelFPGA_lite/20.1/nios2eds/bin/gnu/H-x86_64-pc-linux-gnu/bin/../lib/gcc/nios2-elf/10.1.1/../../../../../H-x86_64-pc-linux-gnu/nios2-elf/lib/mno-hw-mul/libsmallc.a(lib_a-fvwrite_small_dev.o)
 .text.__sfvwrite_small_dev
                0x0000000000008ea8       0xa8 /home/e2/intelFPGA_lite/20.1/nios2eds/bin/gnu/H-x86_64-pc-linux-gnu/bin/../lib/gcc/nios2-elf/10.1.1/../../../../../H-x86_64-pc-linux-gnu/nios2-elf/lib/mno-hw-mul/libsmallc.a(lib_a-fvwrite_small_dev.o)
                0x0000000000008ea8                __sfvwrite_small_dev
 .text          0x0000000000008f50        0x0 /home/e2/intelFPGA_lite/20.1/nios2eds/bin/gnu/H-x86_64-pc-linux-gnu/bin/../lib/gcc/nios2-elf/10.1.1/../../../../../H-x86_64-pc-linux-gnu/nios2-elf/lib/mno-hw-mul/libsmallc.a(lib_a-impure.o)
 .text          0x0000000000008f50        0x0 /home/e2/intelFPGA_lite/20.1/nios2eds/bin/gnu/H-x86_64-pc-linux-gnu/bin/../lib/gcc/nios2-elf/10.1.1/../../../../../H-x86_64-pc-linux-gnu/nios2-elf/lib/mno-hw-mul/libsmallc.a(lib_a-putc.o)
 .text.putc     0x0000000000008f50       0x50 /home/e2/intelFPGA_lite/20.1/nios2eds/bin/gnu/H-x86_64-pc-linux-gnu/bin/../lib/gcc/nios2-elf/10.1.1/../../../../../H-x86_64-pc-linux-gnu/nios2-elf/lib/mno-hw-mul/libsmallc.a(lib_a-putc.o)
                0x0000000000008f50                putc
 .text._putc_r  0x0000000000008fa0       0x54 /home/e2/intelFPGA_lite/20.1/nios2eds/bin/gnu/H-x86_64-pc-linux-gnu/bin/../lib/gcc/nios2-elf/10.1.1/../../../../../H-x86_64-pc-linux-gnu/nios2-elf/lib/mno-hw-mul/libsmallc.a(lib_a-putc.o)
                0x0000000000008fa0                _putc_r
 .text          0x0000000000008ff4        0x0 /home/e2/intelFPGA_lite/20.1/nios2eds/bin/gnu/H-x86_64-pc-linux-gnu/bin/../lib/gcc/nios2-elf/10.1.1/../../../../../H-x86_64-pc-linux-gnu/nios2-elf/lib/mno-hw-mul/libsmallc.a(lib_a-writer.o)
 .text._write_r
                0x0000000000008ff4       0x50 /home/e2/intelFPGA_lite/20.1/nios2eds/bin/gnu/H-x86_64-pc-linux-gnu/bin/../lib/gcc/nios2-elf/10.1.1/../../../../../H-x86_64-pc-linux-gnu/nios2-elf/lib/mno-hw-mul/libsmallc.a(lib_a-writer.o)
                0x0000000000008ff4                _write_r
 .text          0x0000000000009044        0x0 /home/e2/intelFPGA_lite/20.1/nios2eds/bin/gnu/H-x86_64-pc-linux-gnu/bin/../lib/gcc/nios2-elf/10.1.1/../../../../../H-x86_64-pc-linux-gnu/nios2-elf/lib/mno-hw-mul/libsmallc.a(lib_a-int_errno.o)
 .text          0x0000000000009044       0x28 /home/e2/intelFPGA_lite/20.1/nios2eds/bin/gnu/H-x86_64-pc-linux-gnu/bin/../lib/gcc/nios2-elf/10.1.1/mno-hw-mul/libgcc.a(lib2-mul.o)
                0x0000000000009044                __mulsi3
 .text          0x000000000000906c       0xec ../binary_counter_bsp//libhal_bsp.a(alt_load.o)
                0x00000000000090d4                alt_load
 .text          0x0000000000009158       0x6c ../binary_counter_bsp//libhal_bsp.a(alt_main.o)
                0x0000000000009158                alt_main
 .text          0x00000000000091c4       0x30 ../binary_counter_bsp//libhal_bsp.a(alt_usleep.o)
                0x00000000000091c4                usleep
 .text          0x00000000000091f4      0x140 ../binary_counter_bsp//libhal_bsp.a(alt_write.o)
                0x0000000000009230                write
 .text          0x0000000000009334       0xc0 ../binary_counter_bsp//libhal_bsp.a(alt_sys_init.o)
                0x0000000000009368                alt_irq_init
                0x00000000000093a4                alt_sys_init
 .text          0x00000000000093f4       0xc0 ../binary_counter_bsp//libhal_bsp.a(altera_avalon_jtag_uart_fd.o)
                0x00000000000093f4                altera_avalon_jtag_uart_read_fd
                0x0000000000009454                altera_avalon_jtag_uart_write_fd
 .text          0x00000000000094b4       0xec ../binary_counter_bsp//libhal_bsp.a(altera_avalon_jtag_uart_read.o)
                0x00000000000094b4                altera_avalon_jtag_uart_read
 .text          0x00000000000095a0       0x94 ../binary_counter_bsp//libhal_bsp.a(altera_avalon_jtag_uart_write.o)
                0x00000000000095a0                altera_avalon_jtag_uart_write
 .text          0x0000000000009634      0x100 ../binary_counter_bsp//libhal_bsp.a(altera_avalon_timer_sc.o)
                0x00000000000096b0                alt_avalon_timer_sc_init
 .text          0x0000000000009734      0x158 ../binary_counter_bsp//libhal_bsp.a(alt_busy_sleep.o)
                0x0000000000009734                alt_busy_sleep
 .text          0x000000000000988c      0x118 ../binary_counter_bsp//libhal_bsp.a(alt_close.o)
                0x00000000000098c8                close
 .text          0x00000000000099a4       0x4c ../binary_counter_bsp//libhal_bsp.a(alt_dcache_flush_all.o)
                0x00000000000099a4                alt_dcache_flush_all
 .text          0x00000000000099f0       0x2c ../binary_counter_bsp//libhal_bsp.a(alt_dev.o)
 .text          0x0000000000009a1c       0xe4 ../binary_counter_bsp//libhal_bsp.a(alt_dev_llist_insert.o)
                0x0000000000009a58                alt_dev_llist_insert
 .text          0x0000000000009b00        0x0 ../binary_counter_bsp//libhal_bsp.a(alt_errno.o)
 .text          0x0000000000009b00       0x34 ../binary_counter_bsp//libhal_bsp.a(alt_icache_flush_all.o)
                0x0000000000009b00                alt_icache_flush_all
 .text          0x0000000000009b34      0x1b0 ../binary_counter_bsp//libhal_bsp.a(alt_iic.o)
                0x0000000000009b34                alt_ic_isr_register
                0x0000000000009b84                alt_ic_irq_enable
                0x0000000000009c0c                alt_ic_irq_disable
                0x0000000000009c98                alt_ic_irq_enabled
 .text          0x0000000000009ce4       0xe8 ../binary_counter_bsp//libhal_bsp.a(alt_iic_isr_register.o)
                0x0000000000009ce4                alt_iic_isr_register
 .text          0x0000000000009dcc      0x150 ../binary_counter_bsp//libhal_bsp.a(alt_io_redirect.o)
                0x0000000000009ea0                alt_io_redirect
 .text          0x0000000000009f1c        0x0 ../binary_counter_bsp//libhal_bsp.a(alt_irq_entry.o)
 .text          0x0000000000009f1c        0x0 ../binary_counter_bsp//libhal_bsp.a(alt_irq_handler.o)
 .text          0x0000000000009f1c        0x0 ../binary_counter_bsp//libhal_bsp.a(alt_irq_vars.o)
 .text          0x0000000000009f1c      0x278 ../binary_counter_bsp//libhal_bsp.a(alt_open.o)
                0x000000000000a034                open
 .text          0x000000000000a194       0x70 ../binary_counter_bsp//libhal_bsp.a(alt_release_fd.o)
                0x000000000000a194                alt_release_fd
 .text          0x000000000000a204      0x1ac ../binary_counter_bsp//libhal_bsp.a(alt_tick.o)
                0x000000000000a204                alt_alarm_stop
                0x000000000000a2a8                alt_tick
 .text          0x000000000000a3b0       0x24 ../binary_counter_bsp//libhal_bsp.a(altera_nios2_gen2_irq.o)
                0x000000000000a3b0                altera_nios2_gen2_irq_init
 .text          0x000000000000a3d4        0x0 ../binary_counter_bsp//libhal_bsp.a(alt_exception_entry.o)
 .text          0x000000000000a3d4       0x90 ../binary_counter_bsp//libhal_bsp.a(alt_find_dev.o)
                0x000000000000a3d4                alt_find_dev
 .text          0x000000000000a464      0x108 ../binary_counter_bsp//libhal_bsp.a(alt_find_file.o)
                0x000000000000a464                alt_find_file
 .text          0x000000000000a56c       0xb8 ../binary_counter_bsp//libhal_bsp.a(alt_get_fd.o)
                0x000000000000a56c                alt_get_fd
 .text          0x000000000000a624       0x90 ../binary_counter_bsp//libhal_bsp.a(alt_icache_flush.o)
                0x000000000000a624                alt_icache_flush
 .text          0x000000000000a6b4       0x98 ../binary_counter_bsp//libhal_bsp.a(alt_instruction_exception_entry.o)
                0x000000000000a6b4                alt_exception_cause_generated_bad_addr
 .text          0x000000000000a74c        0x0 /home/e2/intelFPGA_lite/20.1/nios2eds/bin/gnu/H-x86_64-pc-linux-gnu/bin/../lib/gcc/nios2-elf/10.1.1/../../../../../H-x86_64-pc-linux-gnu/nios2-elf/lib/mno-hw-mul/libsmallc.a(lib_a-exit.o)
 .text.exit     0x000000000000a74c       0x20 /home/e2/intelFPGA_lite/20.1/nios2eds/bin/gnu/H-x86_64-pc-linux-gnu/bin/../lib/gcc/nios2-elf/10.1.1/../../../../../H-x86_64-pc-linux-gnu/nios2-elf/lib/mno-hw-mul/libsmallc.a(lib_a-exit.o)
                0x000000000000a74c                exit
 .text          0x000000000000a76c        0x0 /home/e2/intelFPGA_lite/20.1/nios2eds/bin/gnu/H-x86_64-pc-linux-gnu/bin/../lib/gcc/nios2-elf/10.1.1/../../../../../H-x86_64-pc-linux-gnu/nios2-elf/lib/mno-hw-mul/libsmallc.a(lib_a-memcmp.o)
 .text.memcmp   0x000000000000a76c       0x30 /home/e2/intelFPGA_lite/20.1/nios2eds/bin/gnu/H-x86_64-pc-linux-gnu/bin/../lib/gcc/nios2-elf/10.1.1/../../../../../H-x86_64-pc-linux-gnu/nios2-elf/lib/mno-hw-mul/libsmallc.a(lib_a-memcmp.o)
                0x000000000000a76c                memcmp
 .text          0x000000000000a79c        0x0 /home/e2/intelFPGA_lite/20.1/nios2eds/bin/gnu/H-x86_64-pc-linux-gnu/bin/../lib/gcc/nios2-elf/10.1.1/../../../../../H-x86_64-pc-linux-gnu/nios2-elf/lib/mno-hw-mul/libsmallc.a(lib_a-__call_atexit.o)
 .text.__call_exitprocs
                0x000000000000a79c      0x12c /home/e2/intelFPGA_lite/20.1/nios2eds/bin/gnu/H-x86_64-pc-linux-gnu/bin/../lib/gcc/nios2-elf/10.1.1/../../../../../H-x86_64-pc-linux-gnu/nios2-elf/lib/mno-hw-mul/libsmallc.a(lib_a-__call_atexit.o)
                0x000000000000a79c                __call_exitprocs
 .text          0x000000000000a8c8       0x38 ../binary_counter_bsp//libhal_bsp.a(alt_exit.o)
                0x000000000000a8c8                _exit
 *(.gnu.warning.*)
 *(.fini)
                [!provide]                        PROVIDE (__etext = ABSOLUTE (.))
                [!provide]                        PROVIDE (_etext = ABSOLUTE (.))
                [!provide]                        PROVIDE (etext = ABSOLUTE (.))
 *(.eh_frame_hdr)
                0x000000000000a900                . = ALIGN (0x4)
                [!provide]                        PROVIDE (__preinit_array_start = ABSOLUTE (.))
 *(.preinit_array)
                [!provide]                        PROVIDE (__preinit_array_end = ABSOLUTE (.))
                [!provide]                        PROVIDE (__init_array_start = ABSOLUTE (.))
 *(.init_array)
                [!provide]                        PROVIDE (__init_array_end = ABSOLUTE (.))
                [!provide]                        PROVIDE (__fini_array_start = ABSOLUTE (.))
 *(.fini_array)
                [!provide]                        PROVIDE (__fini_array_end = ABSOLUTE (.))
 *(.eh_frame)
 *(.gcc_except_table .gcc_except_table.*)
 *(.dynamic)
                [!provide]                        PROVIDE (__CTOR_LIST__ = ABSOLUTE (.))
 *(.ctors)
 *(SORT_BY_NAME(.ctors.*))
                [!provide]                        PROVIDE (__CTOR_END__ = ABSOLUTE (.))
                [!provide]                        PROVIDE (__DTOR_LIST__ = ABSOLUTE (.))
 *(.dtors)
 *(SORT_BY_NAME(.dtors.*))
                [!provide]                        PROVIDE (__DTOR_END__ = ABSOLUTE (.))
 *(.jcr)
                0x000000000000a900                . = ALIGN (0x4)

.rodata         0x000000000000a900      0x110
                0x000000000000a900                PROVIDE (__ram_rodata_start = ABSOLUTE (.))
                0x000000000000a900                . = ALIGN (0x4)
 *(.rodata .rodata.* .gnu.linkonce.r.*)
 .rodata        0x000000000000a900       0xdf obj/default/count_binary.o
 *fill*         0x000000000000a9df        0x1 
 .rodata._puts_r.str1.4
                0x000000000000a9e0        0x2 /home/e2/intelFPGA_lite/20.1/nios2eds/bin/gnu/H-x86_64-pc-linux-gnu/bin/../lib/gcc/nios2-elf/10.1.1/../../../../../H-x86_64-pc-linux-gnu/nios2-elf/lib/mno-hw-mul/libsmallc.a(lib_a-puts.o)
 *fill*         0x000000000000a9e2        0x2 
 .rodata        0x000000000000a9e4        0xf ../binary_counter_bsp//libhal_bsp.a(alt_main.o)
 *fill*         0x000000000000a9f3        0x1 
 .rodata        0x000000000000a9f4        0xf ../binary_counter_bsp//libhal_bsp.a(alt_sys_init.o)
 *fill*         0x000000000000aa03        0x1 
 .rodata        0x000000000000aa04        0xa ../binary_counter_bsp//libhal_bsp.a(alt_dev.o)
 *(.rodata1)
                0x000000000000aa10                . = ALIGN (0x4)
 *fill*         0x000000000000aa0e        0x2 
                0x000000000000aa10                PROVIDE (__ram_rodata_end = ABSOLUTE (.))
                0x000000000000a900                PROVIDE (__flash_rodata_start = LOADADDR (.rodata))

.rwdata         0x000000000000aa10      0x2e4 load address 0x000000000000acf4
                0x000000000000aa10                PROVIDE (__ram_rwdata_start = ABSOLUTE (.))
                0x000000000000aa10                . = ALIGN (0x4)
 *(.got.plt)
 *(.got)
 *(.data1)
 *(.data .data.* .gnu.linkonce.d.*)
 .data          0x000000000000aa10        0x0 ../binary_counter_bsp//obj/HAL/src/crt0.o
 .data          0x000000000000aa10        0x0 obj/default/count_binary.o
 .data          0x000000000000aa10        0x0 /home/e2/intelFPGA_lite/20.1/nios2eds/bin/gnu/H-x86_64-pc-linux-gnu/bin/../lib/gcc/nios2-elf/10.1.1/mno-hw-mul/libgcc.a(lib2-divmod.o)
 .data          0x000000000000aa10        0x0 /home/e2/intelFPGA_lite/20.1/nios2eds/bin/gnu/H-x86_64-pc-linux-gnu/bin/../lib/gcc/nios2-elf/10.1.1/../../../../../H-x86_64-pc-linux-gnu/nios2-elf/lib/mno-hw-mul/libsmallc.a(lib_a-printf.o)
 .data          0x000000000000aa10        0x0 /home/e2/intelFPGA_lite/20.1/nios2eds/bin/gnu/H-x86_64-pc-linux-gnu/bin/../lib/gcc/nios2-elf/10.1.1/../../../../../H-x86_64-pc-linux-gnu/nios2-elf/lib/mno-hw-mul/libsmallc.a(lib_a-putchar.o)
 .data          0x000000000000aa10        0x0 /home/e2/intelFPGA_lite/20.1/nios2eds/bin/gnu/H-x86_64-pc-linux-gnu/bin/../lib/gcc/nios2-elf/10.1.1/../../../../../H-x86_64-pc-linux-gnu/nios2-elf/lib/mno-hw-mul/libsmallc.a(lib_a-puts.o)
 .data          0x000000000000aa10        0x0 /home/e2/intelFPGA_lite/20.1/nios2eds/bin/gnu/H-x86_64-pc-linux-gnu/bin/../lib/gcc/nios2-elf/10.1.1/../../../../../H-x86_64-pc-linux-gnu/nios2-elf/lib/mno-hw-mul/libsmallc.a(lib_a-strlen.o)
 .data          0x000000000000aa10        0x0 /home/e2/intelFPGA_lite/20.1/nios2eds/bin/gnu/H-x86_64-pc-linux-gnu/bin/../lib/gcc/nios2-elf/10.1.1/../../../../../H-x86_64-pc-linux-gnu/nios2-elf/lib/mno-hw-mul/libsmallc.a(lib_a-vfprintf.o)
 .data          0x000000000000aa10        0x0 /home/e2/intelFPGA_lite/20.1/nios2eds/bin/gnu/H-x86_64-pc-linux-gnu/bin/../lib/gcc/nios2-elf/10.1.1/../../../../../H-x86_64-pc-linux-gnu/nios2-elf/lib/mno-hw-mul/libsmallc.a(lib_a-fvwrite_small_dev.o)
 .data          0x000000000000aa10        0x0 /home/e2/intelFPGA_lite/20.1/nios2eds/bin/gnu/H-x86_64-pc-linux-gnu/bin/../lib/gcc/nios2-elf/10.1.1/../../../../../H-x86_64-pc-linux-gnu/nios2-elf/lib/mno-hw-mul/libsmallc.a(lib_a-impure.o)
 .data.impure_data
                0x000000000000aa10       0xe4 /home/e2/intelFPGA_lite/20.1/nios2eds/bin/gnu/H-x86_64-pc-linux-gnu/bin/../lib/gcc/nios2-elf/10.1.1/../../../../../H-x86_64-pc-linux-gnu/nios2-elf/lib/mno-hw-mul/libsmallc.a(lib_a-impure.o)
 .data          0x000000000000aaf4        0x0 /home/e2/intelFPGA_lite/20.1/nios2eds/bin/gnu/H-x86_64-pc-linux-gnu/bin/../lib/gcc/nios2-elf/10.1.1/../../../../../H-x86_64-pc-linux-gnu/nios2-elf/lib/mno-hw-mul/libsmallc.a(lib_a-putc.o)
 .data          0x000000000000aaf4        0x0 /home/e2/intelFPGA_lite/20.1/nios2eds/bin/gnu/H-x86_64-pc-linux-gnu/bin/../lib/gcc/nios2-elf/10.1.1/../../../../../H-x86_64-pc-linux-gnu/nios2-elf/lib/mno-hw-mul/libsmallc.a(lib_a-writer.o)
 .data          0x000000000000aaf4        0x0 /home/e2/intelFPGA_lite/20.1/nios2eds/bin/gnu/H-x86_64-pc-linux-gnu/bin/../lib/gcc/nios2-elf/10.1.1/../../../../../H-x86_64-pc-linux-gnu/nios2-elf/lib/mno-hw-mul/libsmallc.a(lib_a-int_errno.o)
 .data          0x000000000000aaf4        0x0 /home/e2/intelFPGA_lite/20.1/nios2eds/bin/gnu/H-x86_64-pc-linux-gnu/bin/../lib/gcc/nios2-elf/10.1.1/mno-hw-mul/libgcc.a(lib2-mul.o)
 .data          0x000000000000aaf4        0x0 ../binary_counter_bsp//libhal_bsp.a(alt_load.o)
 .data          0x000000000000aaf4        0x0 ../binary_counter_bsp//libhal_bsp.a(alt_main.o)
 .data          0x000000000000aaf4        0x0 ../binary_counter_bsp//libhal_bsp.a(alt_usleep.o)
 .data          0x000000000000aaf4        0x0 ../binary_counter_bsp//libhal_bsp.a(alt_write.o)
 .data          0x000000000000aaf4       0x2c ../binary_counter_bsp//libhal_bsp.a(alt_sys_init.o)
 .data          0x000000000000ab20        0x0 ../binary_counter_bsp//libhal_bsp.a(altera_avalon_jtag_uart_fd.o)
 .data          0x000000000000ab20        0x0 ../binary_counter_bsp//libhal_bsp.a(altera_avalon_jtag_uart_read.o)
 .data          0x000000000000ab20        0x0 ../binary_counter_bsp//libhal_bsp.a(altera_avalon_jtag_uart_write.o)
 .data          0x000000000000ab20        0x0 ../binary_counter_bsp//libhal_bsp.a(altera_avalon_timer_sc.o)
 .data          0x000000000000ab20        0x0 ../binary_counter_bsp//libhal_bsp.a(alt_busy_sleep.o)
 .data          0x000000000000ab20        0x0 ../binary_counter_bsp//libhal_bsp.a(alt_close.o)
 .data          0x000000000000ab20        0x0 ../binary_counter_bsp//libhal_bsp.a(alt_dcache_flush_all.o)
 .data          0x000000000000ab20      0x1a8 ../binary_counter_bsp//libhal_bsp.a(alt_dev.o)
                0x000000000000ab20                alt_dev_null
                0x000000000000ab48                alt_fd_list
 .data          0x000000000000acc8        0x0 ../binary_counter_bsp//libhal_bsp.a(alt_dev_llist_insert.o)
 .data          0x000000000000acc8        0x0 ../binary_counter_bsp//libhal_bsp.a(alt_errno.o)
 .data          0x000000000000acc8        0x0 ../binary_counter_bsp//libhal_bsp.a(alt_icache_flush_all.o)
 .data          0x000000000000acc8        0x0 ../binary_counter_bsp//libhal_bsp.a(alt_iic.o)
 .data          0x000000000000acc8        0x0 ../binary_counter_bsp//libhal_bsp.a(alt_iic_isr_register.o)
 .data          0x000000000000acc8        0x0 ../binary_counter_bsp//libhal_bsp.a(alt_io_redirect.o)
 .data          0x000000000000acc8        0x0 ../binary_counter_bsp//libhal_bsp.a(alt_irq_entry.o)
 .data          0x000000000000acc8        0x0 ../binary_counter_bsp//libhal_bsp.a(alt_irq_handler.o)
 .data          0x000000000000acc8        0x0 ../binary_counter_bsp//libhal_bsp.a(alt_irq_vars.o)
 .data          0x000000000000acc8        0x0 ../binary_counter_bsp//libhal_bsp.a(alt_open.o)
 .data          0x000000000000acc8        0x0 ../binary_counter_bsp//libhal_bsp.a(alt_release_fd.o)
 .data          0x000000000000acc8        0x0 ../binary_counter_bsp//libhal_bsp.a(alt_tick.o)
 .data          0x000000000000acc8        0x0 ../binary_counter_bsp//libhal_bsp.a(altera_nios2_gen2_irq.o)
 .data          0x000000000000acc8        0x0 ../binary_counter_bsp//libhal_bsp.a(alt_exception_entry.o)
 .data          0x000000000000acc8        0x0 ../binary_counter_bsp//libhal_bsp.a(alt_find_dev.o)
 .data          0x000000000000acc8        0x0 ../binary_counter_bsp//libhal_bsp.a(alt_find_file.o)
 .data          0x000000000000acc8        0x0 ../binary_counter_bsp//libhal_bsp.a(alt_get_fd.o)
 .data          0x000000000000acc8        0x0 ../binary_counter_bsp//libhal_bsp.a(alt_icache_flush.o)
 .data          0x000000000000acc8        0x0 ../binary_counter_bsp//libhal_bsp.a(alt_instruction_exception_entry.o)
 .data          0x000000000000acc8        0x0 /home/e2/intelFPGA_lite/20.1/nios2eds/bin/gnu/H-x86_64-pc-linux-gnu/bin/../lib/gcc/nios2-elf/10.1.1/../../../../../H-x86_64-pc-linux-gnu/nios2-elf/lib/mno-hw-mul/libsmallc.a(lib_a-exit.o)
 .data          0x000000000000acc8        0x0 /home/e2/intelFPGA_lite/20.1/nios2eds/bin/gnu/H-x86_64-pc-linux-gnu/bin/../lib/gcc/nios2-elf/10.1.1/../../../../../H-x86_64-pc-linux-gnu/nios2-elf/lib/mno-hw-mul/libsmallc.a(lib_a-memcmp.o)
 .data          0x000000000000acc8        0x0 /home/e2/intelFPGA_lite/20.1/nios2eds/bin/gnu/H-x86_64-pc-linux-gnu/bin/../lib/gcc/nios2-elf/10.1.1/../../../../../H-x86_64-pc-linux-gnu/nios2-elf/lib/mno-hw-mul/libsmallc.a(lib_a-__call_atexit.o)
 .data          0x000000000000acc8        0x0 ../binary_counter_bsp//libhal_bsp.a(alt_exit.o)
                0x0000000000012cc8                _gp = ABSOLUTE ((. + 0x8000))
                [!provide]                        PROVIDE (gp = _gp)
 *(.rwdata .rwdata.*)
 *(.sdata .sdata.* .gnu.linkonce.s.*)
 .sdata._global_impure_ptr
                0x000000000000acc8        0x4 /home/e2/intelFPGA_lite/20.1/nios2eds/bin/gnu/H-x86_64-pc-linux-gnu/bin/../lib/gcc/nios2-elf/10.1.1/../../../../../H-x86_64-pc-linux-gnu/nios2-elf/lib/mno-hw-mul/libsmallc.a(lib_a-impure.o)
                0x000000000000acc8                _global_impure_ptr
 .sdata._impure_ptr
                0x000000000000accc        0x4 /home/e2/intelFPGA_lite/20.1/nios2eds/bin/gnu/H-x86_64-pc-linux-gnu/bin/../lib/gcc/nios2-elf/10.1.1/../../../../../H-x86_64-pc-linux-gnu/nios2-elf/lib/mno-hw-mul/libsmallc.a(lib_a-impure.o)
                0x000000000000accc                _impure_ptr
 .sdata         0x000000000000acd0       0x14 ../binary_counter_bsp//libhal_bsp.a(alt_dev.o)
                0x000000000000acd0                alt_fs_list
                0x000000000000acd8                alt_dev_list
                0x000000000000ace0                alt_max_fd
 .sdata         0x000000000000ace4        0x4 ../binary_counter_bsp//libhal_bsp.a(alt_errno.o)
                0x000000000000ace4                alt_errno
 .sdata         0x000000000000ace8        0x4 ../binary_counter_bsp//libhal_bsp.a(alt_irq_vars.o)
                0x000000000000ace8                alt_priority_mask
 .sdata         0x000000000000acec        0x8 ../binary_counter_bsp//libhal_bsp.a(alt_tick.o)
                0x000000000000acec                alt_alarm_list
 *(.sdata2 .sdata2.* .gnu.linkonce.s2.*)
                0x000000000000acf4                . = ALIGN (0x4)
                0x000000000000acf4                _edata = ABSOLUTE (.)
                [!provide]                        PROVIDE (edata = ABSOLUTE (.))
                0x000000000000acf4                PROVIDE (__ram_rwdata_end = ABSOLUTE (.))
                0x000000000000acf4                PROVIDE (__flash_rwdata_start = LOADADDR (.rwdata))

.bss            0x000000000000afd8      0x128
                0x000000000000afd8                __bss_start = ABSOLUTE (.)
                [!provide]                        PROVIDE (__sbss_start = ABSOLUTE (.))
                [!provide]                        PROVIDE (___sbss_start = ABSOLUTE (.))
 *(.dynsbss)
 *(.sbss .sbss.* .gnu.linkonce.sb.*)
 .sbss          0x000000000000afd8        0x8 obj/default/count_binary.o
                0x000000000000afdc                edge_capture
 .sbss.errno    0x000000000000afe0        0x4 /home/e2/intelFPGA_lite/20.1/nios2eds/bin/gnu/H-x86_64-pc-linux-gnu/bin/../lib/gcc/nios2-elf/10.1.1/../../../../../H-x86_64-pc-linux-gnu/nios2-elf/lib/mno-hw-mul/libsmallc.a(lib_a-int_errno.o)
                0x000000000000afe0                errno
 .sbss          0x000000000000afe4        0xc ../binary_counter_bsp//libhal_bsp.a(alt_main.o)
                0x000000000000afe4                alt_argc
                0x000000000000afe8                alt_argv
                0x000000000000afec                alt_envp
 .sbss          0x000000000000aff0        0x4 ../binary_counter_bsp//libhal_bsp.a(alt_irq_vars.o)
                0x000000000000aff0                alt_irq_active
 .sbss          0x000000000000aff4        0x8 ../binary_counter_bsp//libhal_bsp.a(alt_tick.o)
                0x000000000000aff4                _alt_tick_rate
                0x000000000000aff8                _alt_nticks
 .sbss          0x000000000000affc        0x4 ../binary_counter_bsp//libhal_bsp.a(alt_instruction_exception_entry.o)
                0x000000000000affc                alt_instruction_exception_handler
 *(.sbss2 .sbss2.* .gnu.linkonce.sb2.*)
 *(.scommon)
                [!provide]                        PROVIDE (__sbss_end = ABSOLUTE (.))
                [!provide]                        PROVIDE (___sbss_end = ABSOLUTE (.))
 *(.dynbss)
 *(.bss .bss.* .gnu.linkonce.b.*)
 .bss           0x000000000000b000        0x0 ../binary_counter_bsp//obj/HAL/src/crt0.o
 .bss           0x000000000000b000        0x0 obj/default/count_binary.o
 .bss           0x000000000000b000        0x0 /home/e2/intelFPGA_lite/20.1/nios2eds/bin/gnu/H-x86_64-pc-linux-gnu/bin/../lib/gcc/nios2-elf/10.1.1/mno-hw-mul/libgcc.a(lib2-divmod.o)
 .bss           0x000000000000b000        0x0 /home/e2/intelFPGA_lite/20.1/nios2eds/bin/gnu/H-x86_64-pc-linux-gnu/bin/../lib/gcc/nios2-elf/10.1.1/../../../../../H-x86_64-pc-linux-gnu/nios2-elf/lib/mno-hw-mul/libsmallc.a(lib_a-printf.o)
 .bss           0x000000000000b000        0x0 /home/e2/intelFPGA_lite/20.1/nios2eds/bin/gnu/H-x86_64-pc-linux-gnu/bin/../lib/gcc/nios2-elf/10.1.1/../../../../../H-x86_64-pc-linux-gnu/nios2-elf/lib/mno-hw-mul/libsmallc.a(lib_a-putchar.o)
 .bss           0x000000000000b000        0x0 /home/e2/intelFPGA_lite/20.1/nios2eds/bin/gnu/H-x86_64-pc-linux-gnu/bin/../lib/gcc/nios2-elf/10.1.1/../../../../../H-x86_64-pc-linux-gnu/nios2-elf/lib/mno-hw-mul/libsmallc.a(lib_a-puts.o)
 .bss           0x000000000000b000        0x0 /home/e2/intelFPGA_lite/20.1/nios2eds/bin/gnu/H-x86_64-pc-linux-gnu/bin/../lib/gcc/nios2-elf/10.1.1/../../../../../H-x86_64-pc-linux-gnu/nios2-elf/lib/mno-hw-mul/libsmallc.a(lib_a-strlen.o)
 .bss           0x000000000000b000        0x0 /home/e2/intelFPGA_lite/20.1/nios2eds/bin/gnu/H-x86_64-pc-linux-gnu/bin/../lib/gcc/nios2-elf/10.1.1/../../../../../H-x86_64-pc-linux-gnu/nios2-elf/lib/mno-hw-mul/libsmallc.a(lib_a-vfprintf.o)
 .bss           0x000000000000b000        0x0 /home/e2/intelFPGA_lite/20.1/nios2eds/bin/gnu/H-x86_64-pc-linux-gnu/bin/../lib/gcc/nios2-elf/10.1.1/../../../../../H-x86_64-pc-linux-gnu/nios2-elf/lib/mno-hw-mul/libsmallc.a(lib_a-fvwrite_small_dev.o)
 .bss           0x000000000000b000        0x0 /home/e2/intelFPGA_lite/20.1/nios2eds/bin/gnu/H-x86_64-pc-linux-gnu/bin/../lib/gcc/nios2-elf/10.1.1/../../../../../H-x86_64-pc-linux-gnu/nios2-elf/lib/mno-hw-mul/libsmallc.a(lib_a-impure.o)
 .bss           0x000000000000b000        0x0 /home/e2/intelFPGA_lite/20.1/nios2eds/bin/gnu/H-x86_64-pc-linux-gnu/bin/../lib/gcc/nios2-elf/10.1.1/../../../../../H-x86_64-pc-linux-gnu/nios2-elf/lib/mno-hw-mul/libsmallc.a(lib_a-putc.o)
 .bss           0x000000000000b000        0x0 /home/e2/intelFPGA_lite/20.1/nios2eds/bin/gnu/H-x86_64-pc-linux-gnu/bin/../lib/gcc/nios2-elf/10.1.1/../../../../../H-x86_64-pc-linux-gnu/nios2-elf/lib/mno-hw-mul/libsmallc.a(lib_a-writer.o)
 .bss           0x000000000000b000        0x0 /home/e2/intelFPGA_lite/20.1/nios2eds/bin/gnu/H-x86_64-pc-linux-gnu/bin/../lib/gcc/nios2-elf/10.1.1/../../../../../H-x86_64-pc-linux-gnu/nios2-elf/lib/mno-hw-mul/libsmallc.a(lib_a-int_errno.o)
 .bss           0x000000000000b000        0x0 /home/e2/intelFPGA_lite/20.1/nios2eds/bin/gnu/H-x86_64-pc-linux-gnu/bin/../lib/gcc/nios2-elf/10.1.1/mno-hw-mul/libgcc.a(lib2-mul.o)
 .bss           0x000000000000b000        0x0 ../binary_counter_bsp//libhal_bsp.a(alt_load.o)
 .bss           0x000000000000b000        0x0 ../binary_counter_bsp//libhal_bsp.a(alt_main.o)
 .bss           0x000000000000b000        0x0 ../binary_counter_bsp//libhal_bsp.a(alt_usleep.o)
 .bss           0x000000000000b000        0x0 ../binary_counter_bsp//libhal_bsp.a(alt_write.o)
 .bss           0x000000000000b000        0x0 ../binary_counter_bsp//libhal_bsp.a(alt_sys_init.o)
 .bss           0x000000000000b000        0x0 ../binary_counter_bsp//libhal_bsp.a(altera_avalon_jtag_uart_fd.o)
 .bss           0x000000000000b000        0x0 ../binary_counter_bsp//libhal_bsp.a(altera_avalon_jtag_uart_read.o)
 .bss           0x000000000000b000        0x0 ../binary_counter_bsp//libhal_bsp.a(altera_avalon_jtag_uart_write.o)
 .bss           0x000000000000b000        0x0 ../binary_counter_bsp//libhal_bsp.a(altera_avalon_timer_sc.o)
 .bss           0x000000000000b000        0x0 ../binary_counter_bsp//libhal_bsp.a(alt_busy_sleep.o)
 .bss           0x000000000000b000        0x0 ../binary_counter_bsp//libhal_bsp.a(alt_close.o)
 .bss           0x000000000000b000        0x0 ../binary_counter_bsp//libhal_bsp.a(alt_dcache_flush_all.o)
 .bss           0x000000000000b000        0x0 ../binary_counter_bsp//libhal_bsp.a(alt_dev.o)
 .bss           0x000000000000b000        0x0 ../binary_counter_bsp//libhal_bsp.a(alt_dev_llist_insert.o)
 .bss           0x000000000000b000        0x0 ../binary_counter_bsp//libhal_bsp.a(alt_errno.o)
 .bss           0x000000000000b000        0x0 ../binary_counter_bsp//libhal_bsp.a(alt_icache_flush_all.o)
 .bss           0x000000000000b000        0x0 ../binary_counter_bsp//libhal_bsp.a(alt_iic.o)
 .bss           0x000000000000b000        0x0 ../binary_counter_bsp//libhal_bsp.a(alt_iic_isr_register.o)
 .bss           0x000000000000b000        0x0 ../binary_counter_bsp//libhal_bsp.a(alt_io_redirect.o)
 .bss           0x000000000000b000        0x0 ../binary_counter_bsp//libhal_bsp.a(alt_irq_entry.o)
 .bss           0x000000000000b000      0x100 ../binary_counter_bsp//libhal_bsp.a(alt_irq_handler.o)
                0x000000000000b000                alt_irq
 .bss           0x000000000000b100        0x0 ../binary_counter_bsp//libhal_bsp.a(alt_irq_vars.o)
 .bss           0x000000000000b100        0x0 ../binary_counter_bsp//libhal_bsp.a(alt_open.o)
 .bss           0x000000000000b100        0x0 ../binary_counter_bsp//libhal_bsp.a(alt_release_fd.o)
 .bss           0x000000000000b100        0x0 ../binary_counter_bsp//libhal_bsp.a(alt_tick.o)
 .bss           0x000000000000b100        0x0 ../binary_counter_bsp//libhal_bsp.a(altera_nios2_gen2_irq.o)
 .bss           0x000000000000b100        0x0 ../binary_counter_bsp//libhal_bsp.a(alt_exception_entry.o)
 .bss           0x000000000000b100        0x0 ../binary_counter_bsp//libhal_bsp.a(alt_find_dev.o)
 .bss           0x000000000000b100        0x0 ../binary_counter_bsp//libhal_bsp.a(alt_find_file.o)
 .bss           0x000000000000b100        0x0 ../binary_counter_bsp//libhal_bsp.a(alt_get_fd.o)
 .bss           0x000000000000b100        0x0 ../binary_counter_bsp//libhal_bsp.a(alt_icache_flush.o)
 .bss           0x000000000000b100        0x0 ../binary_counter_bsp//libhal_bsp.a(alt_instruction_exception_entry.o)
 .bss           0x000000000000b100        0x0 /home/e2/intelFPGA_lite/20.1/nios2eds/bin/gnu/H-x86_64-pc-linux-gnu/bin/../lib/gcc/nios2-elf/10.1.1/../../../../../H-x86_64-pc-linux-gnu/nios2-elf/lib/mno-hw-mul/libsmallc.a(lib_a-exit.o)
 .bss           0x000000000000b100        0x0 /home/e2/intelFPGA_lite/20.1/nios2eds/bin/gnu/H-x86_64-pc-linux-gnu/bin/../lib/gcc/nios2-elf/10.1.1/../../../../../H-x86_64-pc-linux-gnu/nios2-elf/lib/mno-hw-mul/libsmallc.a(lib_a-memcmp.o)
 .bss           0x000000000000b100        0x0 /home/e2/intelFPGA_lite/20.1/nios2eds/bin/gnu/H-x86_64-pc-linux-gnu/bin/../lib/gcc/nios2-elf/10.1.1/../../../../../H-x86_64-pc-linux-gnu/nios2-elf/lib/mno-hw-mul/libsmallc.a(lib_a-__call_atexit.o)
 .bss           0x000000000000b100        0x0 ../binary_counter_bsp//libhal_bsp.a(alt_exit.o)
 *(COMMON)
                0x000000000000b100                . = ALIGN (0x4)
                0x000000000000b100                __bss_end = ABSOLUTE (.)

.onchip_mem     0x000000000000b100        0x0
                [!provide]                        PROVIDE (_alt_partition_onchip_mem_start = ABSOLUTE (.))
 *(.onchip_mem .onchip_mem. onchip_mem.*)
                0x000000000000b100                . = ALIGN (0x4)
                [!provide]                        PROVIDE (_alt_partition_onchip_mem_end = ABSOLUTE (.))
                0x000000000000b100                _end = ABSOLUTE (.)
                0x000000000000b100                end = ABSOLUTE (.)
                0x000000000000b100                __alt_stack_base = ABSOLUTE (.)
                [!provide]                        PROVIDE (_alt_partition_onchip_mem_load_addr = LOADADDR (.onchip_mem))

.stab
 *(.stab)

.stabstr
 *(.stabstr)

.stab.excl
 *(.stab.excl)

.stab.exclstr
 *(.stab.exclstr)

.stab.index
 *(.stab.index)

.stab.indexstr
 *(.stab.indexstr)

.comment        0x0000000000000000       0x2d
 *(.comment)
 .comment       0x0000000000000000       0x2d obj/default/count_binary.o
                                         0x2e (size before relaxing)
 .comment       0x000000000000002d       0x2e /home/e2/intelFPGA_lite/20.1/nios2eds/bin/gnu/H-x86_64-pc-linux-gnu/bin/../lib/gcc/nios2-elf/10.1.1/mno-hw-mul/libgcc.a(lib2-divmod.o)
 .comment       0x000000000000002d       0x2e /home/e2/intelFPGA_lite/20.1/nios2eds/bin/gnu/H-x86_64-pc-linux-gnu/bin/../lib/gcc/nios2-elf/10.1.1/../../../../../H-x86_64-pc-linux-gnu/nios2-elf/lib/mno-hw-mul/libsmallc.a(lib_a-printf.o)
 .comment       0x000000000000002d       0x2e /home/e2/intelFPGA_lite/20.1/nios2eds/bin/gnu/H-x86_64-pc-linux-gnu/bin/../lib/gcc/nios2-elf/10.1.1/../../../../../H-x86_64-pc-linux-gnu/nios2-elf/lib/mno-hw-mul/libsmallc.a(lib_a-putchar.o)
 .comment       0x000000000000002d       0x2e /home/e2/intelFPGA_lite/20.1/nios2eds/bin/gnu/H-x86_64-pc-linux-gnu/bin/../lib/gcc/nios2-elf/10.1.1/../../../../../H-x86_64-pc-linux-gnu/nios2-elf/lib/mno-hw-mul/libsmallc.a(lib_a-puts.o)
 .comment       0x000000000000002d       0x2e /home/e2/intelFPGA_lite/20.1/nios2eds/bin/gnu/H-x86_64-pc-linux-gnu/bin/../lib/gcc/nios2-elf/10.1.1/../../../../../H-x86_64-pc-linux-gnu/nios2-elf/lib/mno-hw-mul/libsmallc.a(lib_a-strlen.o)
 .comment       0x000000000000002d       0x2e /home/e2/intelFPGA_lite/20.1/nios2eds/bin/gnu/H-x86_64-pc-linux-gnu/bin/../lib/gcc/nios2-elf/10.1.1/../../../../../H-x86_64-pc-linux-gnu/nios2-elf/lib/mno-hw-mul/libsmallc.a(lib_a-vfprintf.o)
 .comment       0x000000000000002d       0x2e /home/e2/intelFPGA_lite/20.1/nios2eds/bin/gnu/H-x86_64-pc-linux-gnu/bin/../lib/gcc/nios2-elf/10.1.1/../../../../../H-x86_64-pc-linux-gnu/nios2-elf/lib/mno-hw-mul/libsmallc.a(lib_a-fvwrite_small_dev.o)
 .comment       0x000000000000002d       0x2e /home/e2/intelFPGA_lite/20.1/nios2eds/bin/gnu/H-x86_64-pc-linux-gnu/bin/../lib/gcc/nios2-elf/10.1.1/../../../../../H-x86_64-pc-linux-gnu/nios2-elf/lib/mno-hw-mul/libsmallc.a(lib_a-impure.o)
 .comment       0x000000000000002d       0x2e /home/e2/intelFPGA_lite/20.1/nios2eds/bin/gnu/H-x86_64-pc-linux-gnu/bin/../lib/gcc/nios2-elf/10.1.1/../../../../../H-x86_64-pc-linux-gnu/nios2-elf/lib/mno-hw-mul/libsmallc.a(lib_a-putc.o)
 .comment       0x000000000000002d       0x2e /home/e2/intelFPGA_lite/20.1/nios2eds/bin/gnu/H-x86_64-pc-linux-gnu/bin/../lib/gcc/nios2-elf/10.1.1/../../../../../H-x86_64-pc-linux-gnu/nios2-elf/lib/mno-hw-mul/libsmallc.a(lib_a-writer.o)
 .comment       0x000000000000002d       0x2e /home/e2/intelFPGA_lite/20.1/nios2eds/bin/gnu/H-x86_64-pc-linux-gnu/bin/../lib/gcc/nios2-elf/10.1.1/../../../../../H-x86_64-pc-linux-gnu/nios2-elf/lib/mno-hw-mul/libsmallc.a(lib_a-int_errno.o)
 .comment       0x000000000000002d       0x2e /home/e2/intelFPGA_lite/20.1/nios2eds/bin/gnu/H-x86_64-pc-linux-gnu/bin/../lib/gcc/nios2-elf/10.1.1/mno-hw-mul/libgcc.a(lib2-mul.o)
 .comment       0x000000000000002d       0x2e ../binary_counter_bsp//libhal_bsp.a(alt_load.o)
 .comment       0x000000000000002d       0x2e ../binary_counter_bsp//libhal_bsp.a(alt_main.o)
 .comment       0x000000000000002d       0x2e ../binary_counter_bsp//libhal_bsp.a(alt_usleep.o)
 .comment       0x000000000000002d       0x2e ../binary_counter_bsp//libhal_bsp.a(alt_write.o)
 .comment       0x000000000000002d       0x2e ../binary_counter_bsp//libhal_bsp.a(alt_sys_init.o)
 .comment       0x000000000000002d       0x2e ../binary_counter_bsp//libhal_bsp.a(altera_avalon_jtag_uart_fd.o)
 .comment       0x000000000000002d       0x2e ../binary_counter_bsp//libhal_bsp.a(altera_avalon_jtag_uart_read.o)
 .comment       0x000000000000002d       0x2e ../binary_counter_bsp//libhal_bsp.a(altera_avalon_jtag_uart_write.o)
 .comment       0x000000000000002d       0x2e ../binary_counter_bsp//libhal_bsp.a(altera_avalon_timer_sc.o)
 .comment       0x000000000000002d       0x2e ../binary_counter_bsp//libhal_bsp.a(alt_busy_sleep.o)
 .comment       0x000000000000002d       0x2e ../binary_counter_bsp//libhal_bsp.a(alt_close.o)
 .comment       0x000000000000002d       0x2e ../binary_counter_bsp//libhal_bsp.a(alt_dcache_flush_all.o)
 .comment       0x000000000000002d       0x2e ../binary_counter_bsp//libhal_bsp.a(alt_dev.o)
 .comment       0x000000000000002d       0x2e ../binary_counter_bsp//libhal_bsp.a(alt_dev_llist_insert.o)
 .comment       0x000000000000002d       0x2e ../binary_counter_bsp//libhal_bsp.a(alt_errno.o)
 .comment       0x000000000000002d       0x2e ../binary_counter_bsp//libhal_bsp.a(alt_icache_flush_all.o)
 .comment       0x000000000000002d       0x2e ../binary_counter_bsp//libhal_bsp.a(alt_iic.o)
 .comment       0x000000000000002d       0x2e ../binary_counter_bsp//libhal_bsp.a(alt_iic_isr_register.o)
 .comment       0x000000000000002d       0x2e ../binary_counter_bsp//libhal_bsp.a(alt_io_redirect.o)
 .comment       0x000000000000002d       0x2e ../binary_counter_bsp//libhal_bsp.a(alt_irq_handler.o)
 .comment       0x000000000000002d       0x2e ../binary_counter_bsp//libhal_bsp.a(alt_irq_vars.o)
 .comment       0x000000000000002d       0x2e ../binary_counter_bsp//libhal_bsp.a(alt_open.o)
 .comment       0x000000000000002d       0x2e ../binary_counter_bsp//libhal_bsp.a(alt_release_fd.o)
 .comment       0x000000000000002d       0x2e ../binary_counter_bsp//libhal_bsp.a(alt_tick.o)
 .comment       0x000000000000002d       0x2e ../binary_counter_bsp//libhal_bsp.a(altera_nios2_gen2_irq.o)
 .comment       0x000000000000002d       0x2e ../binary_counter_bsp//libhal_bsp.a(alt_find_dev.o)
 .comment       0x000000000000002d       0x2e ../binary_counter_bsp//libhal_bsp.a(alt_find_file.o)
 .comment       0x000000000000002d       0x2e ../binary_counter_bsp//libhal_bsp.a(alt_get_fd.o)
 .comment       0x000000000000002d       0x2e ../binary_counter_bsp//libhal_bsp.a(alt_icache_flush.o)
 .comment       0x000000000000002d       0x2e ../binary_counter_bsp//libhal_bsp.a(alt_instruction_exception_entry.o)
 .comment       0x000000000000002d       0x2e /home/e2/intelFPGA_lite/20.1/nios2eds/bin/gnu/H-x86_64-pc-linux-gnu/bin/../lib/gcc/nios2-elf/10.1.1/../../../../../H-x86_64-pc-linux-gnu/nios2-elf/lib/mno-hw-mul/libsmallc.a(lib_a-exit.o)
 .comment       0x000000000000002d       0x2e /home/e2/intelFPGA_lite/20.1/nios2eds/bin/gnu/H-x86_64-pc-linux-gnu/bin/../lib/gcc/nios2-elf/10.1.1/../../../../../H-x86_64-pc-linux-gnu/nios2-elf/lib/mno-hw-mul/libsmallc.a(lib_a-memcmp.o)
 .comment       0x000000000000002d       0x2e /home/e2/intelFPGA_lite/20.1/nios2eds/bin/gnu/H-x86_64-pc-linux-gnu/bin/../lib/gcc/nios2-elf/10.1.1/../../../../../H-x86_64-pc-linux-gnu/nios2-elf/lib/mno-hw-mul/libsmallc.a(lib_a-__call_atexit.o)
 .comment       0x000000000000002d       0x2e ../binary_counter_bsp//libhal_bsp.a(alt_exit.o)

.debug
 *(.debug)

.line
 *(.line)

.debug_srcinfo
 *(.debug_srcinfo)

.debug_sfnames
 *(.debug_sfnames)

.debug_aranges  0x0000000000000000      0x688
 *(.debug_aranges)
 .debug_aranges
                0x0000000000000000       0x28 ../binary_counter_bsp//obj/HAL/src/crt0.o
 .debug_aranges
                0x0000000000000028       0x20 obj/default/count_binary.o
 .debug_aranges
                0x0000000000000048       0x20 /home/e2/intelFPGA_lite/20.1/nios2eds/bin/gnu/H-x86_64-pc-linux-gnu/bin/../lib/gcc/nios2-elf/10.1.1/mno-hw-mul/libgcc.a(lib2-divmod.o)
 .debug_aranges
                0x0000000000000068       0x28 /home/e2/intelFPGA_lite/20.1/nios2eds/bin/gnu/H-x86_64-pc-linux-gnu/bin/../lib/gcc/nios2-elf/10.1.1/../../../../../H-x86_64-pc-linux-gnu/nios2-elf/lib/mno-hw-mul/libsmallc.a(lib_a-printf.o)
 .debug_aranges
                0x0000000000000090       0x28 /home/e2/intelFPGA_lite/20.1/nios2eds/bin/gnu/H-x86_64-pc-linux-gnu/bin/../lib/gcc/nios2-elf/10.1.1/../../../../../H-x86_64-pc-linux-gnu/nios2-elf/lib/mno-hw-mul/libsmallc.a(lib_a-putchar.o)
 .debug_aranges
                0x00000000000000b8       0x28 /home/e2/intelFPGA_lite/20.1/nios2eds/bin/gnu/H-x86_64-pc-linux-gnu/bin/../lib/gcc/nios2-elf/10.1.1/../../../../../H-x86_64-pc-linux-gnu/nios2-elf/lib/mno-hw-mul/libsmallc.a(lib_a-puts.o)
 .debug_aranges
                0x00000000000000e0       0x20 /home/e2/intelFPGA_lite/20.1/nios2eds/bin/gnu/H-x86_64-pc-linux-gnu/bin/../lib/gcc/nios2-elf/10.1.1/../../../../../H-x86_64-pc-linux-gnu/nios2-elf/lib/mno-hw-mul/libsmallc.a(lib_a-strlen.o)
 .debug_aranges
                0x0000000000000100       0x30 /home/e2/intelFPGA_lite/20.1/nios2eds/bin/gnu/H-x86_64-pc-linux-gnu/bin/../lib/gcc/nios2-elf/10.1.1/../../../../../H-x86_64-pc-linux-gnu/nios2-elf/lib/mno-hw-mul/libsmallc.a(lib_a-vfprintf.o)
 .debug_aranges
                0x0000000000000130       0x20 /home/e2/intelFPGA_lite/20.1/nios2eds/bin/gnu/H-x86_64-pc-linux-gnu/bin/../lib/gcc/nios2-elf/10.1.1/../../../../../H-x86_64-pc-linux-gnu/nios2-elf/lib/mno-hw-mul/libsmallc.a(lib_a-fvwrite_small_dev.o)
 .debug_aranges
                0x0000000000000150       0x18 /home/e2/intelFPGA_lite/20.1/nios2eds/bin/gnu/H-x86_64-pc-linux-gnu/bin/../lib/gcc/nios2-elf/10.1.1/../../../../../H-x86_64-pc-linux-gnu/nios2-elf/lib/mno-hw-mul/libsmallc.a(lib_a-impure.o)
 .debug_aranges
                0x0000000000000168       0x28 /home/e2/intelFPGA_lite/20.1/nios2eds/bin/gnu/H-x86_64-pc-linux-gnu/bin/../lib/gcc/nios2-elf/10.1.1/../../../../../H-x86_64-pc-linux-gnu/nios2-elf/lib/mno-hw-mul/libsmallc.a(lib_a-putc.o)
 .debug_aranges
                0x0000000000000190       0x20 /home/e2/intelFPGA_lite/20.1/nios2eds/bin/gnu/H-x86_64-pc-linux-gnu/bin/../lib/gcc/nios2-elf/10.1.1/../../../../../H-x86_64-pc-linux-gnu/nios2-elf/lib/mno-hw-mul/libsmallc.a(lib_a-writer.o)
 .debug_aranges
                0x00000000000001b0       0x18 /home/e2/intelFPGA_lite/20.1/nios2eds/bin/gnu/H-x86_64-pc-linux-gnu/bin/../lib/gcc/nios2-elf/10.1.1/../../../../../H-x86_64-pc-linux-gnu/nios2-elf/lib/mno-hw-mul/libsmallc.a(lib_a-int_errno.o)
 .debug_aranges
                0x00000000000001c8       0x20 /home/e2/intelFPGA_lite/20.1/nios2eds/bin/gnu/H-x86_64-pc-linux-gnu/bin/../lib/gcc/nios2-elf/10.1.1/mno-hw-mul/libgcc.a(lib2-mul.o)
 .debug_aranges
                0x00000000000001e8       0x20 ../binary_counter_bsp//libhal_bsp.a(alt_load.o)
 .debug_aranges
                0x0000000000000208       0x20 ../binary_counter_bsp//libhal_bsp.a(alt_main.o)
 .debug_aranges
                0x0000000000000228       0x20 ../binary_counter_bsp//libhal_bsp.a(alt_usleep.o)
 .debug_aranges
                0x0000000000000248       0x20 ../binary_counter_bsp//libhal_bsp.a(alt_write.o)
 .debug_aranges
                0x0000000000000268       0x20 ../binary_counter_bsp//libhal_bsp.a(alt_sys_init.o)
 .debug_aranges
                0x0000000000000288       0x20 ../binary_counter_bsp//libhal_bsp.a(altera_avalon_jtag_uart_fd.o)
 .debug_aranges
                0x00000000000002a8       0x20 ../binary_counter_bsp//libhal_bsp.a(altera_avalon_jtag_uart_read.o)
 .debug_aranges
                0x00000000000002c8       0x20 ../binary_counter_bsp//libhal_bsp.a(altera_avalon_jtag_uart_write.o)
 .debug_aranges
                0x00000000000002e8       0x20 ../binary_counter_bsp//libhal_bsp.a(altera_avalon_timer_sc.o)
 .debug_aranges
                0x0000000000000308       0x20 ../binary_counter_bsp//libhal_bsp.a(alt_busy_sleep.o)
 .debug_aranges
                0x0000000000000328       0x20 ../binary_counter_bsp//libhal_bsp.a(alt_close.o)
 .debug_aranges
                0x0000000000000348       0x20 ../binary_counter_bsp//libhal_bsp.a(alt_dcache_flush_all.o)
 .debug_aranges
                0x0000000000000368       0x20 ../binary_counter_bsp//libhal_bsp.a(alt_dev.o)
 .debug_aranges
                0x0000000000000388       0x20 ../binary_counter_bsp//libhal_bsp.a(alt_dev_llist_insert.o)
 .debug_aranges
                0x00000000000003a8       0x18 ../binary_counter_bsp//libhal_bsp.a(alt_errno.o)
 .debug_aranges
                0x00000000000003c0       0x20 ../binary_counter_bsp//libhal_bsp.a(alt_icache_flush_all.o)
 .debug_aranges
                0x00000000000003e0       0x20 ../binary_counter_bsp//libhal_bsp.a(alt_iic.o)
 .debug_aranges
                0x0000000000000400       0x20 ../binary_counter_bsp//libhal_bsp.a(alt_iic_isr_register.o)
 .debug_aranges
                0x0000000000000420       0x20 ../binary_counter_bsp//libhal_bsp.a(alt_io_redirect.o)
 .debug_aranges
                0x0000000000000440       0x30 ../binary_counter_bsp//libhal_bsp.a(alt_irq_entry.o)
 .debug_aranges
                0x0000000000000470       0x20 ../binary_counter_bsp//libhal_bsp.a(alt_irq_handler.o)
 .debug_aranges
                0x0000000000000490       0x18 ../binary_counter_bsp//libhal_bsp.a(alt_irq_vars.o)
 .debug_aranges
                0x00000000000004a8       0x20 ../binary_counter_bsp//libhal_bsp.a(alt_open.o)
 .debug_aranges
                0x00000000000004c8       0x20 ../binary_counter_bsp//libhal_bsp.a(alt_release_fd.o)
 .debug_aranges
                0x00000000000004e8       0x20 ../binary_counter_bsp//libhal_bsp.a(alt_tick.o)
 .debug_aranges
                0x0000000000000508       0x20 ../binary_counter_bsp//libhal_bsp.a(altera_nios2_gen2_irq.o)
 .debug_aranges
                0x0000000000000528       0x38 ../binary_counter_bsp//libhal_bsp.a(alt_exception_entry.o)
 .debug_aranges
                0x0000000000000560       0x20 ../binary_counter_bsp//libhal_bsp.a(alt_find_dev.o)
 .debug_aranges
                0x0000000000000580       0x20 ../binary_counter_bsp//libhal_bsp.a(alt_find_file.o)
 .debug_aranges
                0x00000000000005a0       0x20 ../binary_counter_bsp//libhal_bsp.a(alt_get_fd.o)
 .debug_aranges
                0x00000000000005c0       0x20 ../binary_counter_bsp//libhal_bsp.a(alt_icache_flush.o)
 .debug_aranges
                0x00000000000005e0       0x28 ../binary_counter_bsp//libhal_bsp.a(alt_instruction_exception_entry.o)
 .debug_aranges
                0x0000000000000608       0x20 /home/e2/intelFPGA_lite/20.1/nios2eds/bin/gnu/H-x86_64-pc-linux-gnu/bin/../lib/gcc/nios2-elf/10.1.1/../../../../../H-x86_64-pc-linux-gnu/nios2-elf/lib/mno-hw-mul/libsmallc.a(lib_a-exit.o)
 .debug_aranges
                0x0000000000000628       0x20 /home/e2/intelFPGA_lite/20.1/nios2eds/bin/gnu/H-x86_64-pc-linux-gnu/bin/../lib/gcc/nios2-elf/10.1.1/../../../../../H-x86_64-pc-linux-gnu/nios2-elf/lib/mno-hw-mul/libsmallc.a(lib_a-memcmp.o)
 .debug_aranges
                0x0000000000000648       0x20 /home/e2/intelFPGA_lite/20.1/nios2eds/bin/gnu/H-x86_64-pc-linux-gnu/bin/../lib/gcc/nios2-elf/10.1.1/../../../../../H-x86_64-pc-linux-gnu/nios2-elf/lib/mno-hw-mul/libsmallc.a(lib_a-__call_atexit.o)
 .debug_aranges
                0x0000000000000668       0x20 ../binary_counter_bsp//libhal_bsp.a(alt_exit.o)

.debug_pubnames
 *(.debug_pubnames)

.debug_info     0x0000000000000000     0x9ae0
 *(.debug_info .gnu.linkonce.wi.*)
 .debug_info    0x0000000000000000       0x22 ../binary_counter_bsp//obj/HAL/src/crt0.o
 .debug_info    0x0000000000000022      0xa71 obj/default/count_binary.o
 .debug_info    0x0000000000000a93      0x368 /home/e2/intelFPGA_lite/20.1/nios2eds/bin/gnu/H-x86_64-pc-linux-gnu/bin/../lib/gcc/nios2-elf/10.1.1/mno-hw-mul/libgcc.a(lib2-divmod.o)
 .debug_info    0x0000000000000dfb      0x72b /home/e2/intelFPGA_lite/20.1/nios2eds/bin/gnu/H-x86_64-pc-linux-gnu/bin/../lib/gcc/nios2-elf/10.1.1/../../../../../H-x86_64-pc-linux-gnu/nios2-elf/lib/mno-hw-mul/libsmallc.a(lib_a-printf.o)
 .debug_info    0x0000000000001526      0x6a5 /home/e2/intelFPGA_lite/20.1/nios2eds/bin/gnu/H-x86_64-pc-linux-gnu/bin/../lib/gcc/nios2-elf/10.1.1/../../../../../H-x86_64-pc-linux-gnu/nios2-elf/lib/mno-hw-mul/libsmallc.a(lib_a-putchar.o)
 .debug_info    0x0000000000001bcb      0x6ea /home/e2/intelFPGA_lite/20.1/nios2eds/bin/gnu/H-x86_64-pc-linux-gnu/bin/../lib/gcc/nios2-elf/10.1.1/../../../../../H-x86_64-pc-linux-gnu/nios2-elf/lib/mno-hw-mul/libsmallc.a(lib_a-puts.o)
 .debug_info    0x00000000000022b5       0xd0 /home/e2/intelFPGA_lite/20.1/nios2eds/bin/gnu/H-x86_64-pc-linux-gnu/bin/../lib/gcc/nios2-elf/10.1.1/../../../../../H-x86_64-pc-linux-gnu/nios2-elf/lib/mno-hw-mul/libsmallc.a(lib_a-strlen.o)
 .debug_info    0x0000000000002385      0xeb5 /home/e2/intelFPGA_lite/20.1/nios2eds/bin/gnu/H-x86_64-pc-linux-gnu/bin/../lib/gcc/nios2-elf/10.1.1/../../../../../H-x86_64-pc-linux-gnu/nios2-elf/lib/mno-hw-mul/libsmallc.a(lib_a-vfprintf.o)
 .debug_info    0x000000000000323a      0x6b3 /home/e2/intelFPGA_lite/20.1/nios2eds/bin/gnu/H-x86_64-pc-linux-gnu/bin/../lib/gcc/nios2-elf/10.1.1/../../../../../H-x86_64-pc-linux-gnu/nios2-elf/lib/mno-hw-mul/libsmallc.a(lib_a-fvwrite_small_dev.o)
 .debug_info    0x00000000000038ed      0x61e /home/e2/intelFPGA_lite/20.1/nios2eds/bin/gnu/H-x86_64-pc-linux-gnu/bin/../lib/gcc/nios2-elf/10.1.1/../../../../../H-x86_64-pc-linux-gnu/nios2-elf/lib/mno-hw-mul/libsmallc.a(lib_a-impure.o)
 .debug_info    0x0000000000003f0b      0x6f5 /home/e2/intelFPGA_lite/20.1/nios2eds/bin/gnu/H-x86_64-pc-linux-gnu/bin/../lib/gcc/nios2-elf/10.1.1/../../../../../H-x86_64-pc-linux-gnu/nios2-elf/lib/mno-hw-mul/libsmallc.a(lib_a-putc.o)
 .debug_info    0x0000000000004600      0x6b3 /home/e2/intelFPGA_lite/20.1/nios2eds/bin/gnu/H-x86_64-pc-linux-gnu/bin/../lib/gcc/nios2-elf/10.1.1/../../../../../H-x86_64-pc-linux-gnu/nios2-elf/lib/mno-hw-mul/libsmallc.a(lib_a-writer.o)
 .debug_info    0x0000000000004cb3       0x84 /home/e2/intelFPGA_lite/20.1/nios2eds/bin/gnu/H-x86_64-pc-linux-gnu/bin/../lib/gcc/nios2-elf/10.1.1/../../../../../H-x86_64-pc-linux-gnu/nios2-elf/lib/mno-hw-mul/libsmallc.a(lib_a-int_errno.o)
 .debug_info    0x0000000000004d37       0xcb /home/e2/intelFPGA_lite/20.1/nios2eds/bin/gnu/H-x86_64-pc-linux-gnu/bin/../lib/gcc/nios2-elf/10.1.1/mno-hw-mul/libgcc.a(lib2-mul.o)
 .debug_info    0x0000000000004e02      0x14d ../binary_counter_bsp//libhal_bsp.a(alt_load.o)
 .debug_info    0x0000000000004f4f       0xef ../binary_counter_bsp//libhal_bsp.a(alt_main.o)
 .debug_info    0x000000000000503e       0xb7 ../binary_counter_bsp//libhal_bsp.a(alt_usleep.o)
 .debug_info    0x00000000000050f5      0x55c ../binary_counter_bsp//libhal_bsp.a(alt_write.o)
 .debug_info    0x0000000000005651      0x3ba ../binary_counter_bsp//libhal_bsp.a(alt_sys_init.o)
 .debug_info    0x0000000000005a0b      0x398 ../binary_counter_bsp//libhal_bsp.a(altera_avalon_jtag_uart_fd.o)
 .debug_info    0x0000000000005da3      0x151 ../binary_counter_bsp//libhal_bsp.a(altera_avalon_jtag_uart_read.o)
 .debug_info    0x0000000000005ef4      0x132 ../binary_counter_bsp//libhal_bsp.a(altera_avalon_jtag_uart_write.o)
 .debug_info    0x0000000000006026      0x1d5 ../binary_counter_bsp//libhal_bsp.a(altera_avalon_timer_sc.o)
 .debug_info    0x00000000000061fb       0xd6 ../binary_counter_bsp//libhal_bsp.a(alt_busy_sleep.o)
 .debug_info    0x00000000000062d1      0x32c ../binary_counter_bsp//libhal_bsp.a(alt_close.o)
 .debug_info    0x00000000000065fd       0xa0 ../binary_counter_bsp//libhal_bsp.a(alt_dcache_flush_all.o)
 .debug_info    0x000000000000669d      0x57d ../binary_counter_bsp//libhal_bsp.a(alt_dev.o)
 .debug_info    0x0000000000006c1a      0x1b0 ../binary_counter_bsp//libhal_bsp.a(alt_dev_llist_insert.o)
 .debug_info    0x0000000000006dca       0x9d ../binary_counter_bsp//libhal_bsp.a(alt_errno.o)
 .debug_info    0x0000000000006e67       0x8c ../binary_counter_bsp//libhal_bsp.a(alt_icache_flush_all.o)
 .debug_info    0x0000000000006ef3      0x32c ../binary_counter_bsp//libhal_bsp.a(alt_iic.o)
 .debug_info    0x000000000000721f      0x1f0 ../binary_counter_bsp//libhal_bsp.a(alt_iic_isr_register.o)
 .debug_info    0x000000000000740f      0x546 ../binary_counter_bsp//libhal_bsp.a(alt_io_redirect.o)
 .debug_info    0x0000000000007955       0x22 ../binary_counter_bsp//libhal_bsp.a(alt_irq_entry.o)
 .debug_info    0x0000000000007977      0x175 ../binary_counter_bsp//libhal_bsp.a(alt_irq_handler.o)
 .debug_info    0x0000000000007aec       0x8b ../binary_counter_bsp//libhal_bsp.a(alt_irq_vars.o)
 .debug_info    0x0000000000007b77      0x3dd ../binary_counter_bsp//libhal_bsp.a(alt_open.o)
 .debug_info    0x0000000000007f54      0x2b9 ../binary_counter_bsp//libhal_bsp.a(alt_release_fd.o)
 .debug_info    0x000000000000820d      0x2bd ../binary_counter_bsp//libhal_bsp.a(alt_tick.o)
 .debug_info    0x00000000000084ca       0x8c ../binary_counter_bsp//libhal_bsp.a(altera_nios2_gen2_irq.o)
 .debug_info    0x0000000000008556       0x22 ../binary_counter_bsp//libhal_bsp.a(alt_exception_entry.o)
 .debug_info    0x0000000000008578      0x2ee ../binary_counter_bsp//libhal_bsp.a(alt_find_dev.o)
 .debug_info    0x0000000000008866      0x2eb ../binary_counter_bsp//libhal_bsp.a(alt_find_file.o)
 .debug_info    0x0000000000008b51      0x31c ../binary_counter_bsp//libhal_bsp.a(alt_get_fd.o)
 .debug_info    0x0000000000008e6d       0xdb ../binary_counter_bsp//libhal_bsp.a(alt_icache_flush.o)
 .debug_info    0x0000000000008f48      0x1f1 ../binary_counter_bsp//libhal_bsp.a(alt_instruction_exception_entry.o)
 .debug_info    0x0000000000009139       0xe6 /home/e2/intelFPGA_lite/20.1/nios2eds/bin/gnu/H-x86_64-pc-linux-gnu/bin/../lib/gcc/nios2-elf/10.1.1/../../../../../H-x86_64-pc-linux-gnu/nios2-elf/lib/mno-hw-mul/libsmallc.a(lib_a-exit.o)
 .debug_info    0x000000000000921f      0x100 /home/e2/intelFPGA_lite/20.1/nios2eds/bin/gnu/H-x86_64-pc-linux-gnu/bin/../lib/gcc/nios2-elf/10.1.1/../../../../../H-x86_64-pc-linux-gnu/nios2-elf/lib/mno-hw-mul/libsmallc.a(lib_a-memcmp.o)
 .debug_info    0x000000000000931f      0x6e0 /home/e2/intelFPGA_lite/20.1/nios2eds/bin/gnu/H-x86_64-pc-linux-gnu/bin/../lib/gcc/nios2-elf/10.1.1/../../../../../H-x86_64-pc-linux-gnu/nios2-elf/lib/mno-hw-mul/libsmallc.a(lib_a-__call_atexit.o)
 .debug_info    0x00000000000099ff       0xe1 ../binary_counter_bsp//libhal_bsp.a(alt_exit.o)

.debug_abbrev   0x0000000000000000     0x34bc
 *(.debug_abbrev)
 .debug_abbrev  0x0000000000000000       0x12 ../binary_counter_bsp//obj/HAL/src/crt0.o
 .debug_abbrev  0x0000000000000012      0x2b6 obj/default/count_binary.o
 .debug_abbrev  0x00000000000002c8      0x103 /home/e2/intelFPGA_lite/20.1/nios2eds/bin/gnu/H-x86_64-pc-linux-gnu/bin/../lib/gcc/nios2-elf/10.1.1/mno-hw-mul/libgcc.a(lib2-divmod.o)
 .debug_abbrev  0x00000000000003cb      0x216 /home/e2/intelFPGA_lite/20.1/nios2eds/bin/gnu/H-x86_64-pc-linux-gnu/bin/../lib/gcc/nios2-elf/10.1.1/../../../../../H-x86_64-pc-linux-gnu/nios2-elf/lib/mno-hw-mul/libsmallc.a(lib_a-printf.o)
 .debug_abbrev  0x00000000000005e1      0x1f5 /home/e2/intelFPGA_lite/20.1/nios2eds/bin/gnu/H-x86_64-pc-linux-gnu/bin/../lib/gcc/nios2-elf/10.1.1/../../../../../H-x86_64-pc-linux-gnu/nios2-elf/lib/mno-hw-mul/libsmallc.a(lib_a-putchar.o)
 .debug_abbrev  0x00000000000007d6      0x20b /home/e2/intelFPGA_lite/20.1/nios2eds/bin/gnu/H-x86_64-pc-linux-gnu/bin/../lib/gcc/nios2-elf/10.1.1/../../../../../H-x86_64-pc-linux-gnu/nios2-elf/lib/mno-hw-mul/libsmallc.a(lib_a-puts.o)
 .debug_abbrev  0x00000000000009e1       0x8d /home/e2/intelFPGA_lite/20.1/nios2eds/bin/gnu/H-x86_64-pc-linux-gnu/bin/../lib/gcc/nios2-elf/10.1.1/../../../../../H-x86_64-pc-linux-gnu/nios2-elf/lib/mno-hw-mul/libsmallc.a(lib_a-strlen.o)
 .debug_abbrev  0x0000000000000a6e      0x2f7 /home/e2/intelFPGA_lite/20.1/nios2eds/bin/gnu/H-x86_64-pc-linux-gnu/bin/../lib/gcc/nios2-elf/10.1.1/../../../../../H-x86_64-pc-linux-gnu/nios2-elf/lib/mno-hw-mul/libsmallc.a(lib_a-vfprintf.o)
 .debug_abbrev  0x0000000000000d65      0x1ed /home/e2/intelFPGA_lite/20.1/nios2eds/bin/gnu/H-x86_64-pc-linux-gnu/bin/../lib/gcc/nios2-elf/10.1.1/../../../../../H-x86_64-pc-linux-gnu/nios2-elf/lib/mno-hw-mul/libsmallc.a(lib_a-fvwrite_small_dev.o)
 .debug_abbrev  0x0000000000000f52      0x17a /home/e2/intelFPGA_lite/20.1/nios2eds/bin/gnu/H-x86_64-pc-linux-gnu/bin/../lib/gcc/nios2-elf/10.1.1/../../../../../H-x86_64-pc-linux-gnu/nios2-elf/lib/mno-hw-mul/libsmallc.a(lib_a-impure.o)
 .debug_abbrev  0x00000000000010cc      0x1ef /home/e2/intelFPGA_lite/20.1/nios2eds/bin/gnu/H-x86_64-pc-linux-gnu/bin/../lib/gcc/nios2-elf/10.1.1/../../../../../H-x86_64-pc-linux-gnu/nios2-elf/lib/mno-hw-mul/libsmallc.a(lib_a-putc.o)
 .debug_abbrev  0x00000000000012bb      0x1d9 /home/e2/intelFPGA_lite/20.1/nios2eds/bin/gnu/H-x86_64-pc-linux-gnu/bin/../lib/gcc/nios2-elf/10.1.1/../../../../../H-x86_64-pc-linux-gnu/nios2-elf/lib/mno-hw-mul/libsmallc.a(lib_a-writer.o)
 .debug_abbrev  0x0000000000001494       0x39 /home/e2/intelFPGA_lite/20.1/nios2eds/bin/gnu/H-x86_64-pc-linux-gnu/bin/../lib/gcc/nios2-elf/10.1.1/../../../../../H-x86_64-pc-linux-gnu/nios2-elf/lib/mno-hw-mul/libsmallc.a(lib_a-int_errno.o)
 .debug_abbrev  0x00000000000014cd       0x7d /home/e2/intelFPGA_lite/20.1/nios2eds/bin/gnu/H-x86_64-pc-linux-gnu/bin/../lib/gcc/nios2-elf/10.1.1/mno-hw-mul/libgcc.a(lib2-mul.o)
 .debug_abbrev  0x000000000000154a       0xab ../binary_counter_bsp//libhal_bsp.a(alt_load.o)
 .debug_abbrev  0x00000000000015f5       0x86 ../binary_counter_bsp//libhal_bsp.a(alt_main.o)
 .debug_abbrev  0x000000000000167b       0x66 ../binary_counter_bsp//libhal_bsp.a(alt_usleep.o)
 .debug_abbrev  0x00000000000016e1      0x149 ../binary_counter_bsp//libhal_bsp.a(alt_write.o)
 .debug_abbrev  0x000000000000182a      0x16c ../binary_counter_bsp//libhal_bsp.a(alt_sys_init.o)
 .debug_abbrev  0x0000000000001996      0x10b ../binary_counter_bsp//libhal_bsp.a(altera_avalon_jtag_uart_fd.o)
 .debug_abbrev  0x0000000000001aa1       0xcd ../binary_counter_bsp//libhal_bsp.a(altera_avalon_jtag_uart_read.o)
 .debug_abbrev  0x0000000000001b6e       0xcd ../binary_counter_bsp//libhal_bsp.a(altera_avalon_jtag_uart_write.o)
 .debug_abbrev  0x0000000000001c3b      0x14b ../binary_counter_bsp//libhal_bsp.a(altera_avalon_timer_sc.o)
 .debug_abbrev  0x0000000000001d86       0x88 ../binary_counter_bsp//libhal_bsp.a(alt_busy_sleep.o)
 .debug_abbrev  0x0000000000001e0e      0x133 ../binary_counter_bsp//libhal_bsp.a(alt_close.o)
 .debug_abbrev  0x0000000000001f41       0x5e ../binary_counter_bsp//libhal_bsp.a(alt_dcache_flush_all.o)
 .debug_abbrev  0x0000000000001f9f      0x117 ../binary_counter_bsp//libhal_bsp.a(alt_dev.o)
 .debug_abbrev  0x00000000000020b6      0x12a ../binary_counter_bsp//libhal_bsp.a(alt_dev_llist_insert.o)
 .debug_abbrev  0x00000000000021e0       0x5a ../binary_counter_bsp//libhal_bsp.a(alt_errno.o)
 .debug_abbrev  0x000000000000223a       0x44 ../binary_counter_bsp//libhal_bsp.a(alt_icache_flush_all.o)
 .debug_abbrev  0x000000000000227e      0x189 ../binary_counter_bsp//libhal_bsp.a(alt_iic.o)
 .debug_abbrev  0x0000000000002407      0x17c ../binary_counter_bsp//libhal_bsp.a(alt_iic_isr_register.o)
 .debug_abbrev  0x0000000000002583      0x126 ../binary_counter_bsp//libhal_bsp.a(alt_io_redirect.o)
 .debug_abbrev  0x00000000000026a9       0x12 ../binary_counter_bsp//libhal_bsp.a(alt_irq_entry.o)
 .debug_abbrev  0x00000000000026bb      0x12d ../binary_counter_bsp//libhal_bsp.a(alt_irq_handler.o)
 .debug_abbrev  0x00000000000027e8       0x44 ../binary_counter_bsp//libhal_bsp.a(alt_irq_vars.o)
 .debug_abbrev  0x000000000000282c      0x160 ../binary_counter_bsp//libhal_bsp.a(alt_open.o)
 .debug_abbrev  0x000000000000298c       0xea ../binary_counter_bsp//libhal_bsp.a(alt_release_fd.o)
 .debug_abbrev  0x0000000000002a76      0x17a ../binary_counter_bsp//libhal_bsp.a(alt_tick.o)
 .debug_abbrev  0x0000000000002bf0       0x44 ../binary_counter_bsp//libhal_bsp.a(altera_nios2_gen2_irq.o)
 .debug_abbrev  0x0000000000002c34       0x12 ../binary_counter_bsp//libhal_bsp.a(alt_exception_entry.o)
 .debug_abbrev  0x0000000000002c46       0xed ../binary_counter_bsp//libhal_bsp.a(alt_find_dev.o)
 .debug_abbrev  0x0000000000002d33      0x100 ../binary_counter_bsp//libhal_bsp.a(alt_find_file.o)
 .debug_abbrev  0x0000000000002e33      0x121 ../binary_counter_bsp//libhal_bsp.a(alt_get_fd.o)
 .debug_abbrev  0x0000000000002f54       0x96 ../binary_counter_bsp//libhal_bsp.a(alt_icache_flush.o)
 .debug_abbrev  0x0000000000002fea       0xea ../binary_counter_bsp//libhal_bsp.a(alt_instruction_exception_entry.o)
 .debug_abbrev  0x00000000000030d4       0x94 /home/e2/intelFPGA_lite/20.1/nios2eds/bin/gnu/H-x86_64-pc-linux-gnu/bin/../lib/gcc/nios2-elf/10.1.1/../../../../../H-x86_64-pc-linux-gnu/nios2-elf/lib/mno-hw-mul/libsmallc.a(lib_a-exit.o)
 .debug_abbrev  0x0000000000003168       0x9e /home/e2/intelFPGA_lite/20.1/nios2eds/bin/gnu/H-x86_64-pc-linux-gnu/bin/../lib/gcc/nios2-elf/10.1.1/../../../../../H-x86_64-pc-linux-gnu/nios2-elf/lib/mno-hw-mul/libsmallc.a(lib_a-memcmp.o)
 .debug_abbrev  0x0000000000003206      0x20a /home/e2/intelFPGA_lite/20.1/nios2eds/bin/gnu/H-x86_64-pc-linux-gnu/bin/../lib/gcc/nios2-elf/10.1.1/../../../../../H-x86_64-pc-linux-gnu/nios2-elf/lib/mno-hw-mul/libsmallc.a(lib_a-__call_atexit.o)
 .debug_abbrev  0x0000000000003410       0xac ../binary_counter_bsp//libhal_bsp.a(alt_exit.o)

.debug_line     0x0000000000000000     0x4353
 *(.debug_line)
 .debug_line    0x0000000000000000       0x72 ../binary_counter_bsp//obj/HAL/src/crt0.o
 .debug_line    0x0000000000000072      0x299 obj/default/count_binary.o
 .debug_line    0x000000000000030b      0x306 /home/e2/intelFPGA_lite/20.1/nios2eds/bin/gnu/H-x86_64-pc-linux-gnu/bin/../lib/gcc/nios2-elf/10.1.1/mno-hw-mul/libgcc.a(lib2-divmod.o)
 .debug_line    0x0000000000000611      0x24c /home/e2/intelFPGA_lite/20.1/nios2eds/bin/gnu/H-x86_64-pc-linux-gnu/bin/../lib/gcc/nios2-elf/10.1.1/../../../../../H-x86_64-pc-linux-gnu/nios2-elf/lib/mno-hw-mul/libsmallc.a(lib_a-printf.o)
 .debug_line    0x000000000000085d      0x216 /home/e2/intelFPGA_lite/20.1/nios2eds/bin/gnu/H-x86_64-pc-linux-gnu/bin/../lib/gcc/nios2-elf/10.1.1/../../../../../H-x86_64-pc-linux-gnu/nios2-elf/lib/mno-hw-mul/libsmallc.a(lib_a-putchar.o)
 .debug_line    0x0000000000000a73      0x240 /home/e2/intelFPGA_lite/20.1/nios2eds/bin/gnu/H-x86_64-pc-linux-gnu/bin/../lib/gcc/nios2-elf/10.1.1/../../../../../H-x86_64-pc-linux-gnu/nios2-elf/lib/mno-hw-mul/libsmallc.a(lib_a-puts.o)
 .debug_line    0x0000000000000cb3      0x17d /home/e2/intelFPGA_lite/20.1/nios2eds/bin/gnu/H-x86_64-pc-linux-gnu/bin/../lib/gcc/nios2-elf/10.1.1/../../../../../H-x86_64-pc-linux-gnu/nios2-elf/lib/mno-hw-mul/libsmallc.a(lib_a-strlen.o)
 .debug_line    0x0000000000000e30      0x73c /home/e2/intelFPGA_lite/20.1/nios2eds/bin/gnu/H-x86_64-pc-linux-gnu/bin/../lib/gcc/nios2-elf/10.1.1/../../../../../H-x86_64-pc-linux-gnu/nios2-elf/lib/mno-hw-mul/libsmallc.a(lib_a-vfprintf.o)
 .debug_line    0x000000000000156c      0x253 /home/e2/intelFPGA_lite/20.1/nios2eds/bin/gnu/H-x86_64-pc-linux-gnu/bin/../lib/gcc/nios2-elf/10.1.1/../../../../../H-x86_64-pc-linux-gnu/nios2-elf/lib/mno-hw-mul/libsmallc.a(lib_a-fvwrite_small_dev.o)
 .debug_line    0x00000000000017bf      0x15d /home/e2/intelFPGA_lite/20.1/nios2eds/bin/gnu/H-x86_64-pc-linux-gnu/bin/../lib/gcc/nios2-elf/10.1.1/../../../../../H-x86_64-pc-linux-gnu/nios2-elf/lib/mno-hw-mul/libsmallc.a(lib_a-impure.o)
 .debug_line    0x000000000000191c      0x25c /home/e2/intelFPGA_lite/20.1/nios2eds/bin/gnu/H-x86_64-pc-linux-gnu/bin/../lib/gcc/nios2-elf/10.1.1/../../../../../H-x86_64-pc-linux-gnu/nios2-elf/lib/mno-hw-mul/libsmallc.a(lib_a-putc.o)
 .debug_line    0x0000000000001b78      0x226 /home/e2/intelFPGA_lite/20.1/nios2eds/bin/gnu/H-x86_64-pc-linux-gnu/bin/../lib/gcc/nios2-elf/10.1.1/../../../../../H-x86_64-pc-linux-gnu/nios2-elf/lib/mno-hw-mul/libsmallc.a(lib_a-writer.o)
 .debug_line    0x0000000000001d9e       0x61 /home/e2/intelFPGA_lite/20.1/nios2eds/bin/gnu/H-x86_64-pc-linux-gnu/bin/../lib/gcc/nios2-elf/10.1.1/../../../../../H-x86_64-pc-linux-gnu/nios2-elf/lib/mno-hw-mul/libsmallc.a(lib_a-int_errno.o)
 .debug_line    0x0000000000001dff       0xb7 /home/e2/intelFPGA_lite/20.1/nios2eds/bin/gnu/H-x86_64-pc-linux-gnu/bin/../lib/gcc/nios2-elf/10.1.1/mno-hw-mul/libgcc.a(lib2-mul.o)
 .debug_line    0x0000000000001eb6       0xa6 ../binary_counter_bsp//libhal_bsp.a(alt_load.o)
 .debug_line    0x0000000000001f5c       0x7d ../binary_counter_bsp//libhal_bsp.a(alt_main.o)
 .debug_line    0x0000000000001fd9       0xca ../binary_counter_bsp//libhal_bsp.a(alt_usleep.o)
 .debug_line    0x00000000000020a3      0x2d0 ../binary_counter_bsp//libhal_bsp.a(alt_write.o)
 .debug_line    0x0000000000002373      0x129 ../binary_counter_bsp//libhal_bsp.a(alt_sys_init.o)
 .debug_line    0x000000000000249c      0x102 ../binary_counter_bsp//libhal_bsp.a(altera_avalon_jtag_uart_fd.o)
 .debug_line    0x000000000000259e       0xe8 ../binary_counter_bsp//libhal_bsp.a(altera_avalon_jtag_uart_read.o)
 .debug_line    0x0000000000002686       0xc6 ../binary_counter_bsp//libhal_bsp.a(altera_avalon_jtag_uart_write.o)
 .debug_line    0x000000000000274c       0xfd ../binary_counter_bsp//libhal_bsp.a(altera_avalon_timer_sc.o)
 .debug_line    0x0000000000002849       0xdf ../binary_counter_bsp//libhal_bsp.a(alt_busy_sleep.o)
 .debug_line    0x0000000000002928      0x1b8 ../binary_counter_bsp//libhal_bsp.a(alt_close.o)
 .debug_line    0x0000000000002ae0       0x6e ../binary_counter_bsp//libhal_bsp.a(alt_dcache_flush_all.o)
 .debug_line    0x0000000000002b4e      0x1b5 ../binary_counter_bsp//libhal_bsp.a(alt_dev.o)
 .debug_line    0x0000000000002d03      0x106 ../binary_counter_bsp//libhal_bsp.a(alt_dev_llist_insert.o)
 .debug_line    0x0000000000002e09       0x51 ../binary_counter_bsp//libhal_bsp.a(alt_errno.o)
 .debug_line    0x0000000000002e5a       0x56 ../binary_counter_bsp//libhal_bsp.a(alt_icache_flush_all.o)
 .debug_line    0x0000000000002eb0      0x123 ../binary_counter_bsp//libhal_bsp.a(alt_iic.o)
 .debug_line    0x0000000000002fd3       0xfc ../binary_counter_bsp//libhal_bsp.a(alt_iic_isr_register.o)
 .debug_line    0x00000000000030cf      0x1e8 ../binary_counter_bsp//libhal_bsp.a(alt_io_redirect.o)
 .debug_line    0x00000000000032b7       0x6b ../binary_counter_bsp//libhal_bsp.a(alt_irq_entry.o)
 .debug_line    0x0000000000003322       0xd4 ../binary_counter_bsp//libhal_bsp.a(alt_irq_handler.o)
 .debug_line    0x00000000000033f6       0x50 ../binary_counter_bsp//libhal_bsp.a(alt_irq_vars.o)
 .debug_line    0x0000000000003446      0x1a1 ../binary_counter_bsp//libhal_bsp.a(alt_open.o)
 .debug_line    0x00000000000035e7       0xb6 ../binary_counter_bsp//libhal_bsp.a(alt_release_fd.o)
 .debug_line    0x000000000000369d      0x160 ../binary_counter_bsp//libhal_bsp.a(alt_tick.o)
 .debug_line    0x00000000000037fd       0x57 ../binary_counter_bsp//libhal_bsp.a(altera_nios2_gen2_irq.o)
 .debug_line    0x0000000000003854       0xb3 ../binary_counter_bsp//libhal_bsp.a(alt_exception_entry.o)
 .debug_line    0x0000000000003907       0xb8 ../binary_counter_bsp//libhal_bsp.a(alt_find_dev.o)
 .debug_line    0x00000000000039bf      0x103 ../binary_counter_bsp//libhal_bsp.a(alt_find_file.o)
 .debug_line    0x0000000000003ac2       0xfb ../binary_counter_bsp//libhal_bsp.a(alt_get_fd.o)
 .debug_line    0x0000000000003bbd       0xa0 ../binary_counter_bsp//libhal_bsp.a(alt_icache_flush.o)
 .debug_line    0x0000000000003c5d       0xd9 ../binary_counter_bsp//libhal_bsp.a(alt_instruction_exception_entry.o)
 .debug_line    0x0000000000003d36      0x175 /home/e2/intelFPGA_lite/20.1/nios2eds/bin/gnu/H-x86_64-pc-linux-gnu/bin/../lib/gcc/nios2-elf/10.1.1/../../../../../H-x86_64-pc-linux-gnu/nios2-elf/lib/mno-hw-mul/libsmallc.a(lib_a-exit.o)
 .debug_line    0x0000000000003eab      0x192 /home/e2/intelFPGA_lite/20.1/nios2eds/bin/gnu/H-x86_64-pc-linux-gnu/bin/../lib/gcc/nios2-elf/10.1.1/../../../../../H-x86_64-pc-linux-gnu/nios2-elf/lib/mno-hw-mul/libsmallc.a(lib_a-memcmp.o)
 .debug_line    0x000000000000403d      0x291 /home/e2/intelFPGA_lite/20.1/nios2eds/bin/gnu/H-x86_64-pc-linux-gnu/bin/../lib/gcc/nios2-elf/10.1.1/../../../../../H-x86_64-pc-linux-gnu/nios2-elf/lib/mno-hw-mul/libsmallc.a(lib_a-__call_atexit.o)
 .debug_line    0x00000000000042ce       0x85 ../binary_counter_bsp//libhal_bsp.a(alt_exit.o)

.debug_frame    0x0000000000000000      0xcf0
 *(.debug_frame)
 .debug_frame   0x0000000000000000      0x134 obj/default/count_binary.o
 .debug_frame   0x0000000000000134       0x50 /home/e2/intelFPGA_lite/20.1/nios2eds/bin/gnu/H-x86_64-pc-linux-gnu/bin/../lib/gcc/nios2-elf/10.1.1/mno-hw-mul/libgcc.a(lib2-divmod.o)
 .debug_frame   0x0000000000000184       0x48 /home/e2/intelFPGA_lite/20.1/nios2eds/bin/gnu/H-x86_64-pc-linux-gnu/bin/../lib/gcc/nios2-elf/10.1.1/../../../../../H-x86_64-pc-linux-gnu/nios2-elf/lib/mno-hw-mul/libsmallc.a(lib_a-printf.o)
 .debug_frame   0x00000000000001cc       0x30 /home/e2/intelFPGA_lite/20.1/nios2eds/bin/gnu/H-x86_64-pc-linux-gnu/bin/../lib/gcc/nios2-elf/10.1.1/../../../../../H-x86_64-pc-linux-gnu/nios2-elf/lib/mno-hw-mul/libsmallc.a(lib_a-putchar.o)
 .debug_frame   0x00000000000001fc       0x48 /home/e2/intelFPGA_lite/20.1/nios2eds/bin/gnu/H-x86_64-pc-linux-gnu/bin/../lib/gcc/nios2-elf/10.1.1/../../../../../H-x86_64-pc-linux-gnu/nios2-elf/lib/mno-hw-mul/libsmallc.a(lib_a-puts.o)
 .debug_frame   0x0000000000000244       0x20 /home/e2/intelFPGA_lite/20.1/nios2eds/bin/gnu/H-x86_64-pc-linux-gnu/bin/../lib/gcc/nios2-elf/10.1.1/../../../../../H-x86_64-pc-linux-gnu/nios2-elf/lib/mno-hw-mul/libsmallc.a(lib_a-strlen.o)
 .debug_frame   0x0000000000000264       0x90 /home/e2/intelFPGA_lite/20.1/nios2eds/bin/gnu/H-x86_64-pc-linux-gnu/bin/../lib/gcc/nios2-elf/10.1.1/../../../../../H-x86_64-pc-linux-gnu/nios2-elf/lib/mno-hw-mul/libsmallc.a(lib_a-vfprintf.o)
 .debug_frame   0x00000000000002f4       0x3c /home/e2/intelFPGA_lite/20.1/nios2eds/bin/gnu/H-x86_64-pc-linux-gnu/bin/../lib/gcc/nios2-elf/10.1.1/../../../../../H-x86_64-pc-linux-gnu/nios2-elf/lib/mno-hw-mul/libsmallc.a(lib_a-fvwrite_small_dev.o)
 .debug_frame   0x0000000000000330       0x50 /home/e2/intelFPGA_lite/20.1/nios2eds/bin/gnu/H-x86_64-pc-linux-gnu/bin/../lib/gcc/nios2-elf/10.1.1/../../../../../H-x86_64-pc-linux-gnu/nios2-elf/lib/mno-hw-mul/libsmallc.a(lib_a-putc.o)
 .debug_frame   0x0000000000000380       0x30 /home/e2/intelFPGA_lite/20.1/nios2eds/bin/gnu/H-x86_64-pc-linux-gnu/bin/../lib/gcc/nios2-elf/10.1.1/../../../../../H-x86_64-pc-linux-gnu/nios2-elf/lib/mno-hw-mul/libsmallc.a(lib_a-writer.o)
 .debug_frame   0x00000000000003b0       0x20 /home/e2/intelFPGA_lite/20.1/nios2eds/bin/gnu/H-x86_64-pc-linux-gnu/bin/../lib/gcc/nios2-elf/10.1.1/mno-hw-mul/libgcc.a(lib2-mul.o)
 .debug_frame   0x00000000000003d0       0x5c ../binary_counter_bsp//libhal_bsp.a(alt_load.o)
 .debug_frame   0x000000000000042c       0x2c ../binary_counter_bsp//libhal_bsp.a(alt_main.o)
 .debug_frame   0x0000000000000458       0x38 ../binary_counter_bsp//libhal_bsp.a(alt_usleep.o)
 .debug_frame   0x0000000000000490       0x60 ../binary_counter_bsp//libhal_bsp.a(alt_write.o)
 .debug_frame   0x00000000000004f0       0x88 ../binary_counter_bsp//libhal_bsp.a(alt_sys_init.o)
 .debug_frame   0x0000000000000578       0x60 ../binary_counter_bsp//libhal_bsp.a(altera_avalon_jtag_uart_fd.o)
 .debug_frame   0x00000000000005d8       0x34 ../binary_counter_bsp//libhal_bsp.a(altera_avalon_jtag_uart_read.o)
 .debug_frame   0x000000000000060c       0x34 ../binary_counter_bsp//libhal_bsp.a(altera_avalon_jtag_uart_write.o)
 .debug_frame   0x0000000000000640       0x60 ../binary_counter_bsp//libhal_bsp.a(altera_avalon_timer_sc.o)
 .debug_frame   0x00000000000006a0       0x38 ../binary_counter_bsp//libhal_bsp.a(alt_busy_sleep.o)
 .debug_frame   0x00000000000006d8       0x60 ../binary_counter_bsp//libhal_bsp.a(alt_close.o)
 .debug_frame   0x0000000000000738       0x34 ../binary_counter_bsp//libhal_bsp.a(alt_dcache_flush_all.o)
 .debug_frame   0x000000000000076c       0x34 ../binary_counter_bsp//libhal_bsp.a(alt_dev.o)
 .debug_frame   0x00000000000007a0       0x60 ../binary_counter_bsp//libhal_bsp.a(alt_dev_llist_insert.o)
 .debug_frame   0x0000000000000800       0x38 ../binary_counter_bsp//libhal_bsp.a(alt_icache_flush_all.o)
 .debug_frame   0x0000000000000838       0xa4 ../binary_counter_bsp//libhal_bsp.a(alt_iic.o)
 .debug_frame   0x00000000000008dc       0x38 ../binary_counter_bsp//libhal_bsp.a(alt_iic_isr_register.o)
 .debug_frame   0x0000000000000914       0x60 ../binary_counter_bsp//libhal_bsp.a(alt_io_redirect.o)
 .debug_frame   0x0000000000000974       0x38 ../binary_counter_bsp//libhal_bsp.a(alt_irq_handler.o)
 .debug_frame   0x00000000000009ac       0x84 ../binary_counter_bsp//libhal_bsp.a(alt_open.o)
 .debug_frame   0x0000000000000a30       0x34 ../binary_counter_bsp//libhal_bsp.a(alt_release_fd.o)
 .debug_frame   0x0000000000000a64       0x5c ../binary_counter_bsp//libhal_bsp.a(alt_tick.o)
 .debug_frame   0x0000000000000ac0       0x34 ../binary_counter_bsp//libhal_bsp.a(altera_nios2_gen2_irq.o)
 .debug_frame   0x0000000000000af4       0x38 ../binary_counter_bsp//libhal_bsp.a(alt_find_dev.o)
 .debug_frame   0x0000000000000b2c       0x38 ../binary_counter_bsp//libhal_bsp.a(alt_find_file.o)
 .debug_frame   0x0000000000000b64       0x34 ../binary_counter_bsp//libhal_bsp.a(alt_get_fd.o)
 .debug_frame   0x0000000000000b98       0x34 ../binary_counter_bsp//libhal_bsp.a(alt_icache_flush.o)
 .debug_frame   0x0000000000000bcc       0x5c ../binary_counter_bsp//libhal_bsp.a(alt_instruction_exception_entry.o)
 .debug_frame   0x0000000000000c28       0x28 /home/e2/intelFPGA_lite/20.1/nios2eds/bin/gnu/H-x86_64-pc-linux-gnu/bin/../lib/gcc/nios2-elf/10.1.1/../../../../../H-x86_64-pc-linux-gnu/nios2-elf/lib/mno-hw-mul/libsmallc.a(lib_a-exit.o)
 .debug_frame   0x0000000000000c50       0x20 /home/e2/intelFPGA_lite/20.1/nios2eds/bin/gnu/H-x86_64-pc-linux-gnu/bin/../lib/gcc/nios2-elf/10.1.1/../../../../../H-x86_64-pc-linux-gnu/nios2-elf/lib/mno-hw-mul/libsmallc.a(lib_a-memcmp.o)
 .debug_frame   0x0000000000000c70       0x54 /home/e2/intelFPGA_lite/20.1/nios2eds/bin/gnu/H-x86_64-pc-linux-gnu/bin/../lib/gcc/nios2-elf/10.1.1/../../../../../H-x86_64-pc-linux-gnu/nios2-elf/lib/mno-hw-mul/libsmallc.a(lib_a-__call_atexit.o)
 .debug_frame   0x0000000000000cc4       0x2c ../binary_counter_bsp//libhal_bsp.a(alt_exit.o)

.debug_str      0x0000000000000000     0x20b4
 *(.debug_str)
 .debug_str     0x0000000000000000       0x66 ../binary_counter_bsp//obj/HAL/src/crt0.o
 .debug_str     0x0000000000000066      0x4e2 obj/default/count_binary.o
                                        0x588 (size before relaxing)
 .debug_str     0x0000000000000548      0x196 /home/e2/intelFPGA_lite/20.1/nios2eds/bin/gnu/H-x86_64-pc-linux-gnu/bin/../lib/gcc/nios2-elf/10.1.1/mno-hw-mul/libgcc.a(lib2-divmod.o)
                                        0x1e1 (size before relaxing)
 .debug_str     0x00000000000006de      0x1e1 /home/e2/intelFPGA_lite/20.1/nios2eds/bin/gnu/H-x86_64-pc-linux-gnu/bin/../lib/gcc/nios2-elf/10.1.1/../../../../../H-x86_64-pc-linux-gnu/nios2-elf/lib/mno-hw-mul/libsmallc.a(lib_a-printf.o)
                                        0x50f (size before relaxing)
 .debug_str     0x00000000000008bf       0x5a /home/e2/intelFPGA_lite/20.1/nios2eds/bin/gnu/H-x86_64-pc-linux-gnu/bin/../lib/gcc/nios2-elf/10.1.1/../../../../../H-x86_64-pc-linux-gnu/nios2-elf/lib/mno-hw-mul/libsmallc.a(lib_a-putchar.o)
                                        0x4cc (size before relaxing)
 .debug_str     0x0000000000000919       0x65 /home/e2/intelFPGA_lite/20.1/nios2eds/bin/gnu/H-x86_64-pc-linux-gnu/bin/../lib/gcc/nios2-elf/10.1.1/../../../../../H-x86_64-pc-linux-gnu/nios2-elf/lib/mno-hw-mul/libsmallc.a(lib_a-puts.o)
                                        0x4d8 (size before relaxing)
 .debug_str     0x000000000000097e       0xd6 /home/e2/intelFPGA_lite/20.1/nios2eds/bin/gnu/H-x86_64-pc-linux-gnu/bin/../lib/gcc/nios2-elf/10.1.1/../../../../../H-x86_64-pc-linux-gnu/nios2-elf/lib/mno-hw-mul/libsmallc.a(lib_a-strlen.o)
                                        0x1dd (size before relaxing)
 .debug_str     0x0000000000000a54      0x2d7 /home/e2/intelFPGA_lite/20.1/nios2eds/bin/gnu/H-x86_64-pc-linux-gnu/bin/../lib/gcc/nios2-elf/10.1.1/../../../../../H-x86_64-pc-linux-gnu/nios2-elf/lib/mno-hw-mul/libsmallc.a(lib_a-vfprintf.o)
                                        0x872 (size before relaxing)
 .debug_str     0x0000000000000d2b       0x65 /home/e2/intelFPGA_lite/20.1/nios2eds/bin/gnu/H-x86_64-pc-linux-gnu/bin/../lib/gcc/nios2-elf/10.1.1/../../../../../H-x86_64-pc-linux-gnu/nios2-elf/lib/mno-hw-mul/libsmallc.a(lib_a-fvwrite_small_dev.o)
                                        0x4df (size before relaxing)
 .debug_str     0x0000000000000d90       0xf3 /home/e2/intelFPGA_lite/20.1/nios2eds/bin/gnu/H-x86_64-pc-linux-gnu/bin/../lib/gcc/nios2-elf/10.1.1/../../../../../H-x86_64-pc-linux-gnu/nios2-elf/lib/mno-hw-mul/libsmallc.a(lib_a-impure.o)
                                        0x4c9 (size before relaxing)
 .debug_str     0x0000000000000e83       0x48 /home/e2/intelFPGA_lite/20.1/nios2eds/bin/gnu/H-x86_64-pc-linux-gnu/bin/../lib/gcc/nios2-elf/10.1.1/../../../../../H-x86_64-pc-linux-gnu/nios2-elf/lib/mno-hw-mul/libsmallc.a(lib_a-putc.o)
                                        0x4d6 (size before relaxing)
 .debug_str     0x0000000000000ecb       0x47 /home/e2/intelFPGA_lite/20.1/nios2eds/bin/gnu/H-x86_64-pc-linux-gnu/bin/../lib/gcc/nios2-elf/10.1.1/../../../../../H-x86_64-pc-linux-gnu/nios2-elf/lib/mno-hw-mul/libsmallc.a(lib_a-writer.o)
                                        0x4c3 (size before relaxing)
 .debug_str     0x0000000000000f12       0x41 /home/e2/intelFPGA_lite/20.1/nios2eds/bin/gnu/H-x86_64-pc-linux-gnu/bin/../lib/gcc/nios2-elf/10.1.1/../../../../../H-x86_64-pc-linux-gnu/nios2-elf/lib/mno-hw-mul/libsmallc.a(lib_a-int_errno.o)
                                        0x1d0 (size before relaxing)
 .debug_str     0x0000000000000f53       0x3a /home/e2/intelFPGA_lite/20.1/nios2eds/bin/gnu/H-x86_64-pc-linux-gnu/bin/../lib/gcc/nios2-elf/10.1.1/mno-hw-mul/libgcc.a(lib2-mul.o)
                                        0x1a2 (size before relaxing)
 .debug_str     0x0000000000000f8d       0xf1 ../binary_counter_bsp//libhal_bsp.a(alt_load.o)
                                        0x221 (size before relaxing)
 .debug_str     0x000000000000107e       0x44 ../binary_counter_bsp//libhal_bsp.a(alt_main.o)
                                        0x17b (size before relaxing)
 .debug_str     0x00000000000010c2       0x29 ../binary_counter_bsp//libhal_bsp.a(alt_usleep.o)
                                        0x164 (size before relaxing)
 .debug_str     0x00000000000010eb      0x1a8 ../binary_counter_bsp//libhal_bsp.a(alt_write.o)
                                        0x359 (size before relaxing)
 .debug_str     0x0000000000001293       0xf0 ../binary_counter_bsp//libhal_bsp.a(alt_sys_init.o)
                                        0x2be (size before relaxing)
 .debug_str     0x0000000000001383       0x71 ../binary_counter_bsp//libhal_bsp.a(altera_avalon_jtag_uart_fd.o)
                                        0x2bd (size before relaxing)
 .debug_str     0x00000000000013f4       0x48 ../binary_counter_bsp//libhal_bsp.a(altera_avalon_jtag_uart_read.o)
                                        0x1da (size before relaxing)
 .debug_str     0x000000000000143c       0x4a ../binary_counter_bsp//libhal_bsp.a(altera_avalon_jtag_uart_write.o)
                                        0x1d0 (size before relaxing)
 .debug_str     0x0000000000001486       0xca ../binary_counter_bsp//libhal_bsp.a(altera_avalon_timer_sc.o)
                                        0x21d (size before relaxing)
 .debug_str     0x0000000000001550       0x42 ../binary_counter_bsp//libhal_bsp.a(alt_busy_sleep.o)
                                        0x17a (size before relaxing)
 .debug_str     0x0000000000001592       0x1b ../binary_counter_bsp//libhal_bsp.a(alt_close.o)
                                        0x20d (size before relaxing)
 .debug_str     0x00000000000015ad       0x34 ../binary_counter_bsp//libhal_bsp.a(alt_dcache_flush_all.o)
                                        0x164 (size before relaxing)
 .debug_str     0x00000000000015e1       0x50 ../binary_counter_bsp//libhal_bsp.a(alt_dev.o)
                                        0x373 (size before relaxing)
 .debug_str     0x0000000000001631       0x45 ../binary_counter_bsp//libhal_bsp.a(alt_dev_llist_insert.o)
                                        0x1db (size before relaxing)
 .debug_str     0x0000000000001676       0x14 ../binary_counter_bsp//libhal_bsp.a(alt_errno.o)
                                        0x14e (size before relaxing)
 .debug_str     0x000000000000168a       0x34 ../binary_counter_bsp//libhal_bsp.a(alt_icache_flush_all.o)
                                        0x164 (size before relaxing)
 .debug_str     0x00000000000016be       0xb2 ../binary_counter_bsp//libhal_bsp.a(alt_iic.o)
                                        0x23b (size before relaxing)
 .debug_str     0x0000000000001770       0x4c ../binary_counter_bsp//libhal_bsp.a(alt_iic_isr_register.o)
                                        0x1f7 (size before relaxing)
 .debug_str     0x00000000000017bc       0x56 ../binary_counter_bsp//libhal_bsp.a(alt_io_redirect.o)
                                        0x377 (size before relaxing)
 .debug_str     0x0000000000001812       0x18 ../binary_counter_bsp//libhal_bsp.a(alt_irq_entry.o)
                                         0x6f (size before relaxing)
 .debug_str     0x000000000000182a       0x3a ../binary_counter_bsp//libhal_bsp.a(alt_irq_handler.o)
                                        0x1a6 (size before relaxing)
 .debug_str     0x0000000000001864       0x29 ../binary_counter_bsp//libhal_bsp.a(alt_irq_vars.o)
                                        0x152 (size before relaxing)
 .debug_str     0x000000000000188d       0x2f ../binary_counter_bsp//libhal_bsp.a(alt_open.o)
                                        0x25a (size before relaxing)
 .debug_str     0x00000000000018bc       0x28 ../binary_counter_bsp//libhal_bsp.a(alt_release_fd.o)
                                        0x1de (size before relaxing)
 .debug_str     0x00000000000018e4       0x84 ../binary_counter_bsp//libhal_bsp.a(alt_tick.o)
                                        0x261 (size before relaxing)
 .debug_str     0x0000000000001968       0x3b ../binary_counter_bsp//libhal_bsp.a(altera_nios2_gen2_irq.o)
                                        0x16b (size before relaxing)
 .debug_str     0x00000000000019a3       0x1e ../binary_counter_bsp//libhal_bsp.a(alt_exception_entry.o)
                                         0x75 (size before relaxing)
 .debug_str     0x00000000000019c1       0x24 ../binary_counter_bsp//libhal_bsp.a(alt_find_dev.o)
                                        0x1ee (size before relaxing)
 .debug_str     0x00000000000019e5       0x26 ../binary_counter_bsp//libhal_bsp.a(alt_find_file.o)
                                        0x1fc (size before relaxing)
 .debug_str     0x0000000000001a0b       0x30 ../binary_counter_bsp//libhal_bsp.a(alt_get_fd.o)
                                        0x21e (size before relaxing)
 .debug_str     0x0000000000001a3b       0x2c ../binary_counter_bsp//libhal_bsp.a(alt_icache_flush.o)
                                        0x16a (size before relaxing)
 .debug_str     0x0000000000001a67      0x48b ../binary_counter_bsp//libhal_bsp.a(alt_instruction_exception_entry.o)
                                        0x5b8 (size before relaxing)
 .debug_str     0x0000000000001ef2       0xe5 /home/e2/intelFPGA_lite/20.1/nios2eds/bin/gnu/H-x86_64-pc-linux-gnu/bin/../lib/gcc/nios2-elf/10.1.1/../../../../../H-x86_64-pc-linux-gnu/nios2-elf/lib/mno-hw-mul/libsmallc.a(lib_a-exit.o)
                                        0x1e8 (size before relaxing)