------------------------------------------------------------
Timing Analyzer Summary
------------------------------------------------------------

Type  : Slow 1100mV 85C Model Setup 'sopc_clk'
Slack : 10.587
TNS   : 0.000

Type  : Slow 1100mV 85C Model Setup 'altera_reserved_tck'
Slack : 23.300
TNS   : 0.000

Type  : Slow 1100mV 85C Model Hold 'altera_reserved_tck'
Slack : 0.113
TNS   : 0.000

Type  : Slow 1100mV 85C Model Hold 'sopc_clk'
Slack : 0.189
TNS   : 0.000

Type  : Slow 1100mV 85C Model Recovery 'sopc_clk'
Slack : 13.721
TNS   : 0.000

Type  : Slow 1100mV 85C Model Recovery 'altera_reserved_tck'
Slack : 47.478
TNS   : 0.000

Type  : Slow 1100mV 85C Model Removal 'altera_reserved_tck'
Slack : 0.825
TNS   : 0.000

Type  : Slow 1100mV 85C Model Removal 'sopc_clk'
Slack : 0.870
TNS   : 0.000

Type  : Slow 1100mV 85C Model Minimum Pulse Width 'sopc_clk'
Slack : 8.892
TNS   : 0.000

Type  : Slow 1100mV 85C Model Minimum Pulse Width 'altera_reserved_tck'
Slack : 48.865
TNS   : 0.000

Type  : Slow 1100mV 0C Model Setup 'sopc_clk'
Slack : 10.782
TNS   : 0.000

Type  : Slow 1100mV 0C Model Setup 'altera_reserved_tck'
Slack : 23.440
TNS   : 0.000

Type  : Slow 1100mV 0C Model Hold 'sopc_clk'
Slack : 0.084
TNS   : 0.000

Type  : Slow 1100mV 0C Model Hold 'altera_reserved_tck'
Slack : 0.102
TNS   : 0.000

Type  : Slow 1100mV 0C Model Recovery 'sopc_clk'
Slack : 13.978
TNS   : 0.000

Type  : Slow 1100mV 0C Model Recovery 'altera_reserved_tck'
Slack : 47.565
TNS   : 0.000

Type  : Slow 1100mV 0C Model Removal 'altera_reserved_tck'
Slack : 0.767
TNS   : 0.000

Type  : Slow 1100mV 0C Model Removal 'sopc_clk'
Slack : 0.799
TNS   : 0.000

Type  : Slow 1100mV 0C Model Minimum Pulse Width 'sopc_clk'
Slack : 8.920
TNS   : 0.000

Type  : Slow 1100mV 0C Model Minimum Pulse Width 'altera_reserved_tck'
Slack : 48.846
TNS   : 0.000

Type  : Fast 1100mV 85C Model Setup 'sopc_clk'
Slack : 13.931
TNS   : 0.000

Type  : Fast 1100mV 85C Model Setup 'altera_reserved_tck'
Slack : 25.357
TNS   : 0.000

Type  : Fast 1100mV 85C Model Hold 'altera_reserved_tck'
Slack : 0.016
TNS   : 0.000

Type  : Fast 1100mV 85C Model Hold 'sopc_clk'
Slack : 0.172
TNS   : 0.000

Type  : Fast 1100mV 85C Model Recovery 'sopc_clk'
Slack : 15.859
TNS   : 0.000

Type  : Fast 1100mV 85C Model Recovery 'altera_reserved_tck'
Slack : 48.794
TNS   : 0.000

Type  : Fast 1100mV 85C Model Removal 'altera_reserved_tck'
Slack : 0.388
TNS   : 0.000

Type  : Fast 1100mV 85C Model Removal 'sopc_clk'
Slack : 0.531
TNS   : 0.000

Type  : Fast 1100mV 85C Model Minimum Pulse Width 'sopc_clk'
Slack : 8.496
TNS   : 0.000

Type  : Fast 1100mV 85C Model Minimum Pulse Width 'altera_reserved_tck'
Slack : 48.777
TNS   : 0.000

Type  : Fast 1100mV 0C Model Setup 'sopc_clk'
Slack : 14.549
TNS   : 0.000

Type  : Fast 1100mV 0C Model Setup 'altera_reserved_tck'
Slack : 25.535
TNS   : 0.000

Type  : Fast 1100mV 0C Model Hold 'altera_reserved_tck'
Slack : 0.004
TNS   : 0.000

Type  : Fast 1100mV 0C Model Hold 'sopc_clk'
Slack : 0.081
TNS   : 0.000

Type  : Fast 1100mV 0C Model Recovery 'sopc_clk'
Slack : 16.284
TNS   : 0.000

Type  : Fast 1100mV 0C Model Recovery 'altera_reserved_tck'
Slack : 49.032
TNS   : 0.000

Type  : Fast 1100mV 0C Model Removal 'altera_reserved_tck'
Slack : 0.343
TNS   : 0.000

Type  : Fast 1100mV 0C Model Removal 'sopc_clk'
Slack : 0.451
TNS   : 0.000

Type  : Fast 1100mV 0C Model Minimum Pulse Width 'sopc_clk'
Slack : 8.451
TNS   : 0.000

Type  : Fast 1100mV 0C Model Minimum Pulse Width 'altera_reserved_tck'
Slack : 48.757
TNS   : 0.000

------------------------------------------------------------
