Archive member included to satisfy reference by file (symbol)

/home/e2/intelFPGA_lite/20.1/nios2eds/bin/gnu/H-x86_64-pc-linux-gnu/bin/../lib/gcc/nios2-elf/10.1.1/../../../../../H-x86_64-pc-linux-gnu/nios2-elf/lib/mno-hw-mul/libsmallc.a(lib_a-puts.o)
                              obj/default/hello_world.o (puts)
/home/e2/intelFPGA_lite/20.1/nios2eds/bin/gnu/H-x86_64-pc-linux-gnu/bin/../lib/gcc/nios2-elf/10.1.1/../../../../../H-x86_64-pc-linux-gnu/nios2-elf/lib/mno-hw-mul/libsmallc.a(lib_a-strlen.o)
                              /home/e2/intelFPGA_lite/20.1/nios2eds/bin/gnu/H-x86_64-pc-linux-gnu/bin/../lib/gcc/nios2-elf/10.1.1/../../../../../H-x86_64-pc-linux-gnu/nios2-elf/lib/mno-hw-mul/libsmallc.a(lib_a-puts.o) (strlen)
/home/e2/intelFPGA_lite/20.1/nios2eds/bin/gnu/H-x86_64-pc-linux-gnu/bin/../lib/gcc/nios2-elf/10.1.1/../../../../../H-x86_64-pc-linux-gnu/nios2-elf/lib/mno-hw-mul/libsmallc.a(lib_a-fvwrite_small_dev.o)
                              /home/e2/intelFPGA_lite/20.1/nios2eds/bin/gnu/H-x86_64-pc-linux-gnu/bin/../lib/gcc/nios2-elf/10.1.1/../../../../../H-x86_64-pc-linux-gnu/nios2-elf/lib/mno-hw-mul/libsmallc.a(lib_a-puts.o) (__sfvwrite_small_dev)
/home/e2/intelFPGA_lite/20.1/nios2eds/bin/gnu/H-x86_64-pc-linux-gnu/bin/../lib/gcc/nios2-elf/10.1.1/../../../../../H-x86_64-pc-linux-gnu/nios2-elf/lib/mno-hw-mul/libsmallc.a(lib_a-impure.o)
                              /home/e2/intelFPGA_lite/20.1/nios2eds/bin/gnu/H-x86_64-pc-linux-gnu/bin/../lib/gcc/nios2-elf/10.1.1/../../../../../H-x86_64-pc-linux-gnu/nios2-elf/lib/mno-hw-mul/libsmallc.a(lib_a-puts.o) (_impure_ptr)
/home/e2/intelFPGA_lite/20.1/nios2eds/bin/gnu/H-x86_64-pc-linux-gnu/bin/../lib/gcc/nios2-elf/10.1.1/../../../../../H-x86_64-pc-linux-gnu/nios2-elf/lib/mno-hw-mul/libsmallc.a(lib_a-writer.o)
                              /home/e2/intelFPGA_lite/20.1/nios2eds/bin/gnu/H-x86_64-pc-linux-gnu/bin/../lib/gcc/nios2-elf/10.1.1/../../../../../H-x86_64-pc-linux-gnu/nios2-elf/lib/mno-hw-mul/libsmallc.a(lib_a-fvwrite_small_dev.o) (_write_r)
/home/e2/intelFPGA_lite/20.1/nios2eds/bin/gnu/H-x86_64-pc-linux-gnu/bin/../lib/gcc/nios2-elf/10.1.1/../../../../../H-x86_64-pc-linux-gnu/nios2-elf/lib/mno-hw-mul/libsmallc.a(lib_a-int_errno.o)
                              /home/e2/intelFPGA_lite/20.1/nios2eds/bin/gnu/H-x86_64-pc-linux-gnu/bin/../lib/gcc/nios2-elf/10.1.1/../../../../../H-x86_64-pc-linux-gnu/nios2-elf/lib/mno-hw-mul/libsmallc.a(lib_a-writer.o) (errno)
../hello_world_bsp//libhal_bsp.a(alt_load.o)
                              ../hello_world_bsp//obj/HAL/src/crt0.o (alt_load)
../hello_world_bsp//libhal_bsp.a(alt_main.o)
                              ../hello_world_bsp//obj/HAL/src/crt0.o (alt_main)
../hello_world_bsp//libhal_bsp.a(alt_write.o)
                              /home/e2/intelFPGA_lite/20.1/nios2eds/bin/gnu/H-x86_64-pc-linux-gnu/bin/../lib/gcc/nios2-elf/10.1.1/../../../../../H-x86_64-pc-linux-gnu/nios2-elf/lib/mno-hw-mul/libsmallc.a(lib_a-writer.o) (write)
../hello_world_bsp//libhal_bsp.a(alt_sys_init.o)
                              ../hello_world_bsp//libhal_bsp.a(alt_main.o) (alt_irq_init)
../hello_world_bsp//libhal_bsp.a(altera_avalon_jtag_uart_fd.o)
                              ../hello_world_bsp//libhal_bsp.a(alt_sys_init.o) (altera_avalon_jtag_uart_read_fd)
../hello_world_bsp//libhal_bsp.a(altera_avalon_jtag_uart_read.o)
                              ../hello_world_bsp//libhal_bsp.a(altera_avalon_jtag_uart_fd.o) (altera_avalon_jtag_uart_read)
../hello_world_bsp//libhal_bsp.a(altera_avalon_jtag_uart_write.o)
                              ../hello_world_bsp//libhal_bsp.a(altera_avalon_jtag_uart_fd.o) (altera_avalon_jtag_uart_write)
../hello_world_bsp//libhal_bsp.a(altera_avalon_timer_sc.o)
                              ../hello_world_bsp//libhal_bsp.a(alt_sys_init.o) (alt_avalon_timer_sc_init)
../hello_world_bsp//libhal_bsp.a(alt_close.o)
                              ../hello_world_bsp//libhal_bsp.a(alt_main.o) (close)
../hello_world_bsp//libhal_bsp.a(alt_dcache_flush_all.o)
                              ../hello_world_bsp//libhal_bsp.a(alt_load.o) (alt_dcache_flush_all)
../hello_world_bsp//libhal_bsp.a(alt_dev.o)
                              ../hello_world_bsp//libhal_bsp.a(alt_sys_init.o) (alt_dev_list)
../hello_world_bsp//libhal_bsp.a(alt_dev_llist_insert.o)
                              ../hello_world_bsp//libhal_bsp.a(alt_sys_init.o) (alt_dev_llist_insert)
../hello_world_bsp//libhal_bsp.a(alt_errno.o)
                              ../hello_world_bsp//libhal_bsp.a(alt_write.o) (alt_errno)
../hello_world_bsp//libhal_bsp.a(alt_icache_flush_all.o)
                              ../hello_world_bsp//libhal_bsp.a(alt_load.o) (alt_icache_flush_all)
../hello_world_bsp//libhal_bsp.a(alt_iic.o)
                              ../hello_world_bsp//libhal_bsp.a(altera_avalon_timer_sc.o) (alt_ic_isr_register)
../hello_world_bsp//libhal_bsp.a(alt_iic_isr_register.o)
                              ../hello_world_bsp//libhal_bsp.a(alt_iic.o) (alt_iic_isr_register)
../hello_world_bsp//libhal_bsp.a(alt_io_redirect.o)
                              ../hello_world_bsp//libhal_bsp.a(alt_main.o) (alt_io_redirect)
../hello_world_bsp//libhal_bsp.a(alt_irq_entry.o)
                              ../hello_world_bsp//libhal_bsp.a(alt_iic_isr_register.o) (alt_irq_entry)
../hello_world_bsp//libhal_bsp.a(alt_irq_handler.o)
                              ../hello_world_bsp//libhal_bsp.a(alt_iic_isr_register.o) (alt_irq)
../hello_world_bsp//libhal_bsp.a(alt_irq_vars.o)
                              ../hello_world_bsp//libhal_bsp.a(alt_iic.o) (alt_irq_active)
../hello_world_bsp//libhal_bsp.a(alt_open.o)
                              ../hello_world_bsp//libhal_bsp.a(alt_io_redirect.o) (open)
../hello_world_bsp//libhal_bsp.a(alt_release_fd.o)
                              ../hello_world_bsp//libhal_bsp.a(alt_close.o) (alt_release_fd)
../hello_world_bsp//libhal_bsp.a(alt_tick.o)
                              ../hello_world_bsp//libhal_bsp.a(altera_avalon_timer_sc.o) (_alt_tick_rate)
../hello_world_bsp//libhal_bsp.a(altera_nios2_gen2_irq.o)
                              ../hello_world_bsp//libhal_bsp.a(alt_sys_init.o) (altera_nios2_gen2_irq_init)
../hello_world_bsp//libhal_bsp.a(alt_exception_entry.o)
                              ../hello_world_bsp//libhal_bsp.a(alt_irq_entry.o) (alt_exception)
../hello_world_bsp//libhal_bsp.a(alt_find_dev.o)
                              ../hello_world_bsp//libhal_bsp.a(alt_open.o) (alt_find_dev)
../hello_world_bsp//libhal_bsp.a(alt_find_file.o)
                              ../hello_world_bsp//libhal_bsp.a(alt_open.o) (alt_find_file)
../hello_world_bsp//libhal_bsp.a(alt_get_fd.o)
                              ../hello_world_bsp//libhal_bsp.a(alt_open.o) (alt_get_fd)
../hello_world_bsp//libhal_bsp.a(alt_icache_flush.o)
                              ../hello_world_bsp//libhal_bsp.a(alt_icache_flush_all.o) (alt_icache_flush)
../hello_world_bsp//libhal_bsp.a(alt_instruction_exception_entry.o)
                              ../hello_world_bsp//libhal_bsp.a(alt_exception_entry.o) (alt_instruction_exception_entry)
/home/e2/intelFPGA_lite/20.1/nios2eds/bin/gnu/H-x86_64-pc-linux-gnu/bin/../lib/gcc/nios2-elf/10.1.1/../../../../../H-x86_64-pc-linux-gnu/nios2-elf/lib/mno-hw-mul/libsmallc.a(lib_a-exit.o)
                              ../hello_world_bsp//libhal_bsp.a(alt_main.o) (exit)
/home/e2/intelFPGA_lite/20.1/nios2eds/bin/gnu/H-x86_64-pc-linux-gnu/bin/../lib/gcc/nios2-elf/10.1.1/../../../../../H-x86_64-pc-linux-gnu/nios2-elf/lib/mno-hw-mul/libsmallc.a(lib_a-memcmp.o)
                              ../hello_world_bsp//libhal_bsp.a(alt_find_dev.o) (memcmp)
/home/e2/intelFPGA_lite/20.1/nios2eds/bin/gnu/H-x86_64-pc-linux-gnu/bin/../lib/gcc/nios2-elf/10.1.1/../../../../../H-x86_64-pc-linux-gnu/nios2-elf/lib/mno-hw-mul/libsmallc.a(lib_a-__call_atexit.o)
                              /home/e2/intelFPGA_lite/20.1/nios2eds/bin/gnu/H-x86_64-pc-linux-gnu/bin/../lib/gcc/nios2-elf/10.1.1/../../../../../H-x86_64-pc-linux-gnu/nios2-elf/lib/mno-hw-mul/libsmallc.a(lib_a-exit.o) (__call_exitprocs)
../hello_world_bsp//libhal_bsp.a(alt_exit.o)
                              /home/e2/intelFPGA_lite/20.1/nios2eds/bin/gnu/H-x86_64-pc-linux-gnu/bin/../lib/gcc/nios2-elf/10.1.1/../../../../../H-x86_64-pc-linux-gnu/nios2-elf/lib/mno-hw-mul/libsmallc.a(lib_a-exit.o) (_exit)

Memory Configuration

Name             Origin             Length             Attributes
reset            0x0000000000008000 0x0000000000000020
onchip_mem       0x0000000000008020 0x0000000000004fe0
*default*        0x0000000000000000 0xffffffffffffffff

Linker script and memory map

LOAD ../hello_world_bsp//obj/HAL/src/crt0.o
LOAD obj/default/hello_world.o
LOAD /home/e2/intelFPGA_lite/20.1/nios2eds/bin/gnu/H-x86_64-pc-linux-gnu/bin/../lib/gcc/nios2-elf/10.1.1/../../../../../H-x86_64-pc-linux-gnu/nios2-elf/lib/mno-hw-mul/libstdc++.a
LOAD /home/e2/intelFPGA_lite/20.1/nios2eds/bin/gnu/H-x86_64-pc-linux-gnu/bin/../lib/gcc/nios2-elf/10.1.1/../../../../../H-x86_64-pc-linux-gnu/nios2-elf/lib/mno-hw-mul/libm.a
LOAD /home/e2/intelFPGA_lite/20.1/nios2eds/bin/gnu/H-x86_64-pc-linux-gnu/bin/../lib/gcc/nios2-elf/10.1.1/mno-hw-mul/libgcc.a
START GROUP
LOAD /home/e2/intelFPGA_lite/20.1/nios2eds/bin/gnu/H-x86_64-pc-linux-gnu/bin/../lib/gcc/nios2-elf/10.1.1/../../../../../H-x86_64-pc-linux-gnu/nios2-elf/lib/mno-hw-mul/libsmallc.a
LOAD /home/e2/intelFPGA_lite/20.1/nios2eds/bin/gnu/H-x86_64-pc-linux-gnu/bin/../lib/gcc/nios2-elf/10.1.1/mno-hw-mul/libgcc.a
LOAD ../hello_world_bsp//libhal_bsp.a
LOAD /home/e2/intelFPGA_lite/20.1/nios2eds/bin/gnu/H-x86_64-pc-linux-gnu/bin/../lib/gcc/nios2-elf/10.1.1/../../../../../H-x86_64-pc-linux-gnu/nios2-elf/lib/mno-hw-mul/libm.a
END GROUP
LOAD /home/e2/intelFPGA_lite/20.1/nios2eds/bin/gnu/H-x86_64-pc-linux-gnu/bin/../lib/gcc/nios2-elf/10.1.1/mno-hw-mul/libgcc.a
                0x0000000000008000                __alt_mem_onchip_mem = 0x8000

.entry          0x0000000000008000       0x20
 *(.entry)
 .entry         0x0000000000008000       0x20 ../hello_world_bsp//obj/HAL/src/crt0.o
                0x0000000000008000                __reset

.exceptions     0x0000000000008020      0x218
                0x0000000000008020                PROVIDE (__ram_exceptions_start = ABSOLUTE (.))
                0x0000000000008020                . = ALIGN (0x20)
 *(.irq)
 *(.exceptions.entry.label)
 .exceptions.entry.label
                0x0000000000008020        0x0 ../hello_world_bsp//libhal_bsp.a(alt_irq_entry.o)
                0x0000000000008020                alt_irq_entry
 .exceptions.entry.label
                0x0000000000008020        0x0 ../hello_world_bsp//libhal_bsp.a(alt_exception_entry.o)
                0x0000000000008020                alt_exception
 *(.exceptions.entry.user)
 *(.exceptions.entry.ecc_fatal)
 *(.exceptions.entry)
 .exceptions.entry
                0x0000000000008020       0x54 ../hello_world_bsp//libhal_bsp.a(alt_exception_entry.o)
 *(.exceptions.irqtest.user)
 *(.exceptions.irqtest)
 .exceptions.irqtest
                0x0000000000008074       0x10 ../hello_world_bsp//libhal_bsp.a(alt_irq_entry.o)
 *(.exceptions.irqhandler.user)
 *(.exceptions.irqhandler)
 .exceptions.irqhandler
                0x0000000000008084        0x4 ../hello_world_bsp//libhal_bsp.a(alt_irq_entry.o)
 *(.exceptions.irqreturn.user)
 *(.exceptions.irqreturn)
 .exceptions.irqreturn
                0x0000000000008088        0x4 ../hello_world_bsp//libhal_bsp.a(alt_irq_entry.o)
 *(.exceptions.notirq.label)
 .exceptions.notirq.label
                0x000000000000808c        0x0 ../hello_world_bsp//libhal_bsp.a(alt_irq_entry.o)
 *(.exceptions.notirq.user)
 *(.exceptions.notirq)
 .exceptions.notirq
                0x000000000000808c        0x8 ../hello_world_bsp//libhal_bsp.a(alt_exception_entry.o)
 *(.exceptions.soft.user)
 *(.exceptions.soft)
 *(.exceptions.unknown.user)
 *(.exceptions.unknown)
 .exceptions.unknown
                0x0000000000008094       0x14 ../hello_world_bsp//libhal_bsp.a(alt_exception_entry.o)
 *(.exceptions.exit.label)
 .exceptions.exit.label
                0x00000000000080a8        0x0 ../hello_world_bsp//libhal_bsp.a(alt_irq_entry.o)
 .exceptions.exit.label
                0x00000000000080a8        0x0 ../hello_world_bsp//libhal_bsp.a(alt_exception_entry.o)
 *(.exceptions.exit.user)
 *(.exceptions.exit)
 .exceptions.exit
                0x00000000000080a8       0x54 ../hello_world_bsp//libhal_bsp.a(alt_exception_entry.o)
 *(.exceptions)
 .exceptions    0x00000000000080fc       0xc8 ../hello_world_bsp//libhal_bsp.a(alt_irq_handler.o)
                0x00000000000080fc                alt_irq_handler
 .exceptions    0x00000000000081c4       0x74 ../hello_world_bsp//libhal_bsp.a(alt_instruction_exception_entry.o)
                0x00000000000081c4                alt_instruction_exception_entry
                0x0000000000008238                PROVIDE (__ram_exceptions_end = ABSOLUTE (.))
                0x0000000000008020                PROVIDE (__flash_exceptions_start = LOADADDR (.exceptions))

.text           0x0000000000008238     0x1930
                [!provide]                        PROVIDE (stext = ABSOLUTE (.))
 *(.interp)
 *(.hash)
 *(.dynsym)
 *(.dynstr)
 *(.gnu.version)
 *(.gnu.version_d)
 *(.gnu.version_r)
 *(.rel.init)
 *(.rela.init)
 *(.rel.text .rel.text.* .rel.gnu.linkonce.t.*)
 *(.rela.text .rela.text.* .rela.gnu.linkonce.t.*)
 *(.rel.fini)
 *(.rela.fini)
 *(.rel.rodata .rel.rodata.* .rel.gnu.linkonce.r.*)
 *(.rela.rodata .rela.rodata.* .rela.gnu.linkonce.r.*)
 *(.rel.data .rel.data.* .rel.gnu.linkonce.d.*)
 *(.rela.data .rela.data.* .rela.gnu.linkonce.d.*)
 *(.rel.tdata .rel.tdata.* .rel.gnu.linkonce.td.*)
 *(.rela.tdata .rela.tdata.* .rela.gnu.linkonce.td.*)
 *(.rel.tbss .rel.tbss.* .rel.gnu.linkonce.tb.*)
 *(.rela.tbss .rela.tbss.* .rela.gnu.linkonce.tb.*)
 *(.rel.ctors)
 *(.rela.ctors)
 *(.rel.dtors)
 *(.rela.dtors)
 *(.rel.got)
 *(.rela.got)
 *(.rel.sdata .rel.sdata.* .rel.gnu.linkonce.s.*)
 *(.rela.sdata .rela.sdata.* .rela.gnu.linkonce.s.*)
 *(.rel.sbss .rel.sbss.* .rel.gnu.linkonce.sb.*)
 *(.rela.sbss .rela.sbss.* .rela.gnu.linkonce.sb.*)
 *(.rel.sdata2 .rel.sdata2.* .rel.gnu.linkonce.s2.*)
 *(.rela.sdata2 .rela.sdata2.* .rela.gnu.linkonce.s2.*)
 *(.rel.sbss2 .rel.sbss2.* .rel.gnu.linkonce.sb2.*)
 *(.rela.sbss2 .rela.sbss2.* .rela.gnu.linkonce.sb2.*)
 *(.rel.bss .rel.bss.* .rel.gnu.linkonce.b.*)
 *(.rela.bss .rela.bss.* .rela.gnu.linkonce.b.*)
 *(.rel.plt)
 *(.rela.plt)
 *(.rel.dyn)
 *(.init)
 *(.plt)
 *(.text .stub .text.* .gnu.linkonce.t.*)
 .text          0x0000000000008238       0x4c ../hello_world_bsp//obj/HAL/src/crt0.o
                0x0000000000008238                _start
 .text          0x0000000000008284       0x34 obj/default/hello_world.o
                0x0000000000008284                main
 .text          0x00000000000082b8        0x0 /home/e2/intelFPGA_lite/20.1/nios2eds/bin/gnu/H-x86_64-pc-linux-gnu/bin/../lib/gcc/nios2-elf/10.1.1/../../../../../H-x86_64-pc-linux-gnu/nios2-elf/lib/mno-hw-mul/libsmallc.a(lib_a-puts.o)
 .text._puts_r  0x00000000000082b8       0x80 /home/e2/intelFPGA_lite/20.1/nios2eds/bin/gnu/H-x86_64-pc-linux-gnu/bin/../lib/gcc/nios2-elf/10.1.1/../../../../../H-x86_64-pc-linux-gnu/nios2-elf/lib/mno-hw-mul/libsmallc.a(lib_a-puts.o)
                0x00000000000082b8                _puts_r
 .text.puts     0x0000000000008338       0x10 /home/e2/intelFPGA_lite/20.1/nios2eds/bin/gnu/H-x86_64-pc-linux-gnu/bin/../lib/gcc/nios2-elf/10.1.1/../../../../../H-x86_64-pc-linux-gnu/nios2-elf/lib/mno-hw-mul/libsmallc.a(lib_a-puts.o)
                0x0000000000008338                puts
 .text          0x0000000000008348        0x0 /home/e2/intelFPGA_lite/20.1/nios2eds/bin/gnu/H-x86_64-pc-linux-gnu/bin/../lib/gcc/nios2-elf/10.1.1/../../../../../H-x86_64-pc-linux-gnu/nios2-elf/lib/mno-hw-mul/libsmallc.a(lib_a-strlen.o)
 .text.strlen   0x0000000000008348       0x1c /home/e2/intelFPGA_lite/20.1/nios2eds/bin/gnu/H-x86_64-pc-linux-gnu/bin/../lib/gcc/nios2-elf/10.1.1/../../../../../H-x86_64-pc-linux-gnu/nios2-elf/lib/mno-hw-mul/libsmallc.a(lib_a-strlen.o)
                0x0000000000008348                strlen
 .text          0x0000000000008364        0x0 /home/e2/intelFPGA_lite/20.1/nios2eds/bin/gnu/H-x86_64-pc-linux-gnu/bin/../lib/gcc/nios2-elf/10.1.1/../../../../../H-x86_64-pc-linux-gnu/nios2-elf/lib/mno-hw-mul/libsmallc.a(lib_a-fvwrite_small_dev.o)
 .text.__sfvwrite_small_dev
                0x0000000000008364       0xa8 /home/e2/intelFPGA_lite/20.1/nios2eds/bin/gnu/H-x86_64-pc-linux-gnu/bin/../lib/gcc/nios2-elf/10.1.1/../../../../../H-x86_64-pc-linux-gnu/nios2-elf/lib/mno-hw-mul/libsmallc.a(lib_a-fvwrite_small_dev.o)
                0x0000000000008364                __sfvwrite_small_dev
 .text          0x000000000000840c        0x0 /home/e2/intelFPGA_lite/20.1/nios2eds/bin/gnu/H-x86_64-pc-linux-gnu/bin/../lib/gcc/nios2-elf/10.1.1/../../../../../H-x86_64-pc-linux-gnu/nios2-elf/lib/mno-hw-mul/libsmallc.a(lib_a-impure.o)
 .text          0x000000000000840c        0x0 /home/e2/intelFPGA_lite/20.1/nios2eds/bin/gnu/H-x86_64-pc-linux-gnu/bin/../lib/gcc/nios2-elf/10.1.1/../../../../../H-x86_64-pc-linux-gnu/nios2-elf/lib/mno-hw-mul/libsmallc.a(lib_a-writer.o)
 .text._write_r
                0x000000000000840c       0x50 /home/e2/intelFPGA_lite/20.1/nios2eds/bin/gnu/H-x86_64-pc-linux-gnu/bin/../lib/gcc/nios2-elf/10.1.1/../../../../../H-x86_64-pc-linux-gnu/nios2-elf/lib/mno-hw-mul/libsmallc.a(lib_a-writer.o)
                0x000000000000840c                _write_r
 .text          0x000000000000845c        0x0 /home/e2/intelFPGA_lite/20.1/nios2eds/bin/gnu/H-x86_64-pc-linux-gnu/bin/../lib/gcc/nios2-elf/10.1.1/../../../../../H-x86_64-pc-linux-gnu/nios2-elf/lib/mno-hw-mul/libsmallc.a(lib_a-int_errno.o)
 .text          0x000000000000845c       0xec ../hello_world_bsp//libhal_bsp.a(alt_load.o)
                0x00000000000084c4                alt_load
 .text          0x0000000000008548       0x6c ../hello_world_bsp//libhal_bsp.a(alt_main.o)
                0x0000000000008548                alt_main
 .text          0x00000000000085b4      0x140 ../hello_world_bsp//libhal_bsp.a(alt_write.o)
                0x00000000000085f0                write
 .text          0x00000000000086f4       0xc0 ../hello_world_bsp//libhal_bsp.a(alt_sys_init.o)
                0x0000000000008728                alt_irq_init
                0x0000000000008764                alt_sys_init
 .text          0x00000000000087b4       0xc0 ../hello_world_bsp//libhal_bsp.a(altera_avalon_jtag_uart_fd.o)
                0x00000000000087b4                altera_avalon_jtag_uart_read_fd
                0x0000000000008814                altera_avalon_jtag_uart_write_fd
 .text          0x0000000000008874       0xec ../hello_world_bsp//libhal_bsp.a(altera_avalon_jtag_uart_read.o)
                0x0000000000008874                altera_avalon_jtag_uart_read
 .text          0x0000000000008960       0x94 ../hello_world_bsp//libhal_bsp.a(altera_avalon_jtag_uart_write.o)
                0x0000000000008960                altera_avalon_jtag_uart_write
 .text          0x00000000000089f4      0x100 ../hello_world_bsp//libhal_bsp.a(altera_avalon_timer_sc.o)
                0x0000000000008a70                alt_avalon_timer_sc_init
 .text          0x0000000000008af4      0x118 ../hello_world_bsp//libhal_bsp.a(alt_close.o)
                0x0000000000008b30                close
 .text          0x0000000000008c0c       0x4c ../hello_world_bsp//libhal_bsp.a(alt_dcache_flush_all.o)
                0x0000000000008c0c                alt_dcache_flush_all
 .text          0x0000000000008c58       0x2c ../hello_world_bsp//libhal_bsp.a(alt_dev.o)
 .text          0x0000000000008c84       0xe4 ../hello_world_bsp//libhal_bsp.a(alt_dev_llist_insert.o)
                0x0000000000008cc0                alt_dev_llist_insert
 .text          0x0000000000008d68        0x0 ../hello_world_bsp//libhal_bsp.a(alt_errno.o)
 .text          0x0000000000008d68       0x34 ../hello_world_bsp//libhal_bsp.a(alt_icache_flush_all.o)
                0x0000000000008d68                alt_icache_flush_all
 .text          0x0000000000008d9c      0x1b0 ../hello_world_bsp//libhal_bsp.a(alt_iic.o)
                0x0000000000008d9c                alt_ic_isr_register
                0x0000000000008dec                alt_ic_irq_enable
                0x0000000000008e74                alt_ic_irq_disable
                0x0000000000008f00                alt_ic_irq_enabled
 .text          0x0000000000008f4c       0xe8 ../hello_world_bsp//libhal_bsp.a(alt_iic_isr_register.o)
                0x0000000000008f4c                alt_iic_isr_register
 .text          0x0000000000009034      0x150 ../hello_world_bsp//libhal_bsp.a(alt_io_redirect.o)
                0x0000000000009108                alt_io_redirect
 .text          0x0000000000009184        0x0 ../hello_world_bsp//libhal_bsp.a(alt_irq_entry.o)
 .text          0x0000000000009184        0x0 ../hello_world_bsp//libhal_bsp.a(alt_irq_handler.o)
 .text          0x0000000000009184        0x0 ../hello_world_bsp//libhal_bsp.a(alt_irq_vars.o)
 .text          0x0000000000009184      0x278 ../hello_world_bsp//libhal_bsp.a(alt_open.o)
                0x000000000000929c                open
 .text          0x00000000000093fc       0x70 ../hello_world_bsp//libhal_bsp.a(alt_release_fd.o)
                0x00000000000093fc                alt_release_fd
 .text          0x000000000000946c      0x1ac ../hello_world_bsp//libhal_bsp.a(alt_tick.o)
                0x000000000000946c                alt_alarm_stop
                0x0000000000009510                alt_tick
 .text          0x0000000000009618       0x24 ../hello_world_bsp//libhal_bsp.a(altera_nios2_gen2_irq.o)
                0x0000000000009618                altera_nios2_gen2_irq_init
 .text          0x000000000000963c        0x0 ../hello_world_bsp//libhal_bsp.a(alt_exception_entry.o)
 .text          0x000000000000963c       0x90 ../hello_world_bsp//libhal_bsp.a(alt_find_dev.o)
                0x000000000000963c                alt_find_dev
 .text          0x00000000000096cc      0x108 ../hello_world_bsp//libhal_bsp.a(alt_find_file.o)
                0x00000000000096cc                alt_find_file
 .text          0x00000000000097d4       0xb8 ../hello_world_bsp//libhal_bsp.a(alt_get_fd.o)
                0x00000000000097d4                alt_get_fd
 .text          0x000000000000988c       0x90 ../hello_world_bsp//libhal_bsp.a(alt_icache_flush.o)
                0x000000000000988c                alt_icache_flush
 .text          0x000000000000991c       0x98 ../hello_world_bsp//libhal_bsp.a(alt_instruction_exception_entry.o)
                0x000000000000991c                alt_exception_cause_generated_bad_addr
 .text          0x00000000000099b4        0x0 /home/e2/intelFPGA_lite/20.1/nios2eds/bin/gnu/H-x86_64-pc-linux-gnu/bin/../lib/gcc/nios2-elf/10.1.1/../../../../../H-x86_64-pc-linux-gnu/nios2-elf/lib/mno-hw-mul/libsmallc.a(lib_a-exit.o)
 .text.exit     0x00000000000099b4       0x20 /home/e2/intelFPGA_lite/20.1/nios2eds/bin/gnu/H-x86_64-pc-linux-gnu/bin/../lib/gcc/nios2-elf/10.1.1/../../../../../H-x86_64-pc-linux-gnu/nios2-elf/lib/mno-hw-mul/libsmallc.a(lib_a-exit.o)
                0x00000000000099b4                exit
 .text          0x00000000000099d4        0x0 /home/e2/intelFPGA_lite/20.1/nios2eds/bin/gnu/H-x86_64-pc-linux-gnu/bin/../lib/gcc/nios2-elf/10.1.1/../../../../../H-x86_64-pc-linux-gnu/nios2-elf/lib/mno-hw-mul/libsmallc.a(lib_a-memcmp.o)
 .text.memcmp   0x00000000000099d4       0x30 /home/e2/intelFPGA_lite/20.1/nios2eds/bin/gnu/H-x86_64-pc-linux-gnu/bin/../lib/gcc/nios2-elf/10.1.1/../../../../../H-x86_64-pc-linux-gnu/nios2-elf/lib/mno-hw-mul/libsmallc.a(lib_a-memcmp.o)
                0x00000000000099d4                memcmp
 .text          0x0000000000009a04        0x0 /home/e2/intelFPGA_lite/20.1/nios2eds/bin/gnu/H-x86_64-pc-linux-gnu/bin/../lib/gcc/nios2-elf/10.1.1/../../../../../H-x86_64-pc-linux-gnu/nios2-elf/lib/mno-hw-mul/libsmallc.a(lib_a-__call_atexit.o)
 .text.__call_exitprocs
                0x0000000000009a04      0x12c /home/e2/intelFPGA_lite/20.1/nios2eds/bin/gnu/H-x86_64-pc-linux-gnu/bin/../lib/gcc/nios2-elf/10.1.1/../../../../../H-x86_64-pc-linux-gnu/nios2-elf/lib/mno-hw-mul/libsmallc.a(lib_a-__call_atexit.o)
                0x0000000000009a04                __call_exitprocs
 .text          0x0000000000009b30       0x38 ../hello_world_bsp//libhal_bsp.a(alt_exit.o)
                0x0000000000009b30                _exit
 *(.gnu.warning.*)
 *(.fini)
                [!provide]                        PROVIDE (__etext = ABSOLUTE (.))
                [!provide]                        PROVIDE (_etext = ABSOLUTE (.))
                [!provide]                        PROVIDE (etext = ABSOLUTE (.))
 *(.eh_frame_hdr)
                0x0000000000009b68                . = ALIGN (0x4)
                [!provide]                        PROVIDE (__preinit_array_start = ABSOLUTE (.))
 *(.preinit_array)
                [!provide]                        PROVIDE (__preinit_array_end = ABSOLUTE (.))
                [!provide]                        PROVIDE (__init_array_start = ABSOLUTE (.))
 *(.init_array)
                [!provide]                        PROVIDE (__init_array_end = ABSOLUTE (.))
                [!provide]                        PROVIDE (__fini_array_start = ABSOLUTE (.))
 *(.fini_array)
                [!provide]                        PROVIDE (__fini_array_end = ABSOLUTE (.))
 *(.eh_frame)
 *(.gcc_except_table .gcc_except_table.*)
 *(.dynamic)
                [!provide]                        PROVIDE (__CTOR_LIST__ = ABSOLUTE (.))
 *(.ctors)
 *(SORT_BY_NAME(.ctors.*))
                [!provide]                        PROVIDE (__CTOR_END__ = ABSOLUTE (.))
                [!provide]                        PROVIDE (__DTOR_LIST__ = ABSOLUTE (.))
 *(.dtors)
 *(SORT_BY_NAME(.dtors.*))
                [!provide]                        PROVIDE (__DTOR_END__ = ABSOLUTE (.))
 *(.jcr)
                0x0000000000009b68                . = ALIGN (0x4)

.rodata         0x0000000000009b68       0x44
                0x0000000000009b68                PROVIDE (__ram_rodata_start = ABSOLUTE (.))
                0x0000000000009b68                . = ALIGN (0x4)
 *(.rodata .rodata.* .gnu.linkonce.r.*)
 .rodata        0x0000000000009b68       0x14 obj/default/hello_world.o
 .rodata._puts_r.str1.4
                0x0000000000009b7c        0x2 /home/e2/intelFPGA_lite/20.1/nios2eds/bin/gnu/H-x86_64-pc-linux-gnu/bin/../lib/gcc/nios2-elf/10.1.1/../../../../../H-x86_64-pc-linux-gnu/nios2-elf/lib/mno-hw-mul/libsmallc.a(lib_a-puts.o)
 *fill*         0x0000000000009b7e        0x2 
 .rodata        0x0000000000009b80        0xf ../hello_world_bsp//libhal_bsp.a(alt_main.o)
 *fill*         0x0000000000009b8f        0x1 
 .rodata        0x0000000000009b90        0xf ../hello_world_bsp//libhal_bsp.a(alt_sys_init.o)
 *fill*         0x0000000000009b9f        0x1 
 .rodata        0x0000000000009ba0        0xa ../hello_world_bsp//libhal_bsp.a(alt_dev.o)
 *(.rodata1)
                0x0000000000009bac                . = ALIGN (0x4)
 *fill*         0x0000000000009baa        0x2 
                0x0000000000009bac                PROVIDE (__ram_rodata_end = ABSOLUTE (.))
                0x0000000000009b68                PROVIDE (__flash_rodata_start = LOADADDR (.rodata))

.rwdata         0x0000000000009bac      0x2e4 load address 0x0000000000009e90
                0x0000000000009bac                PROVIDE (__ram_rwdata_start = ABSOLUTE (.))
                0x0000000000009bac                . = ALIGN (0x4)
 *(.got.plt)
 *(.got)
 *(.data1)
 *(.data .data.* .gnu.linkonce.d.*)
 .data          0x0000000000009bac        0x0 ../hello_world_bsp//obj/HAL/src/crt0.o
 .data          0x0000000000009bac        0x0 obj/default/hello_world.o
 .data          0x0000000000009bac        0x0 /home/e2/intelFPGA_lite/20.1/nios2eds/bin/gnu/H-x86_64-pc-linux-gnu/bin/../lib/gcc/nios2-elf/10.1.1/../../../../../H-x86_64-pc-linux-gnu/nios2-elf/lib/mno-hw-mul/libsmallc.a(lib_a-puts.o)
 .data          0x0000000000009bac        0x0 /home/e2/intelFPGA_lite/20.1/nios2eds/bin/gnu/H-x86_64-pc-linux-gnu/bin/../lib/gcc/nios2-elf/10.1.1/../../../../../H-x86_64-pc-linux-gnu/nios2-elf/lib/mno-hw-mul/libsmallc.a(lib_a-strlen.o)
 .data          0x0000000000009bac        0x0 /home/e2/intelFPGA_lite/20.1/nios2eds/bin/gnu/H-x86_64-pc-linux-gnu/bin/../lib/gcc/nios2-elf/10.1.1/../../../../../H-x86_64-pc-linux-gnu/nios2-elf/lib/mno-hw-mul/libsmallc.a(lib_a-fvwrite_small_dev.o)
 .data          0x0000000000009bac        0x0 /home/e2/intelFPGA_lite/20.1/nios2eds/bin/gnu/H-x86_64-pc-linux-gnu/bin/../lib/gcc/nios2-elf/10.1.1/../../../../../H-x86_64-pc-linux-gnu/nios2-elf/lib/mno-hw-mul/libsmallc.a(lib_a-impure.o)
 .data.impure_data
                0x0000000000009bac       0xe4 /home/e2/intelFPGA_lite/20.1/nios2eds/bin/gnu/H-x86_64-pc-linux-gnu/bin/../lib/gcc/nios2-elf/10.1.1/../../../../../H-x86_64-pc-linux-gnu/nios2-elf/lib/mno-hw-mul/libsmallc.a(lib_a-impure.o)
 .data          0x0000000000009c90        0x0 /home/e2/intelFPGA_lite/20.1/nios2eds/bin/gnu/H-x86_64-pc-linux-gnu/bin/../lib/gcc/nios2-elf/10.1.1/../../../../../H-x86_64-pc-linux-gnu/nios2-elf/lib/mno-hw-mul/libsmallc.a(lib_a-writer.o)
 .data          0x0000000000009c90        0x0 /home/e2/intelFPGA_lite/20.1/nios2eds/bin/gnu/H-x86_64-pc-linux-gnu/bin/../lib/gcc/nios2-elf/10.1.1/../../../../../H-x86_64-pc-linux-gnu/nios2-elf/lib/mno-hw-mul/libsmallc.a(lib_a-int_errno.o)
 .data          0x0000000000009c90        0x0 ../hello_world_bsp//libhal_bsp.a(alt_load.o)
 .data          0x0000000000009c90        0x0 ../hello_world_bsp//libhal_bsp.a(alt_main.o)
 .data          0x0000000000009c90        0x0 ../hello_world_bsp//libhal_bsp.a(alt_write.o)
 .data          0x0000000000009c90       0x2c ../hello_world_bsp//libhal_bsp.a(alt_sys_init.o)
 .data          0x0000000000009cbc        0x0 ../hello_world_bsp//libhal_bsp.a(altera_avalon_jtag_uart_fd.o)
 .data          0x0000000000009cbc        0x0 ../hello_world_bsp//libhal_bsp.a(altera_avalon_jtag_uart_read.o)
 .data          0x0000000000009cbc        0x0 ../hello_world_bsp//libhal_bsp.a(altera_avalon_jtag_uart_write.o)
 .data          0x0000000000009cbc        0x0 ../hello_world_bsp//libhal_bsp.a(altera_avalon_timer_sc.o)
 .data          0x0000000000009cbc        0x0 ../hello_world_bsp//libhal_bsp.a(alt_close.o)
 .data          0x0000000000009cbc        0x0 ../hello_world_bsp//libhal_bsp.a(alt_dcache_flush_all.o)
 .data          0x0000000000009cbc      0x1a8 ../hello_world_bsp//libhal_bsp.a(alt_dev.o)
                0x0000000000009cbc                alt_dev_null
                0x0000000000009ce4                alt_fd_list
 .data          0x0000000000009e64        0x0 ../hello_world_bsp//libhal_bsp.a(alt_dev_llist_insert.o)
 .data          0x0000000000009e64        0x0 ../hello_world_bsp//libhal_bsp.a(alt_errno.o)
 .data          0x0000000000009e64        0x0 ../hello_world_bsp//libhal_bsp.a(alt_icache_flush_all.o)
 .data          0x0000000000009e64        0x0 ../hello_world_bsp//libhal_bsp.a(alt_iic.o)
 .data          0x0000000000009e64        0x0 ../hello_world_bsp//libhal_bsp.a(alt_iic_isr_register.o)
 .data          0x0000000000009e64        0x0 ../hello_world_bsp//libhal_bsp.a(alt_io_redirect.o)
 .data          0x0000000000009e64        0x0 ../hello_world_bsp//libhal_bsp.a(alt_irq_entry.o)
 .data          0x0000000000009e64        0x0 ../hello_world_bsp//libhal_bsp.a(alt_irq_handler.o)
 .data          0x0000000000009e64        0x0 ../hello_world_bsp//libhal_bsp.a(alt_irq_vars.o)
 .data          0x0000000000009e64        0x0 ../hello_world_bsp//libhal_bsp.a(alt_open.o)
 .data          0x0000000000009e64        0x0 ../hello_world_bsp//libhal_bsp.a(alt_release_fd.o)
 .data          0x0000000000009e64        0x0 ../hello_world_bsp//libhal_bsp.a(alt_tick.o)
 .data          0x0000000000009e64        0x0 ../hello_world_bsp//libhal_bsp.a(altera_nios2_gen2_irq.o)
 .data          0x0000000000009e64        0x0 ../hello_world_bsp//libhal_bsp.a(alt_exception_entry.o)
 .data          0x0000000000009e64        0x0 ../hello_world_bsp//libhal_bsp.a(alt_find_dev.o)
 .data          0x0000000000009e64        0x0 ../hello_world_bsp//libhal_bsp.a(alt_find_file.o)
 .data          0x0000000000009e64        0x0 ../hello_world_bsp//libhal_bsp.a(alt_get_fd.o)
 .data          0x0000000000009e64        0x0 ../hello_world_bsp//libhal_bsp.a(alt_icache_flush.o)
 .data          0x0000000000009e64        0x0 ../hello_world_bsp//libhal_bsp.a(alt_instruction_exception_entry.o)
 .data          0x0000000000009e64        0x0 /home/e2/intelFPGA_lite/20.1/nios2eds/bin/gnu/H-x86_64-pc-linux-gnu/bin/../lib/gcc/nios2-elf/10.1.1/../../../../../H-x86_64-pc-linux-gnu/nios2-elf/lib/mno-hw-mul/libsmallc.a(lib_a-exit.o)
 .data          0x0000000000009e64        0x0 /home/e2/intelFPGA_lite/20.1/nios2eds/bin/gnu/H-x86_64-pc-linux-gnu/bin/../lib/gcc/nios2-elf/10.1.1/../../../../../H-x86_64-pc-linux-gnu/nios2-elf/lib/mno-hw-mul/libsmallc.a(lib_a-memcmp.o)
 .data          0x0000000000009e64        0x0 /home/e2/intelFPGA_lite/20.1/nios2eds/bin/gnu/H-x86_64-pc-linux-gnu/bin/../lib/gcc/nios2-elf/10.1.1/../../../../../H-x86_64-pc-linux-gnu/nios2-elf/lib/mno-hw-mul/libsmallc.a(lib_a-__call_atexit.o)
 .data          0x0000000000009e64        0x0 ../hello_world_bsp//libhal_bsp.a(alt_exit.o)
                0x0000000000011e64                _gp = ABSOLUTE ((. + 0x8000))
                [!provide]                        PROVIDE (gp = _gp)
 *(.rwdata .rwdata.*)
 *(.sdata .sdata.* .gnu.linkonce.s.*)
 .sdata._global_impure_ptr
                0x0000000000009e64        0x4 /home/e2/intelFPGA_lite/20.1/nios2eds/bin/gnu/H-x86_64-pc-linux-gnu/bin/../lib/gcc/nios2-elf/10.1.1/../../../../../H-x86_64-pc-linux-gnu/nios2-elf/lib/mno-hw-mul/libsmallc.a(lib_a-impure.o)
                0x0000000000009e64                _global_impure_ptr
 .sdata._impure_ptr
                0x0000000000009e68        0x4 /home/e2/intelFPGA_lite/20.1/nios2eds/bin/gnu/H-x86_64-pc-linux-gnu/bin/../lib/gcc/nios2-elf/10.1.1/../../../../../H-x86_64-pc-linux-gnu/nios2-elf/lib/mno-hw-mul/libsmallc.a(lib_a-impure.o)
                0x0000000000009e68                _impure_ptr
 .sdata         0x0000000000009e6c       0x14 ../hello_world_bsp//libhal_bsp.a(alt_dev.o)
                0x0000000000009e6c                alt_fs_list
                0x0000000000009e74                alt_dev_list
                0x0000000000009e7c                alt_max_fd
 .sdata         0x0000000000009e80        0x4 ../hello_world_bsp//libhal_bsp.a(alt_errno.o)
                0x0000000000009e80                alt_errno
 .sdata         0x0000000000009e84        0x4 ../hello_world_bsp//libhal_bsp.a(alt_irq_vars.o)
                0x0000000000009e84                alt_priority_mask
 .sdata         0x0000000000009e88        0x8 ../hello_world_bsp//libhal_bsp.a(alt_tick.o)
                0x0000000000009e88                alt_alarm_list
 *(.sdata2 .sdata2.* .gnu.linkonce.s2.*)
                0x0000000000009e90                . = ALIGN (0x4)
                0x0000000000009e90                _edata = ABSOLUTE (.)
                [!provide]                        PROVIDE (edata = ABSOLUTE (.))
                0x0000000000009e90                PROVIDE (__ram_rwdata_end = ABSOLUTE (.))
                0x0000000000009e90                PROVIDE (__flash_rwdata_start = LOADADDR (.rwdata))

.bss            0x000000000000a174      0x120
                0x000000000000a174                __bss_start = ABSOLUTE (.)
                [!provide]                        PROVIDE (__sbss_start = ABSOLUTE (.))
                [!provide]                        PROVIDE (___sbss_start = ABSOLUTE (.))
 *(.dynsbss)
 *(.sbss .sbss.* .gnu.linkonce.sb.*)
 .sbss.errno    0x000000000000a174        0x4 /home/e2/intelFPGA_lite/20.1/nios2eds/bin/gnu/H-x86_64-pc-linux-gnu/bin/../lib/gcc/nios2-elf/10.1.1/../../../../../H-x86_64-pc-linux-gnu/nios2-elf/lib/mno-hw-mul/libsmallc.a(lib_a-int_errno.o)
                0x000000000000a174                errno
 .sbss          0x000000000000a178        0xc ../hello_world_bsp//libhal_bsp.a(alt_main.o)
                0x000000000000a178                alt_argc
                0x000000000000a17c                alt_argv
                0x000000000000a180                alt_envp
 .sbss          0x000000000000a184        0x4 ../hello_world_bsp//libhal_bsp.a(alt_irq_vars.o)
                0x000000000000a184                alt_irq_active
 .sbss          0x000000000000a188        0x8 ../hello_world_bsp//libhal_bsp.a(alt_tick.o)
                0x000000000000a188                _alt_tick_rate
                0x000000000000a18c                _alt_nticks
 .sbss          0x000000000000a190        0x4 ../hello_world_bsp//libhal_bsp.a(alt_instruction_exception_entry.o)
                0x000000000000a190                alt_instruction_exception_handler
 *(.sbss2 .sbss2.* .gnu.linkonce.sb2.*)
 *(.scommon)
                [!provide]                        PROVIDE (__sbss_end = ABSOLUTE (.))
                [!provide]                        PROVIDE (___sbss_end = ABSOLUTE (.))
 *(.dynbss)
 *(.bss .bss.* .gnu.linkonce.b.*)
 .bss           0x000000000000a194        0x0 ../hello_world_bsp//obj/HAL/src/crt0.o
 .bss           0x000000000000a194        0x0 obj/default/hello_world.o
 .bss           0x000000000000a194        0x0 /home/e2/intelFPGA_lite/20.1/nios2eds/bin/gnu/H-x86_64-pc-linux-gnu/bin/../lib/gcc/nios2-elf/10.1.1/../../../../../H-x86_64-pc-linux-gnu/nios2-elf/lib/mno-hw-mul/libsmallc.a(lib_a-puts.o)
 .bss           0x000000000000a194        0x0 /home/e2/intelFPGA_lite/20.1/nios2eds/bin/gnu/H-x86_64-pc-linux-gnu/bin/../lib/gcc/nios2-elf/10.1.1/../../../../../H-x86_64-pc-linux-gnu/nios2-elf/lib/mno-hw-mul/libsmallc.a(lib_a-strlen.o)
 .bss           0x000000000000a194        0x0 /home/e2/intelFPGA_lite/20.1/nios2eds/bin/gnu/H-x86_64-pc-linux-gnu/bin/../lib/gcc/nios2-elf/10.1.1/../../../../../H-x86_64-pc-linux-gnu/nios2-elf/lib/mno-hw-mul/libsmallc.a(lib_a-fvwrite_small_dev.o)
 .bss           0x000000000000a194        0x0 /home/e2/intelFPGA_lite/20.1/nios2eds/bin/gnu/H-x86_64-pc-linux-gnu/bin/../lib/gcc/nios2-elf/10.1.1/../../../../../H-x86_64-pc-linux-gnu/nios2-elf/lib/mno-hw-mul/libsmallc.a(lib_a-impure.o)
 .bss           0x000000000000a194        0x0 /home/e2/intelFPGA_lite/20.1/nios2eds/bin/gnu/H-x86_64-pc-linux-gnu/bin/../lib/gcc/nios2-elf/10.1.1/../../../../../H-x86_64-pc-linux-gnu/nios2-elf/lib/mno-hw-mul/libsmallc.a(lib_a-writer.o)
 .bss           0x000000000000a194        0x0 /home/e2/intelFPGA_lite/20.1/nios2eds/bin/gnu/H-x86_64-pc-linux-gnu/bin/../lib/gcc/nios2-elf/10.1.1/../../../../../H-x86_64-pc-linux-gnu/nios2-elf/lib/mno-hw-mul/libsmallc.a(lib_a-int_errno.o)
 .bss           0x000000000000a194        0x0 ../hello_world_bsp//libhal_bsp.a(alt_load.o)
 .bss           0x000000000000a194        0x0 ../hello_world_bsp//libhal_bsp.a(alt_main.o)
 .bss           0x000000000000a194        0x0 ../hello_world_bsp//libhal_bsp.a(alt_write.o)
 .bss           0x000000000000a194        0x0 ../hello_world_bsp//libhal_bsp.a(alt_sys_init.o)
 .bss           0x000000000000a194        0x0 ../hello_world_bsp//libhal_bsp.a(altera_avalon_jtag_uart_fd.o)
 .bss           0x000000000000a194        0x0 ../hello_world_bsp//libhal_bsp.a(altera_avalon_jtag_uart_read.o)
 .bss           0x000000000000a194        0x0 ../hello_world_bsp//libhal_bsp.a(altera_avalon_jtag_uart_write.o)
 .bss           0x000000000000a194        0x0 ../hello_world_bsp//libhal_bsp.a(altera_avalon_timer_sc.o)
 .bss           0x000000000000a194        0x0 ../hello_world_bsp//libhal_bsp.a(alt_close.o)
 .bss           0x000000000000a194        0x0 ../hello_world_bsp//libhal_bsp.a(alt_dcache_flush_all.o)
 .bss           0x000000000000a194        0x0 ../hello_world_bsp//libhal_bsp.a(alt_dev.o)
 .bss           0x000000000000a194        0x0 ../hello_world_bsp//libhal_bsp.a(alt_dev_llist_insert.o)
 .bss           0x000000000000a194        0x0 ../hello_world_bsp//libhal_bsp.a(alt_errno.o)
 .bss           0x000000000000a194        0x0 ../hello_world_bsp//libhal_bsp.a(alt_icache_flush_all.o)
 .bss           0x000000000000a194        0x0 ../hello_world_bsp//libhal_bsp.a(alt_iic.o)
 .bss           0x000000000000a194        0x0 ../hello_world_bsp//libhal_bsp.a(alt_iic_isr_register.o)
 .bss           0x000000000000a194        0x0 ../hello_world_bsp//libhal_bsp.a(alt_io_redirect.o)
 .bss           0x000000000000a194        0x0 ../hello_world_bsp//libhal_bsp.a(alt_irq_entry.o)
 .bss           0x000000000000a194      0x100 ../hello_world_bsp//libhal_bsp.a(alt_irq_handler.o)
                0x000000000000a194                alt_irq
 .bss           0x000000000000a294        0x0 ../hello_world_bsp//libhal_bsp.a(alt_irq_vars.o)
 .bss           0x000000000000a294        0x0 ../hello_world_bsp//libhal_bsp.a(alt_open.o)
 .bss           0x000000000000a294        0x0 ../hello_world_bsp//libhal_bsp.a(alt_release_fd.o)
 .bss           0x000000000000a294        0x0 ../hello_world_bsp//libhal_bsp.a(alt_tick.o)
 .bss           0x000000000000a294        0x0 ../hello_world_bsp//libhal_bsp.a(altera_nios2_gen2_irq.o)
 .bss           0x000000000000a294        0x0 ../hello_world_bsp//libhal_bsp.a(alt_exception_entry.o)
 .bss           0x000000000000a294        0x0 ../hello_world_bsp//libhal_bsp.a(alt_find_dev.o)
 .bss           0x000000000000a294        0x0 ../hello_world_bsp//libhal_bsp.a(alt_find_file.o)
 .bss           0x000000000000a294        0x0 ../hello_world_bsp//libhal_bsp.a(alt_get_fd.o)
 .bss           0x000000000000a294        0x0 ../hello_world_bsp//libhal_bsp.a(alt_icache_flush.o)
 .bss           0x000000000000a294        0x0 ../hello_world_bsp//libhal_bsp.a(alt_instruction_exception_entry.o)
 .bss           0x000000000000a294        0x0 /home/e2/intelFPGA_lite/20.1/nios2eds/bin/gnu/H-x86_64-pc-linux-gnu/bin/../lib/gcc/nios2-elf/10.1.1/../../../../../H-x86_64-pc-linux-gnu/nios2-elf/lib/mno-hw-mul/libsmallc.a(lib_a-exit.o)
 .bss           0x000000000000a294        0x0 /home/e2/intelFPGA_lite/20.1/nios2eds/bin/gnu/H-x86_64-pc-linux-gnu/bin/../lib/gcc/nios2-elf/10.1.1/../../../../../H-x86_64-pc-linux-gnu/nios2-elf/lib/mno-hw-mul/libsmallc.a(lib_a-memcmp.o)
 .bss           0x000000000000a294        0x0 /home/e2/intelFPGA_lite/20.1/nios2eds/bin/gnu/H-x86_64-pc-linux-gnu/bin/../lib/gcc/nios2-elf/10.1.1/../../../../../H-x86_64-pc-linux-gnu/nios2-elf/lib/mno-hw-mul/libsmallc.a(lib_a-__call_atexit.o)
 .bss           0x000000000000a294        0x0 ../hello_world_bsp//libhal_bsp.a(alt_exit.o)
 *(COMMON)
                0x000000000000a294                . = ALIGN (0x4)
                0x000000000000a294                __bss_end = ABSOLUTE (.)

.onchip_mem     0x000000000000a294        0x0
                [!provide]                        PROVIDE (_alt_partition_onchip_mem_start = ABSOLUTE (.))
 *(.onchip_mem .onchip_mem. onchip_mem.*)
                0x000000000000a294                . = ALIGN (0x4)
                [!provide]                        PROVIDE (_alt_partition_onchip_mem_end = ABSOLUTE (.))
                0x000000000000a294                _end = ABSOLUTE (.)
                0x000000000000a294                end = ABSOLUTE (.)
                0x000000000000a294                __alt_stack_base = ABSOLUTE (.)
                [!provide]                        PROVIDE (_alt_partition_onchip_mem_load_addr = LOADADDR (.onchip_mem))

.stab
 *(.stab)

.stabstr
 *(.stabstr)

.stab.excl
 *(.stab.excl)

.stab.exclstr
 *(.stab.exclstr)

.stab.index
 *(.stab.index)

.stab.indexstr
 *(.stab.indexstr)

.comment        0x0000000000000000       0x2d
 *(.comment)
 .comment       0x0000000000000000       0x2d obj/default/hello_world.o
                                         0x2e (size before relaxing)
 .comment       0x000000000000002d       0x2e /home/e2/intelFPGA_lite/20.1/nios2eds/bin/gnu/H-x86_64-pc-linux-gnu/bin/../lib/gcc/nios2-elf/10.1.1/../../../../../H-x86_64-pc-linux-gnu/nios2-elf/lib/mno-hw-mul/libsmallc.a(lib_a-puts.o)
 .comment       0x000000000000002d       0x2e /home/e2/intelFPGA_lite/20.1/nios2eds/bin/gnu/H-x86_64-pc-linux-gnu/bin/../lib/gcc/nios2-elf/10.1.1/../../../../../H-x86_64-pc-linux-gnu/nios2-elf/lib/mno-hw-mul/libsmallc.a(lib_a-strlen.o)
 .comment       0x000000000000002d       0x2e /home/e2/intelFPGA_lite/20.1/nios2eds/bin/gnu/H-x86_64-pc-linux-gnu/bin/../lib/gcc/nios2-elf/10.1.1/../../../../../H-x86_64-pc-linux-gnu/nios2-elf/lib/mno-hw-mul/libsmallc.a(lib_a-fvwrite_small_dev.o)
 .comment       0x000000000000002d       0x2e /home/e2/intelFPGA_lite/20.1/nios2eds/bin/gnu/H-x86_64-pc-linux-gnu/bin/../lib/gcc/nios2-elf/10.1.1/../../../../../H-x86_64-pc-linux-gnu/nios2-elf/lib/mno-hw-mul/libsmallc.a(lib_a-impure.o)
 .comment       0x000000000000002d       0x2e /home/e2/intelFPGA_lite/20.1/nios2eds/bin/gnu/H-x86_64-pc-linux-gnu/bin/../lib/gcc/nios2-elf/10.1.1/../../../../../H-x86_64-pc-linux-gnu/nios2-elf/lib/mno-hw-mul/libsmallc.a(lib_a-writer.o)
 .comment       0x000000000000002d       0x2e /home/e2/intelFPGA_lite/20.1/nios2eds/bin/gnu/H-x86_64-pc-linux-gnu/bin/../lib/gcc/nios2-elf/10.1.1/../../../../../H-x86_64-pc-linux-gnu/nios2-elf/lib/mno-hw-mul/libsmallc.a(lib_a-int_errno.o)
 .comment       0x000000000000002d       0x2e ../hello_world_bsp//libhal_bsp.a(alt_load.o)
 .comment       0x000000000000002d       0x2e ../hello_world_bsp//libhal_bsp.a(alt_main.o)
 .comment       0x000000000000002d       0x2e ../hello_world_bsp//libhal_bsp.a(alt_write.o)
 .comment       0x000000000000002d       0x2e ../hello_world_bsp//libhal_bsp.a(alt_sys_init.o)
 .comment       0x000000000000002d       0x2e ../hello_world_bsp//libhal_bsp.a(altera_avalon_jtag_uart_fd.o)
 .comment       0x000000000000002d       0x2e ../hello_world_bsp//libhal_bsp.a(altera_avalon_jtag_uart_read.o)
 .comment       0x000000000000002d       0x2e ../hello_world_bsp//libhal_bsp.a(altera_avalon_jtag_uart_write.o)
 .comment       0x000000000000002d       0x2e ../hello_world_bsp//libhal_bsp.a(altera_avalon_timer_sc.o)
 .comment       0x000000000000002d       0x2e ../hello_world_bsp//libhal_bsp.a(alt_close.o)
 .comment       0x000000000000002d       0x2e ../hello_world_bsp//libhal_bsp.a(alt_dcache_flush_all.o)
 .comment       0x000000000000002d       0x2e ../hello_world_bsp//libhal_bsp.a(alt_dev.o)
 .comment       0x000000000000002d       0x2e ../hello_world_bsp//libhal_bsp.a(alt_dev_llist_insert.o)
 .comment       0x000000000000002d       0x2e ../hello_world_bsp//libhal_bsp.a(alt_errno.o)
 .comment       0x000000000000002d       0x2e ../hello_world_bsp//libhal_bsp.a(alt_icache_flush_all.o)
 .comment       0x000000000000002d       0x2e ../hello_world_bsp//libhal_bsp.a(alt_iic.o)
 .comment       0x000000000000002d       0x2e ../hello_world_bsp//libhal_bsp.a(alt_iic_isr_register.o)
 .comment       0x000000000000002d       0x2e ../hello_world_bsp//libhal_bsp.a(alt_io_redirect.o)
 .comment       0x000000000000002d       0x2e ../hello_world_bsp//libhal_bsp.a(alt_irq_handler.o)
 .comment       0x000000000000002d       0x2e ../hello_world_bsp//libhal_bsp.a(alt_irq_vars.o)
 .comment       0x000000000000002d       0x2e ../hello_world_bsp//libhal_bsp.a(alt_open.o)
 .comment       0x000000000000002d       0x2e ../hello_world_bsp//libhal_bsp.a(alt_release_fd.o)
 .comment       0x000000000000002d       0x2e ../hello_world_bsp//libhal_bsp.a(alt_tick.o)
 .comment       0x000000000000002d       0x2e ../hello_world_bsp//libhal_bsp.a(altera_nios2_gen2_irq.o)
 .comment       0x000000000000002d       0x2e ../hello_world_bsp//libhal_bsp.a(alt_find_dev.o)
 .comment       0x000000000000002d       0x2e ../hello_world_bsp//libhal_bsp.a(alt_find_file.o)
 .comment       0x000000000000002d       0x2e ../hello_world_bsp//libhal_bsp.a(alt_get_fd.o)
 .comment       0x000000000000002d       0x2e ../hello_world_bsp//libhal_bsp.a(alt_icache_flush.o)
 .comment       0x000000000000002d       0x2e ../hello_world_bsp//libhal_bsp.a(alt_instruction_exception_entry.o)
 .comment       0x000000000000002d       0x2e /home/e2/intelFPGA_lite/20.1/nios2eds/bin/gnu/H-x86_64-pc-linux-gnu/bin/../lib/gcc/nios2-elf/10.1.1/../../../../../H-x86_64-pc-linux-gnu/nios2-elf/lib/mno-hw-mul/libsmallc.a(lib_a-exit.o)
 .comment       0x000000000000002d       0x2e /home/e2/intelFPGA_lite/20.1/nios2eds/bin/gnu/H-x86_64-pc-linux-gnu/bin/../lib/gcc/nios2-elf/10.1.1/../../../../../H-x86_64-pc-linux-gnu/nios2-elf/lib/mno-hw-mul/libsmallc.a(lib_a-memcmp.o)
 .comment       0x000000000000002d       0x2e /home/e2/intelFPGA_lite/20.1/nios2eds/bin/gnu/H-x86_64-pc-linux-gnu/bin/../lib/gcc/nios2-elf/10.1.1/../../../../../H-x86_64-pc-linux-gnu/nios2-elf/lib/mno-hw-mul/libsmallc.a(lib_a-__call_atexit.o)
 .comment       0x000000000000002d       0x2e ../hello_world_bsp//libhal_bsp.a(alt_exit.o)

.debug
 *(.debug)

.line
 *(.line)

.debug_srcinfo
 *(.debug_srcinfo)

.debug_sfnames
 *(.debug_sfnames)

.debug_aranges  0x0000000000000000      0x560
 *(.debug_aranges)
 .debug_aranges
                0x0000000000000000       0x28 ../hello_world_bsp//obj/HAL/src/crt0.o
 .debug_aranges
                0x0000000000000028       0x20 obj/default/hello_world.o
 .debug_aranges
                0x0000000000000048       0x28 /home/e2/intelFPGA_lite/20.1/nios2eds/bin/gnu/H-x86_64-pc-linux-gnu/bin/../lib/gcc/nios2-elf/10.1.1/../../../../../H-x86_64-pc-linux-gnu/nios2-elf/lib/mno-hw-mul/libsmallc.a(lib_a-puts.o)
 .debug_aranges
                0x0000000000000070       0x20 /home/e2/intelFPGA_lite/20.1/nios2eds/bin/gnu/H-x86_64-pc-linux-gnu/bin/../lib/gcc/nios2-elf/10.1.1/../../../../../H-x86_64-pc-linux-gnu/nios2-elf/lib/mno-hw-mul/libsmallc.a(lib_a-strlen.o)
 .debug_aranges
                0x0000000000000090       0x20 /home/e2/intelFPGA_lite/20.1/nios2eds/bin/gnu/H-x86_64-pc-linux-gnu/bin/../lib/gcc/nios2-elf/10.1.1/../../../../../H-x86_64-pc-linux-gnu/nios2-elf/lib/mno-hw-mul/libsmallc.a(lib_a-fvwrite_small_dev.o)
 .debug_aranges
                0x00000000000000b0       0x18 /home/e2/intelFPGA_lite/20.1/nios2eds/bin/gnu/H-x86_64-pc-linux-gnu/bin/../lib/gcc/nios2-elf/10.1.1/../../../../../H-x86_64-pc-linux-gnu/nios2-elf/lib/mno-hw-mul/libsmallc.a(lib_a-impure.o)
 .debug_aranges
                0x00000000000000c8       0x20 /home/e2/intelFPGA_lite/20.1/nios2eds/bin/gnu/H-x86_64-pc-linux-gnu/bin/../lib/gcc/nios2-elf/10.1.1/../../../../../H-x86_64-pc-linux-gnu/nios2-elf/lib/mno-hw-mul/libsmallc.a(lib_a-writer.o)
 .debug_aranges
                0x00000000000000e8       0x18 /home/e2/intelFPGA_lite/20.1/nios2eds/bin/gnu/H-x86_64-pc-linux-gnu/bin/../lib/gcc/nios2-elf/10.1.1/../../../../../H-x86_64-pc-linux-gnu/nios2-elf/lib/mno-hw-mul/libsmallc.a(lib_a-int_errno.o)
 .debug_aranges
                0x0000000000000100       0x20 ../hello_world_bsp//libhal_bsp.a(alt_load.o)
 .debug_aranges
                0x0000000000000120       0x20 ../hello_world_bsp//libhal_bsp.a(alt_main.o)
 .debug_aranges
                0x0000000000000140       0x20 ../hello_world_bsp//libhal_bsp.a(alt_write.o)
 .debug_aranges
                0x0000000000000160       0x20 ../hello_world_bsp//libhal_bsp.a(alt_sys_init.o)
 .debug_aranges
                0x0000000000000180       0x20 ../hello_world_bsp//libhal_bsp.a(altera_avalon_jtag_uart_fd.o)
 .debug_aranges
                0x00000000000001a0       0x20 ../hello_world_bsp//libhal_bsp.a(altera_avalon_jtag_uart_read.o)
 .debug_aranges
                0x00000000000001c0       0x20 ../hello_world_bsp//libhal_bsp.a(altera_avalon_jtag_uart_write.o)
 .debug_aranges
                0x00000000000001e0       0x20 ../hello_world_bsp//libhal_bsp.a(altera_avalon_timer_sc.o)
 .debug_aranges
                0x0000000000000200       0x20 ../hello_world_bsp//libhal_bsp.a(alt_close.o)
 .debug_aranges
                0x0000000000000220       0x20 ../hello_world_bsp//libhal_bsp.a(alt_dcache_flush_all.o)
 .debug_aranges
                0x0000000000000240       0x20 ../hello_world_bsp//libhal_bsp.a(alt_dev.o)
 .debug_aranges
                0x0000000000000260       0x20 ../hello_world_bsp//libhal_bsp.a(alt_dev_llist_insert.o)
 .debug_aranges
                0x0000000000000280       0x18 ../hello_world_bsp//libhal_bsp.a(alt_errno.o)
 .debug_aranges
                0x0000000000000298       0x20 ../hello_world_bsp//libhal_bsp.a(alt_icache_flush_all.o)
 .debug_aranges
                0x00000000000002b8       0x20 ../hello_world_bsp//libhal_bsp.a(alt_iic.o)
 .debug_aranges
                0x00000000000002d8       0x20 ../hello_world_bsp//libhal_bsp.a(alt_iic_isr_register.o)
 .debug_aranges
                0x00000000000002f8       0x20 ../hello_world_bsp//libhal_bsp.a(alt_io_redirect.o)
 .debug_aranges
                0x0000000000000318       0x30 ../hello_world_bsp//libhal_bsp.a(alt_irq_entry.o)
 .debug_aranges
                0x0000000000000348       0x20 ../hello_world_bsp//libhal_bsp.a(alt_irq_handler.o)
 .debug_aranges
                0x0000000000000368       0x18 ../hello_world_bsp//libhal_bsp.a(alt_irq_vars.o)
 .debug_aranges
                0x0000000000000380       0x20 ../hello_world_bsp//libhal_bsp.a(alt_open.o)
 .debug_aranges
                0x00000000000003a0       0x20 ../hello_world_bsp//libhal_bsp.a(alt_release_fd.o)
 .debug_aranges
                0x00000000000003c0       0x20 ../hello_world_bsp//libhal_bsp.a(alt_tick.o)
 .debug_aranges
                0x00000000000003e0       0x20 ../hello_world_bsp//libhal_bsp.a(altera_nios2_gen2_irq.o)
 .debug_aranges
                0x0000000000000400       0x38 ../hello_world_bsp//libhal_bsp.a(alt_exception_entry.o)
 .debug_aranges
                0x0000000000000438       0x20 ../hello_world_bsp//libhal_bsp.a(alt_find_dev.o)
 .debug_aranges
                0x0000000000000458       0x20 ../hello_world_bsp//libhal_bsp.a(alt_find_file.o)
 .debug_aranges
                0x0000000000000478       0x20 ../hello_world_bsp//libhal_bsp.a(alt_get_fd.o)
 .debug_aranges
                0x0000000000000498       0x20 ../hello_world_bsp//libhal_bsp.a(alt_icache_flush.o)
 .debug_aranges
                0x00000000000004b8       0x28 ../hello_world_bsp//libhal_bsp.a(alt_instruction_exception_entry.o)
 .debug_aranges
                0x00000000000004e0       0x20 /home/e2/intelFPGA_lite/20.1/nios2eds/bin/gnu/H-x86_64-pc-linux-gnu/bin/../lib/gcc/nios2-elf/10.1.1/../../../../../H-x86_64-pc-linux-gnu/nios2-elf/lib/mno-hw-mul/libsmallc.a(lib_a-exit.o)
 .debug_aranges
                0x0000000000000500       0x20 /home/e2/intelFPGA_lite/20.1/nios2eds/bin/gnu/H-x86_64-pc-linux-gnu/bin/../lib/gcc/nios2-elf/10.1.1/../../../../../H-x86_64-pc-linux-gnu/nios2-elf/lib/mno-hw-mul/libsmallc.a(lib_a-memcmp.o)
 .debug_aranges
                0x0000000000000520       0x20 /home/e2/intelFPGA_lite/20.1/nios2eds/bin/gnu/H-x86_64-pc-linux-gnu/bin/../lib/gcc/nios2-elf/10.1.1/../../../../../H-x86_64-pc-linux-gnu/nios2-elf/lib/mno-hw-mul/libsmallc.a(lib_a-__call_atexit.o)
 .debug_aranges
                0x0000000000000540       0x20 ../hello_world_bsp//libhal_bsp.a(alt_exit.o)

.debug_pubnames
 *(.debug_pubnames)

.debug_info     0x0000000000000000     0x67c5
 *(.debug_info .gnu.linkonce.wi.*)
 .debug_info    0x0000000000000000       0x22 ../hello_world_bsp//obj/HAL/src/crt0.o
 .debug_info    0x0000000000000022       0x90 obj/default/hello_world.o
 .debug_info    0x00000000000000b2      0x6ea /home/e2/intelFPGA_lite/20.1/nios2eds/bin/gnu/H-x86_64-pc-linux-gnu/bin/../lib/gcc/nios2-elf/10.1.1/../../../../../H-x86_64-pc-linux-gnu/nios2-elf/lib/mno-hw-mul/libsmallc.a(lib_a-puts.o)
 .debug_info    0x000000000000079c       0xd0 /home/e2/intelFPGA_lite/20.1/nios2eds/bin/gnu/H-x86_64-pc-linux-gnu/bin/../lib/gcc/nios2-elf/10.1.1/../../../../../H-x86_64-pc-linux-gnu/nios2-elf/lib/mno-hw-mul/libsmallc.a(lib_a-strlen.o)
 .debug_info    0x000000000000086c      0x6b3 /home/e2/intelFPGA_lite/20.1/nios2eds/bin/gnu/H-x86_64-pc-linux-gnu/bin/../lib/gcc/nios2-elf/10.1.1/../../../../../H-x86_64-pc-linux-gnu/nios2-elf/lib/mno-hw-mul/libsmallc.a(lib_a-fvwrite_small_dev.o)
 .debug_info    0x0000000000000f1f      0x61e /home/e2/intelFPGA_lite/20.1/nios2eds/bin/gnu/H-x86_64-pc-linux-gnu/bin/../lib/gcc/nios2-elf/10.1.1/../../../../../H-x86_64-pc-linux-gnu/nios2-elf/lib/mno-hw-mul/libsmallc.a(lib_a-impure.o)
 .debug_info    0x000000000000153d      0x6b3 /home/e2/intelFPGA_lite/20.1/nios2eds/bin/gnu/H-x86_64-pc-linux-gnu/bin/../lib/gcc/nios2-elf/10.1.1/../../../../../H-x86_64-pc-linux-gnu/nios2-elf/lib/mno-hw-mul/libsmallc.a(lib_a-writer.o)
 .debug_info    0x0000000000001bf0       0x84 /home/e2/intelFPGA_lite/20.1/nios2eds/bin/gnu/H-x86_64-pc-linux-gnu/bin/../lib/gcc/nios2-elf/10.1.1/../../../../../H-x86_64-pc-linux-gnu/nios2-elf/lib/mno-hw-mul/libsmallc.a(lib_a-int_errno.o)
 .debug_info    0x0000000000001c74      0x14d ../hello_world_bsp//libhal_bsp.a(alt_load.o)
 .debug_info    0x0000000000001dc1       0xef ../hello_world_bsp//libhal_bsp.a(alt_main.o)
 .debug_info    0x0000000000001eb0      0x55c ../hello_world_bsp//libhal_bsp.a(alt_write.o)
 .debug_info    0x000000000000240c      0x3ba ../hello_world_bsp//libhal_bsp.a(alt_sys_init.o)
 .debug_info    0x00000000000027c6      0x398 ../hello_world_bsp//libhal_bsp.a(altera_avalon_jtag_uart_fd.o)
 .debug_info    0x0000000000002b5e      0x151 ../hello_world_bsp//libhal_bsp.a(altera_avalon_jtag_uart_read.o)
 .debug_info    0x0000000000002caf      0x132 ../hello_world_bsp//libhal_bsp.a(altera_avalon_jtag_uart_write.o)
 .debug_info    0x0000000000002de1      0x1d5 ../hello_world_bsp//libhal_bsp.a(altera_avalon_timer_sc.o)
 .debug_info    0x0000000000002fb6      0x32c ../hello_world_bsp//libhal_bsp.a(alt_close.o)
 .debug_info    0x00000000000032e2       0xa0 ../hello_world_bsp//libhal_bsp.a(alt_dcache_flush_all.o)
 .debug_info    0x0000000000003382      0x57d ../hello_world_bsp//libhal_bsp.a(alt_dev.o)
 .debug_info    0x00000000000038ff      0x1b0 ../hello_world_bsp//libhal_bsp.a(alt_dev_llist_insert.o)
 .debug_info    0x0000000000003aaf       0x9d ../hello_world_bsp//libhal_bsp.a(alt_errno.o)
 .debug_info    0x0000000000003b4c       0x8c ../hello_world_bsp//libhal_bsp.a(alt_icache_flush_all.o)
 .debug_info    0x0000000000003bd8      0x32c ../hello_world_bsp//libhal_bsp.a(alt_iic.o)
 .debug_info    0x0000000000003f04      0x1f0 ../hello_world_bsp//libhal_bsp.a(alt_iic_isr_register.o)
 .debug_info    0x00000000000040f4      0x546 ../hello_world_bsp//libhal_bsp.a(alt_io_redirect.o)
 .debug_info    0x000000000000463a       0x22 ../hello_world_bsp//libhal_bsp.a(alt_irq_entry.o)
 .debug_info    0x000000000000465c      0x175 ../hello_world_bsp//libhal_bsp.a(alt_irq_handler.o)
 .debug_info    0x00000000000047d1       0x8b ../hello_world_bsp//libhal_bsp.a(alt_irq_vars.o)
 .debug_info    0x000000000000485c      0x3dd ../hello_world_bsp//libhal_bsp.a(alt_open.o)
 .debug_info    0x0000000000004c39      0x2b9 ../hello_world_bsp//libhal_bsp.a(alt_release_fd.o)
 .debug_info    0x0000000000004ef2      0x2bd ../hello_world_bsp//libhal_bsp.a(alt_tick.o)
 .debug_info    0x00000000000051af       0x8c ../hello_world_bsp//libhal_bsp.a(altera_nios2_gen2_irq.o)
 .debug_info    0x000000000000523b       0x22 ../hello_world_bsp//libhal_bsp.a(alt_exception_entry.o)
 .debug_info    0x000000000000525d      0x2ee ../hello_world_bsp//libhal_bsp.a(alt_find_dev.o)
 .debug_info    0x000000000000554b      0x2eb ../hello_world_bsp//libhal_bsp.a(alt_find_file.o)
 .debug_info    0x0000000000005836      0x31c ../hello_world_bsp//libhal_bsp.a(alt_get_fd.o)
 .debug_info    0x0000000000005b52       0xdb ../hello_world_bsp//libhal_bsp.a(alt_icache_flush.o)
 .debug_info    0x0000000000005c2d      0x1f1 ../hello_world_bsp//libhal_bsp.a(alt_instruction_exception_entry.o)
 .debug_info    0x0000000000005e1e       0xe6 /home/e2/intelFPGA_lite/20.1/nios2eds/bin/gnu/H-x86_64-pc-linux-gnu/bin/../lib/gcc/nios2-elf/10.1.1/../../../../../H-x86_64-pc-linux-gnu/nios2-elf/lib/mno-hw-mul/libsmallc.a(lib_a-exit.o)
 .debug_info    0x0000000000005f04      0x100 /home/e2/intelFPGA_lite/20.1/nios2eds/bin/gnu/H-x86_64-pc-linux-gnu/bin/../lib/gcc/nios2-elf/10.1.1/../../../../../H-x86_64-pc-linux-gnu/nios2-elf/lib/mno-hw-mul/libsmallc.a(lib_a-memcmp.o)
 .debug_info    0x0000000000006004      0x6e0 /home/e2/intelFPGA_lite/20.1/nios2eds/bin/gnu/H-x86_64-pc-linux-gnu/bin/../lib/gcc/nios2-elf/10.1.1/../../../../../H-x86_64-pc-linux-gnu/nios2-elf/lib/mno-hw-mul/libsmallc.a(lib_a-__call_atexit.o)
 .debug_info    0x00000000000066e4       0xe1 ../hello_world_bsp//libhal_bsp.a(alt_exit.o)

.debug_abbrev   0x0000000000000000     0x26eb
 *(.debug_abbrev)
 .debug_abbrev  0x0000000000000000       0x12 ../hello_world_bsp//obj/HAL/src/crt0.o
 .debug_abbrev  0x0000000000000012       0x44 obj/default/hello_world.o
 .debug_abbrev  0x0000000000000056      0x20b /home/e2/intelFPGA_lite/20.1/nios2eds/bin/gnu/H-x86_64-pc-linux-gnu/bin/../lib/gcc/nios2-elf/10.1.1/../../../../../H-x86_64-pc-linux-gnu/nios2-elf/lib/mno-hw-mul/libsmallc.a(lib_a-puts.o)
 .debug_abbrev  0x0000000000000261       0x8d /home/e2/intelFPGA_lite/20.1/nios2eds/bin/gnu/H-x86_64-pc-linux-gnu/bin/../lib/gcc/nios2-elf/10.1.1/../../../../../H-x86_64-pc-linux-gnu/nios2-elf/lib/mno-hw-mul/libsmallc.a(lib_a-strlen.o)
 .debug_abbrev  0x00000000000002ee      0x1ed /home/e2/intelFPGA_lite/20.1/nios2eds/bin/gnu/H-x86_64-pc-linux-gnu/bin/../lib/gcc/nios2-elf/10.1.1/../../../../../H-x86_64-pc-linux-gnu/nios2-elf/lib/mno-hw-mul/libsmallc.a(lib_a-fvwrite_small_dev.o)
 .debug_abbrev  0x00000000000004db      0x17a /home/e2/intelFPGA_lite/20.1/nios2eds/bin/gnu/H-x86_64-pc-linux-gnu/bin/../lib/gcc/nios2-elf/10.1.1/../../../../../H-x86_64-pc-linux-gnu/nios2-elf/lib/mno-hw-mul/libsmallc.a(lib_a-impure.o)
 .debug_abbrev  0x0000000000000655      0x1d9 /home/e2/intelFPGA_lite/20.1/nios2eds/bin/gnu/H-x86_64-pc-linux-gnu/bin/../lib/gcc/nios2-elf/10.1.1/../../../../../H-x86_64-pc-linux-gnu/nios2-elf/lib/mno-hw-mul/libsmallc.a(lib_a-writer.o)
 .debug_abbrev  0x000000000000082e       0x39 /home/e2/intelFPGA_lite/20.1/nios2eds/bin/gnu/H-x86_64-pc-linux-gnu/bin/../lib/gcc/nios2-elf/10.1.1/../../../../../H-x86_64-pc-linux-gnu/nios2-elf/lib/mno-hw-mul/libsmallc.a(lib_a-int_errno.o)
 .debug_abbrev  0x0000000000000867       0xab ../hello_world_bsp//libhal_bsp.a(alt_load.o)
 .debug_abbrev  0x0000000000000912       0x86 ../hello_world_bsp//libhal_bsp.a(alt_main.o)
 .debug_abbrev  0x0000000000000998      0x149 ../hello_world_bsp//libhal_bsp.a(alt_write.o)
 .debug_abbrev  0x0000000000000ae1      0x16c ../hello_world_bsp//libhal_bsp.a(alt_sys_init.o)
 .debug_abbrev  0x0000000000000c4d      0x10b ../hello_world_bsp//libhal_bsp.a(altera_avalon_jtag_uart_fd.o)
 .debug_abbrev  0x0000000000000d58       0xcd ../hello_world_bsp//libhal_bsp.a(altera_avalon_jtag_uart_read.o)
 .debug_abbrev  0x0000000000000e25       0xcd ../hello_world_bsp//libhal_bsp.a(altera_avalon_jtag_uart_write.o)
 .debug_abbrev  0x0000000000000ef2      0x14b ../hello_world_bsp//libhal_bsp.a(altera_avalon_timer_sc.o)
 .debug_abbrev  0x000000000000103d      0x133 ../hello_world_bsp//libhal_bsp.a(alt_close.o)
 .debug_abbrev  0x0000000000001170       0x5e ../hello_world_bsp//libhal_bsp.a(alt_dcache_flush_all.o)
 .debug_abbrev  0x00000000000011ce      0x117 ../hello_world_bsp//libhal_bsp.a(alt_dev.o)
 .debug_abbrev  0x00000000000012e5      0x12a ../hello_world_bsp//libhal_bsp.a(alt_dev_llist_insert.o)
 .debug_abbrev  0x000000000000140f       0x5a ../hello_world_bsp//libhal_bsp.a(alt_errno.o)
 .debug_abbrev  0x0000000000001469       0x44 ../hello_world_bsp//libhal_bsp.a(alt_icache_flush_all.o)
 .debug_abbrev  0x00000000000014ad      0x189 ../hello_world_bsp//libhal_bsp.a(alt_iic.o)
 .debug_abbrev  0x0000000000001636      0x17c ../hello_world_bsp//libhal_bsp.a(alt_iic_isr_register.o)
 .debug_abbrev  0x00000000000017b2      0x126 ../hello_world_bsp//libhal_bsp.a(alt_io_redirect.o)
 .debug_abbrev  0x00000000000018d8       0x12 ../hello_world_bsp//libhal_bsp.a(alt_irq_entry.o)
 .debug_abbrev  0x00000000000018ea      0x12d ../hello_world_bsp//libhal_bsp.a(alt_irq_handler.o)
 .debug_abbrev  0x0000000000001a17       0x44 ../hello_world_bsp//libhal_bsp.a(alt_irq_vars.o)
 .debug_abbrev  0x0000000000001a5b      0x160 ../hello_world_bsp//libhal_bsp.a(alt_open.o)
 .debug_abbrev  0x0000000000001bbb       0xea ../hello_world_bsp//libhal_bsp.a(alt_release_fd.o)
 .debug_abbrev  0x0000000000001ca5      0x17a ../hello_world_bsp//libhal_bsp.a(alt_tick.o)
 .debug_abbrev  0x0000000000001e1f       0x44 ../hello_world_bsp//libhal_bsp.a(altera_nios2_gen2_irq.o)
 .debug_abbrev  0x0000000000001e63       0x12 ../hello_world_bsp//libhal_bsp.a(alt_exception_entry.o)
 .debug_abbrev  0x0000000000001e75       0xed ../hello_world_bsp//libhal_bsp.a(alt_find_dev.o)
 .debug_abbrev  0x0000000000001f62      0x100 ../hello_world_bsp//libhal_bsp.a(alt_find_file.o)
 .debug_abbrev  0x0000000000002062      0x121 ../hello_world_bsp//libhal_bsp.a(alt_get_fd.o)
 .debug_abbrev  0x0000000000002183       0x96 ../hello_world_bsp//libhal_bsp.a(alt_icache_flush.o)
 .debug_abbrev  0x0000000000002219       0xea ../hello_world_bsp//libhal_bsp.a(alt_instruction_exception_entry.o)
 .debug_abbrev  0x0000000000002303       0x94 /home/e2/intelFPGA_lite/20.1/nios2eds/bin/gnu/H-x86_64-pc-linux-gnu/bin/../lib/gcc/nios2-elf/10.1.1/../../../../../H-x86_64-pc-linux-gnu/nios2-elf/lib/mno-hw-mul/libsmallc.a(lib_a-exit.o)
 .debug_abbrev  0x0000000000002397       0x9e /home/e2/intelFPGA_lite/20.1/nios2eds/bin/gnu/H-x86_64-pc-linux-gnu/bin/../lib/gcc/nios2-elf/10.1.1/../../../../../H-x86_64-pc-linux-gnu/nios2-elf/lib/mno-hw-mul/libsmallc.a(lib_a-memcmp.o)
 .debug_abbrev  0x0000000000002435      0x20a /home/e2/intelFPGA_lite/20.1/nios2eds/bin/gnu/H-x86_64-pc-linux-gnu/bin/../lib/gcc/nios2-elf/10.1.1/../../../../../H-x86_64-pc-linux-gnu/nios2-elf/lib/mno-hw-mul/libsmallc.a(lib_a-__call_atexit.o)
 .debug_abbrev  0x000000000000263f       0xac ../hello_world_bsp//libhal_bsp.a(alt_exit.o)

.debug_line     0x0000000000000000     0x2da2
 *(.debug_line)
 .debug_line    0x0000000000000000       0x72 ../hello_world_bsp//obj/HAL/src/crt0.o
 .debug_line    0x0000000000000072       0x48 obj/default/hello_world.o
 .debug_line    0x00000000000000ba      0x240 /home/e2/intelFPGA_lite/20.1/nios2eds/bin/gnu/H-x86_64-pc-linux-gnu/bin/../lib/gcc/nios2-elf/10.1.1/../../../../../H-x86_64-pc-linux-gnu/nios2-elf/lib/mno-hw-mul/libsmallc.a(lib_a-puts.o)
 .debug_line    0x00000000000002fa      0x17d /home/e2/intelFPGA_lite/20.1/nios2eds/bin/gnu/H-x86_64-pc-linux-gnu/bin/../lib/gcc/nios2-elf/10.1.1/../../../../../H-x86_64-pc-linux-gnu/nios2-elf/lib/mno-hw-mul/libsmallc.a(lib_a-strlen.o)
 .debug_line    0x0000000000000477      0x253 /home/e2/intelFPGA_lite/20.1/nios2eds/bin/gnu/H-x86_64-pc-linux-gnu/bin/../lib/gcc/nios2-elf/10.1.1/../../../../../H-x86_64-pc-linux-gnu/nios2-elf/lib/mno-hw-mul/libsmallc.a(lib_a-fvwrite_small_dev.o)
 .debug_line    0x00000000000006ca      0x15d /home/e2/intelFPGA_lite/20.1/nios2eds/bin/gnu/H-x86_64-pc-linux-gnu/bin/../lib/gcc/nios2-elf/10.1.1/../../../../../H-x86_64-pc-linux-gnu/nios2-elf/lib/mno-hw-mul/libsmallc.a(lib_a-impure.o)
 .debug_line    0x0000000000000827      0x226 /home/e2/intelFPGA_lite/20.1/nios2eds/bin/gnu/H-x86_64-pc-linux-gnu/bin/../lib/gcc/nios2-elf/10.1.1/../../../../../H-x86_64-pc-linux-gnu/nios2-elf/lib/mno-hw-mul/libsmallc.a(lib_a-writer.o)
 .debug_line    0x0000000000000a4d       0x61 /home/e2/intelFPGA_lite/20.1/nios2eds/bin/gnu/H-x86_64-pc-linux-gnu/bin/../lib/gcc/nios2-elf/10.1.1/../../../../../H-x86_64-pc-linux-gnu/nios2-elf/lib/mno-hw-mul/libsmallc.a(lib_a-int_errno.o)
 .debug_line    0x0000000000000aae       0xa6 ../hello_world_bsp//libhal_bsp.a(alt_load.o)
 .debug_line    0x0000000000000b54       0x7d ../hello_world_bsp//libhal_bsp.a(alt_main.o)
 .debug_line    0x0000000000000bd1      0x2d0 ../hello_world_bsp//libhal_bsp.a(alt_write.o)
 .debug_line    0x0000000000000ea1      0x129 ../hello_world_bsp//libhal_bsp.a(alt_sys_init.o)
 .debug_line    0x0000000000000fca      0x102 ../hello_world_bsp//libhal_bsp.a(altera_avalon_jtag_uart_fd.o)
 .debug_line    0x00000000000010cc       0xe8 ../hello_world_bsp//libhal_bsp.a(altera_avalon_jtag_uart_read.o)
 .debug_line    0x00000000000011b4       0xc6 ../hello_world_bsp//libhal_bsp.a(altera_avalon_jtag_uart_write.o)
 .debug_line    0x000000000000127a       0xfd ../hello_world_bsp//libhal_bsp.a(altera_avalon_timer_sc.o)
 .debug_line    0x0000000000001377      0x1b8 ../hello_world_bsp//libhal_bsp.a(alt_close.o)
 .debug_line    0x000000000000152f       0x6e ../hello_world_bsp//libhal_bsp.a(alt_dcache_flush_all.o)
 .debug_line    0x000000000000159d      0x1b5 ../hello_world_bsp//libhal_bsp.a(alt_dev.o)
 .debug_line    0x0000000000001752      0x106 ../hello_world_bsp//libhal_bsp.a(alt_dev_llist_insert.o)
 .debug_line    0x0000000000001858       0x51 ../hello_world_bsp//libhal_bsp.a(alt_errno.o)
 .debug_line    0x00000000000018a9       0x56 ../hello_world_bsp//libhal_bsp.a(alt_icache_flush_all.o)
 .debug_line    0x00000000000018ff      0x123 ../hello_world_bsp//libhal_bsp.a(alt_iic.o)
 .debug_line    0x0000000000001a22       0xfc ../hello_world_bsp//libhal_bsp.a(alt_iic_isr_register.o)
 .debug_line    0x0000000000001b1e      0x1e8 ../hello_world_bsp//libhal_bsp.a(alt_io_redirect.o)
 .debug_line    0x0000000000001d06       0x6b ../hello_world_bsp//libhal_bsp.a(alt_irq_entry.o)
 .debug_line    0x0000000000001d71       0xd4 ../hello_world_bsp//libhal_bsp.a(alt_irq_handler.o)
 .debug_line    0x0000000000001e45       0x50 ../hello_world_bsp//libhal_bsp.a(alt_irq_vars.o)
 .debug_line    0x0000000000001e95      0x1a1 ../hello_world_bsp//libhal_bsp.a(alt_open.o)
 .debug_line    0x0000000000002036       0xb6 ../hello_world_bsp//libhal_bsp.a(alt_release_fd.o)
 .debug_line    0x00000000000020ec      0x160 ../hello_world_bsp//libhal_bsp.a(alt_tick.o)
 .debug_line    0x000000000000224c       0x57 ../hello_world_bsp//libhal_bsp.a(altera_nios2_gen2_irq.o)
 .debug_line    0x00000000000022a3       0xb3 ../hello_world_bsp//libhal_bsp.a(alt_exception_entry.o)
 .debug_line    0x0000000000002356       0xb8 ../hello_world_bsp//libhal_bsp.a(alt_find_dev.o)
 .debug_line    0x000000000000240e      0x103 ../hello_world_bsp//libhal_bsp.a(alt_find_file.o)
 .debug_line    0x0000000000002511       0xfb ../hello_world_bsp//libhal_bsp.a(alt_get_fd.o)
 .debug_line    0x000000000000260c       0xa0 ../hello_world_bsp//libhal_bsp.a(alt_icache_flush.o)
 .debug_line    0x00000000000026ac       0xd9 ../hello_world_bsp//libhal_bsp.a(alt_instruction_exception_entry.o)
 .debug_line    0x0000000000002785      0x175 /home/e2/intelFPGA_lite/20.1/nios2eds/bin/gnu/H-x86_64-pc-linux-gnu/bin/../lib/gcc/nios2-elf/10.1.1/../../../../../H-x86_64-pc-linux-gnu/nios2-elf/lib/mno-hw-mul/libsmallc.a(lib_a-exit.o)
 .debug_line    0x00000000000028fa      0x192 /home/e2/intelFPGA_lite/20.1/nios2eds/bin/gnu/H-x86_64-pc-linux-gnu/bin/../lib/gcc/nios2-elf/10.1.1/../../../../../H-x86_64-pc-linux-gnu/nios2-elf/lib/mno-hw-mul/libsmallc.a(lib_a-memcmp.o)
 .debug_line    0x0000000000002a8c      0x291 /home/e2/intelFPGA_lite/20.1/nios2eds/bin/gnu/H-x86_64-pc-linux-gnu/bin/../lib/gcc/nios2-elf/10.1.1/../../../../../H-x86_64-pc-linux-gnu/nios2-elf/lib/mno-hw-mul/libsmallc.a(lib_a-__call_atexit.o)
 .debug_line    0x0000000000002d1d       0x85 ../hello_world_bsp//libhal_bsp.a(alt_exit.o)

.debug_frame    0x0000000000000000      0x9bc
 *(.debug_frame)
 .debug_frame   0x0000000000000000       0x38 obj/default/hello_world.o
 .debug_frame   0x0000000000000038       0x48 /home/e2/intelFPGA_lite/20.1/nios2eds/bin/gnu/H-x86_64-pc-linux-gnu/bin/../lib/gcc/nios2-elf/10.1.1/../../../../../H-x86_64-pc-linux-gnu/nios2-elf/lib/mno-hw-mul/libsmallc.a(lib_a-puts.o)
 .debug_frame   0x0000000000000080       0x20 /home/e2/intelFPGA_lite/20.1/nios2eds/bin/gnu/H-x86_64-pc-linux-gnu/bin/../lib/gcc/nios2-elf/10.1.1/../../../../../H-x86_64-pc-linux-gnu/nios2-elf/lib/mno-hw-mul/libsmallc.a(lib_a-strlen.o)
 .debug_frame   0x00000000000000a0       0x3c /home/e2/intelFPGA_lite/20.1/nios2eds/bin/gnu/H-x86_64-pc-linux-gnu/bin/../lib/gcc/nios2-elf/10.1.1/../../../../../H-x86_64-pc-linux-gnu/nios2-elf/lib/mno-hw-mul/libsmallc.a(lib_a-fvwrite_small_dev.o)
 .debug_frame   0x00000000000000dc       0x30 /home/e2/intelFPGA_lite/20.1/nios2eds/bin/gnu/H-x86_64-pc-linux-gnu/bin/../lib/gcc/nios2-elf/10.1.1/../../../../../H-x86_64-pc-linux-gnu/nios2-elf/lib/mno-hw-mul/libsmallc.a(lib_a-writer.o)
 .debug_frame   0x000000000000010c       0x5c ../hello_world_bsp//libhal_bsp.a(alt_load.o)
 .debug_frame   0x0000000000000168       0x2c ../hello_world_bsp//libhal_bsp.a(alt_main.o)
 .debug_frame   0x0000000000000194       0x60 ../hello_world_bsp//libhal_bsp.a(alt_write.o)
 .debug_frame   0x00000000000001f4       0x88 ../hello_world_bsp//libhal_bsp.a(alt_sys_init.o)
 .debug_frame   0x000000000000027c       0x60 ../hello_world_bsp//libhal_bsp.a(altera_avalon_jtag_uart_fd.o)
 .debug_frame   0x00000000000002dc       0x34 ../hello_world_bsp//libhal_bsp.a(altera_avalon_jtag_uart_read.o)
 .debug_frame   0x0000000000000310       0x34 ../hello_world_bsp//libhal_bsp.a(altera_avalon_jtag_uart_write.o)
 .debug_frame   0x0000000000000344       0x60 ../hello_world_bsp//libhal_bsp.a(altera_avalon_timer_sc.o)
 .debug_frame   0x00000000000003a4       0x60 ../hello_world_bsp//libhal_bsp.a(alt_close.o)
 .debug_frame   0x0000000000000404       0x34 ../hello_world_bsp//libhal_bsp.a(alt_dcache_flush_all.o)
 .debug_frame   0x0000000000000438       0x34 ../hello_world_bsp//libhal_bsp.a(alt_dev.o)
 .debug_frame   0x000000000000046c       0x60 ../hello_world_bsp//libhal_bsp.a(alt_dev_llist_insert.o)
 .debug_frame   0x00000000000004cc       0x38 ../hello_world_bsp//libhal_bsp.a(alt_icache_flush_all.o)
 .debug_frame   0x0000000000000504       0xa4 ../hello_world_bsp//libhal_bsp.a(alt_iic.o)
 .debug_frame   0x00000000000005a8       0x38 ../hello_world_bsp//libhal_bsp.a(alt_iic_isr_register.o)
 .debug_frame   0x00000000000005e0       0x60 ../hello_world_bsp//libhal_bsp.a(alt_io_redirect.o)
 .debug_frame   0x0000000000000640       0x38 ../hello_world_bsp//libhal_bsp.a(alt_irq_handler.o)
 .debug_frame   0x0000000000000678       0x84 ../hello_world_bsp//libhal_bsp.a(alt_open.o)
 .debug_frame   0x00000000000006fc       0x34 ../hello_world_bsp//libhal_bsp.a(alt_release_fd.o)
 .debug_frame   0x0000000000000730       0x5c ../hello_world_bsp//libhal_bsp.a(alt_tick.o)
 .debug_frame   0x000000000000078c       0x34 ../hello_world_bsp//libhal_bsp.a(altera_nios2_gen2_irq.o)
 .debug_frame   0x00000000000007c0       0x38 ../hello_world_bsp//libhal_bsp.a(alt_find_dev.o)
 .debug_frame   0x00000000000007f8       0x38 ../hello_world_bsp//libhal_bsp.a(alt_find_file.o)
 .debug_frame   0x0000000000000830       0x34 ../hello_world_bsp//libhal_bsp.a(alt_get_fd.o)
 .debug_frame   0x0000000000000864       0x34 ../hello_world_bsp//libhal_bsp.a(alt_icache_flush.o)
 .debug_frame   0x0000000000000898       0x5c ../hello_world_bsp//libhal_bsp.a(alt_instruction_exception_entry.o)
 .debug_frame   0x00000000000008f4       0x28 /home/e2/intelFPGA_lite/20.1/nios2eds/bin/gnu/H-x86_64-pc-linux-gnu/bin/../lib/gcc/nios2-elf/10.1.1/../../../../../H-x86_64-pc-linux-gnu/nios2-elf/lib/mno-hw-mul/libsmallc.a(lib_a-exit.o)
 .debug_frame   0x000000000000091c       0x20 /home/e2/intelFPGA_lite/20.1/nios2eds/bin/gnu/H-x86_64-pc-linux-gnu/bin/../lib/gcc/nios2-elf/10.1.1/../../../../../H-x86_64-pc-linux-gnu/nios2-elf/lib/mno-hw-mul/libsmallc.a(lib_a-memcmp.o)
 .debug_frame   0x000000000000093c       0x54 /home/e2/intelFPGA_lite/20.1/nios2eds/bin/gnu/H-x86_64-pc-linux-gnu/bin/../lib/gcc/nios2-elf/10.1.1/../../../../../H-x86_64-pc-linux-gnu/nios2-elf/lib/mno-hw-mul/libsmallc.a(lib_a-__call_atexit.o)
 .debug_frame   0x0000000000000990       0x2c ../hello_world_bsp//libhal_bsp.a(alt_exit.o)

.debug_str      0x0000000000000000     0x18f7
 *(.debug_str)
 .debug_str     0x0000000000000000       0x63 ../hello_world_bsp//obj/HAL/src/crt0.o
 .debug_str     0x0000000000000063       0xfe obj/default/hello_world.o
                                        0x13c (size before relaxing)
 .debug_str     0x0000000000000161      0x407 /home/e2/intelFPGA_lite/20.1/nios2eds/bin/gnu/H-x86_64-pc-linux-gnu/bin/../lib/gcc/nios2-elf/10.1.1/../../../../../H-x86_64-pc-linux-gnu/nios2-elf/lib/mno-hw-mul/libsmallc.a(lib_a-puts.o)
                                        0x4d8 (size before relaxing)
 .debug_str     0x0000000000000568       0xd6 /home/e2/intelFPGA_lite/20.1/nios2eds/bin/gnu/H-x86_64-pc-linux-gnu/bin/../lib/gcc/nios2-elf/10.1.1/../../../../../H-x86_64-pc-linux-gnu/nios2-elf/lib/mno-hw-mul/libsmallc.a(lib_a-strlen.o)
                                        0x1dd (size before relaxing)
 .debug_str     0x000000000000063e       0x65 /home/e2/intelFPGA_lite/20.1/nios2eds/bin/gnu/H-x86_64-pc-linux-gnu/bin/../lib/gcc/nios2-elf/10.1.1/../../../../../H-x86_64-pc-linux-gnu/nios2-elf/lib/mno-hw-mul/libsmallc.a(lib_a-fvwrite_small_dev.o)
                                        0x4df (size before relaxing)
 .debug_str     0x00000000000006a3       0xf3 /home/e2/intelFPGA_lite/20.1/nios2eds/bin/gnu/H-x86_64-pc-linux-gnu/bin/../lib/gcc/nios2-elf/10.1.1/../../../../../H-x86_64-pc-linux-gnu/nios2-elf/lib/mno-hw-mul/libsmallc.a(lib_a-impure.o)
                                        0x4c9 (size before relaxing)
 .debug_str     0x0000000000000796       0x47 /home/e2/intelFPGA_lite/20.1/nios2eds/bin/gnu/H-x86_64-pc-linux-gnu/bin/../lib/gcc/nios2-elf/10.1.1/../../../../../H-x86_64-pc-linux-gnu/nios2-elf/lib/mno-hw-mul/libsmallc.a(lib_a-writer.o)
                                        0x4c3 (size before relaxing)
 .debug_str     0x00000000000007dd       0x41 /home/e2/intelFPGA_lite/20.1/nios2eds/bin/gnu/H-x86_64-pc-linux-gnu/bin/../lib/gcc/nios2-elf/10.1.1/../../../../../H-x86_64-pc-linux-gnu/nios2-elf/lib/mno-hw-mul/libsmallc.a(lib_a-int_errno.o)
                                        0x1d0 (size before relaxing)
 .debug_str     0x000000000000081e       0xf1 ../hello_world_bsp//libhal_bsp.a(alt_load.o)
                                        0x21e (size before relaxing)
 .debug_str     0x000000000000090f       0x44 ../hello_world_bsp//libhal_bsp.a(alt_main.o)
                                        0x178 (size before relaxing)
 .debug_str     0x0000000000000953      0x1b5 ../hello_world_bsp//libhal_bsp.a(alt_write.o)
                                        0x356 (size before relaxing)
 .debug_str     0x0000000000000b08       0xf5 ../hello_world_bsp//libhal_bsp.a(alt_sys_init.o)
                                        0x2bb (size before relaxing)
 .debug_str     0x0000000000000bfd       0x77 ../hello_world_bsp//libhal_bsp.a(altera_avalon_jtag_uart_fd.o)
                                        0x2ba (size before relaxing)
 .debug_str     0x0000000000000c74       0x48 ../hello_world_bsp//libhal_bsp.a(altera_avalon_jtag_uart_read.o)
                                        0x1d7 (size before relaxing)
 .debug_str     0x0000000000000cbc       0x4a ../hello_world_bsp//libhal_bsp.a(altera_avalon_jtag_uart_write.o)
                                        0x1cd (size before relaxing)
 .debug_str     0x0000000000000d06       0xca ../hello_world_bsp//libhal_bsp.a(altera_avalon_timer_sc.o)
                                        0x21a (size before relaxing)
 .debug_str     0x0000000000000dd0       0x1b ../hello_world_bsp//libhal_bsp.a(alt_close.o)
                                        0x20a (size before relaxing)
 .debug_str     0x0000000000000deb       0x34 ../hello_world_bsp//libhal_bsp.a(alt_dcache_flush_all.o)
                                        0x161 (size before relaxing)
 .debug_str     0x0000000000000e1f       0x50 ../hello_world_bsp//libhal_bsp.a(alt_dev.o)
                                        0x370 (size before relaxing)
 .debug_str     0x0000000000000e6f       0x45 ../hello_world_bsp//libhal_bsp.a(alt_dev_llist_insert.o)
                                        0x1d8 (size before relaxing)
 .debug_str     0x0000000000000eb4       0x14 ../hello_world_bsp//libhal_bsp.a(alt_errno.o)
                                        0x14b (size before relaxing)
 .debug_str     0x0000000000000ec8       0x34 ../hello_world_bsp//libhal_bsp.a(alt_icache_flush_all.o)
                                        0x161 (size before relaxing)
 .debug_str     0x0000000000000efc       0xb2 ../hello_world_bsp//libhal_bsp.a(alt_iic.o)
                                        0x238 (size before relaxing)
 .debug_str     0x0000000000000fae       0x4c ../hello_world_bsp//libhal_bsp.a(alt_iic_isr_register.o)
                                        0x1f4 (size before relaxing)
 .debug_str     0x0000000000000ffa       0x56 ../hello_world_bsp//libhal_bsp.a(alt_io_redirect.o)
                                        0x374 (size before relaxing)
 .debug_str     0x0000000000001050       0x18 ../hello_world_bsp//libhal_bsp.a(alt_irq_entry.o)
                                         0x6c (size before relaxing)
 .debug_str     0x0000000000001068       0x3a ../hello_world_bsp//libhal_bsp.a(alt_irq_handler.o)
                                        0x1a3 (size before relaxing)
 .debug_str     0x00000000000010a2       0x29 ../hello_world_bsp//libhal_bsp.a(alt_irq_vars.o)
                                        0x14f (size before relaxing)
 .debug_str     0x00000000000010cb       0x2f ../hello_world_bsp//libhal_bsp.a(alt_open.o)
                                        0x257 (size before relaxing)
 .debug_str     0x00000000000010fa       0x28 ../hello_world_bsp//libhal_bsp.a(alt_release_fd.o)
                                        0x1db (size before relaxing)
 .debug_str     0x0000000000001122       0x89 ../hello_world_bsp//libhal_bsp.a(alt_tick.o)
                                        0x25e (size before relaxing)
 .debug_str     0x00000000000011ab       0x3b ../hello_world_bsp//libhal_bsp.a(altera_nios2_gen2_irq.o)
                                        0x168 (size before relaxing)
 .debug_str     0x00000000000011e6       0x1e ../hello_world_bsp//libhal_bsp.a(alt_exception_entry.o)
                                         0x72 (size before relaxing)
 .debug_str     0x0000000000001204       0x24 ../hello_world_bsp//libhal_bsp.a(alt_find_dev.o)
                                        0x1eb (size before relaxing)
 .debug_str     0x0000000000001228       0x26 ../hello_world_bsp//libhal_bsp.a(alt_find_file.o)
                                        0x1f9 (size before relaxing)
 .debug_str     0x000000000000124e       0x30 ../hello_world_bsp//libhal_bsp.a(alt_get_fd.o)
                                        0x21b (size before relaxing)
 .debug_str     0x000000000000127e       0x2c ../hello_world_bsp//libhal_bsp.a(alt_icache_flush.o)
                                        0x167 (size before relaxing)
 .debug_str     0x00000000000012aa      0x48b ../hello_world_bsp//libhal_bsp.a(alt_instruction_exception_entry.o)
                                        0x5b5 (size before relaxing)
 .debug_str     0x0000000000001735       0xe5 /home/e2/intelFPGA_lite/20.1/nios2eds/bin/gnu/H-x86_64-pc-linux-gnu/bin/../lib/gcc/nios2-elf/10.1.1/../../../../../H-x86_64-pc-linux-gnu/nios2-elf/lib/mno-hw-mul/libsmallc.a(lib_a-exit.o)
                                        0x1e8 (size before relaxing)
 .debug_str     0x000000000000181a       0x46 /home/e2/intelFPGA_lite/20.1/nios2eds/bin/gnu/H-x86_64-pc-linux-gnu/bin/../lib/gcc/nios2-elf/10.1.1/../../../../../H-x86_64-pc-linux-gnu/nios2-elf/lib/mno-hw-mul/libsmallc.a(lib_a-memcmp.o)
                                        0x1d7 (size before relaxing)
 .debug_str     0x0000000000001860       0x6d /home/e2/intelFPGA_lite/20.1/nios2eds/bin/gnu/H-x86_64-pc-linux-gnu/bin/../lib/gcc/nios2-elf/10.1.1/../../../../../H-x86_64-pc-linux-gnu/nios2-elf/lib/mno-hw-mul/libsmallc.a(lib_a-__call_atexit.o)
                                        0x4fc (size before relaxing)
 .debug_str     0x00000000000018cd       0x2a ../hello_world_bsp//libhal_bsp.a(alt_exit.o)
                                        0x15d (size before relaxing)

.debug_loc      0x0000000000000000      0x55c
 *(.debug_loc)
 .debug_loc     0x0000000000000000       0xab /home/e2/intelFPGA_lite/20.1/nios2eds/bin/gnu/H-x86_64-pc-linux-gnu/bin/../lib/gcc/nios2-elf/10.1.1/../../../../../H-x86_64-pc-linux-gnu/nios2-elf/lib/mno-hw-mul/libsmallc.a(lib_a-puts.o)
 .debug_loc     0x00000000000000ab       0x44 /home/e2/intelFPGA_lite/20.1/nios2eds/bin/gnu/H-x86_64-pc-linux-gnu/bin/../lib/gcc/nios2-elf/10.1.1/../../../../../H-x86_64-pc-linux-gnu/nios2-elf/lib/mno-hw-mul/libsmallc.a(lib_a-strlen.o)
 .debug_loc     0x00000000000000ef      0x123 /home/e2/intelFPGA_lite/20.1/nios2eds/bin/gnu/H-x86_64-pc-linux-gnu/bin/../lib/gcc/nios2-elf/10.1.1/../../../../../H-x86_64-pc-linux-gnu/nios2-elf/lib/mno-hw-mul/libsmallc.a(lib_a-fvwrite_small_dev.o)
 .debug_loc     0x0000000000000212       0xd0 /home/e2/intelFPGA_lite/20.1/nios2eds/bin/gnu/H-x86_64-pc-linux-gnu/bin/../lib/gcc/nios2-elf/10.1.1/../../../../../H-x86_64-pc-linux-gnu/nios2-elf/lib/mno-hw-mul/libsmallc.a(lib_a-writer.o)
 .debug_loc     0x00000000000002e2       0x22 /home/e2/intelFPGA_lite/20.1/nios2eds/bin/gnu/H-x86_64-pc-linux-gnu/bin/../lib/gcc/nios2-elf/10.1.1/../../../../../H-x86_64-pc-linux-gnu/nios2-elf/lib/mno-hw-mul/libsmallc.a(lib_a-exit.o)
 .debug_loc     0x0000000000000304       0xc2 /home/e2/intelFPGA_lite/20.1/nios2eds/bin/gnu/H-x86_64-pc-linux-gnu/bin/../lib/gcc/nios2-elf/10.1.1/../../../../../H-x86_64-pc-linux-gnu/nios2-elf/lib/mno-hw-mul/libsmallc.a(lib_a-memcmp.o)
 .debug_loc     0x00000000000003c6      0x196 /home/e2/intelFPGA_lite/20.1/nios2eds/bin/gnu/H-x86_64-pc-linux-gnu/bin/../lib/gcc/nios2-elf/10.1.1/../../../../../H-x86_64-pc-linux-gnu/nios2-elf/lib/mno-hw-mul/libsmallc.a(lib_a-__call_atexit.o)

.debug_macinfo
 *(.debug_macinfo)

.debug_weaknames
 *(.debug_weaknames)

.debug_funcnames
 *(.debug_funcnames)

.debug_typenames
 *(.debug_typenames)

.debug_varnames
 *(.debug_varnames)

.debug_alt_sim_info
                0x0000000000000000       0x30
 *(.debug_alt_sim_info)
 .debug_alt_sim_info
                0x0000000000000000       0x30 ../hello_world_bsp//obj/HAL/src/crt0.o
                0x000000000000d000                __alt_data_end = 0xd000
                0x000000000000d000                PROVIDE (__alt_stack_pointer = __alt_data_end)
                [!provide]                        PROVIDE (__alt_stack_limit = __alt_stack_base)
                [!provide]                        PROVIDE (__alt_heap_start = end)
                [!provide]                        PROVIDE (__alt_heap_limit = 0xd000)
OUTPUT(hello_world.elf elf32-littlenios2)
LOAD linker stubs

.debug_ranges   0x0000000000000000      0x148
 .debug_ranges  0x0000000000000000       0x20 ../hello_world_bsp//obj/HAL/src/crt0.o
 .debug_ranges  0x0000000000000020       0x18 /home/e2/intelFPGA_lite/20.1/nios2eds/bin/gnu/H-x86_64-pc-linux-gnu/bin/../lib/gcc/nios2-elf/10.1.1/../../../../../H-x86_64-pc-linux-gnu/nios2-elf/lib/mno-hw-mul/libsmallc.a(lib_a-puts.o)
 .debug_ranges  0x0000000000000038       0x10 /home/e2/intelFPGA_lite/20.1/nios2eds/bin/gnu/H-x86_64-pc-linux-gnu/bin/../lib/gcc/nios2-elf/10.1.1/../../../../../H-x86_64-pc-linux-gnu/nios2-elf/lib/mno-hw-mul/libsmallc.a(lib_a-strlen.o)
 .debug_ranges  0x0000000000000048       0x10 /home/e2/intelFPGA_lite/20.1/nios2eds/bin/gnu/H-x86_64-pc-linux-gnu/bin/../lib/gcc/nios2-elf/10.1.1/../../../../../H-x86_64-pc-linux-gnu/nios2-elf/lib/mno-hw-mul/libsmallc.a(lib_a-fvwrite_small_dev.o)
 .debug_ranges  0x0000000000000058       0x10 /home/e2/intelFPGA_lite/20.1/nios2eds/bin/gnu/H-x86_64-pc-linux-gnu/bin/../lib/gcc/nios2-elf/10.1.1/../../../../../H-x86_64-pc-linux-gnu/nios2-elf/lib/mno-hw-mul/libsmallc.a(lib_a-writer.o)
 .debug_ranges  0x0000000000000068       0x18 ../hello_world_bsp//libhal_bsp.a(altera_avalon_jtag_uart_read.o)
 .debug_ranges  0x0000000000000080       0x28 ../hello_world_bsp//libhal_bsp.a(alt_irq_entry.o)
 .debug_ranges  0x00000000000000a8       0x10 ../hello_world_bsp//libhal_bsp.a(alt_irq_handler.o)
 .debug_ranges  0x00000000000000b8       0x30 ../hello_world_bsp//libhal_bsp.a(alt_exception_entry.o)
 .debug_ranges  0x00000000000000e8       0x18 ../hello_world_bsp//libhal_bsp.a(alt_instruction_exception_entry.o)
 .debug_ranges  0x0000000000000100       0x10 /home/e2/intelFPGA_lite/20.1/nios2eds/bin/gnu/H-x86_64-pc-linux-gnu/bin/../lib/gcc/nios2-elf/10.1.1/../../../../../H-x86_64-pc-linux-gnu/nios2-elf/lib/mno-hw-mul/libsmallc.a(lib_a-exit.o)
 .debug_ranges  0x0000000000000110       0x10 /home/e2/intelFPGA_lite/20.1/nios2eds/bin/gnu/H-x86_64-pc-linux-gnu/bin/../lib/gcc/nios2-elf/10.1.1/../../../../../H-x86_64-pc-linux-gnu/nios2-elf/lib/mno-hw-mul/libsmallc.a(lib_a-memcmp.o)
 .debug_ranges  0x0000000000000120       0x28 /home/e2/intelFPGA_lite/20.1/nios2eds/bin/gnu/H-x86_64-pc-linux-gnu/bin/../lib/gcc/nios2-elf/10.1.1/../../../../../H-x86_64-pc-linux-gnu/nios2-elf/lib/mno-hw-mul/libsmallc.a(lib_a-__call_atexit.o)
