Archive member included to satisfy reference by file (symbol)

/home/e2/intelFPGA_lite/20.1/nios2eds/bin/gnu/H-x86_64-pc-linux-gnu/bin/../lib/gcc/nios2-elf/10.1.1/mno-hw-mul/libgcc.a(addsf3.o)
                              obj/default/hello_world.o (__addsf3)
/home/e2/intelFPGA_lite/20.1/nios2eds/bin/gnu/H-x86_64-pc-linux-gnu/bin/../lib/gcc/nios2-elf/10.1.1/mno-hw-mul/libgcc.a(divsf3.o)
                              obj/default/hello_world.o (__divsf3)
/home/e2/intelFPGA_lite/20.1/nios2eds/bin/gnu/H-x86_64-pc-linux-gnu/bin/../lib/gcc/nios2-elf/10.1.1/mno-hw-mul/libgcc.a(mulsf3.o)
                              obj/default/hello_world.o (__mulsf3)
/home/e2/intelFPGA_lite/20.1/nios2eds/bin/gnu/H-x86_64-pc-linux-gnu/bin/../lib/gcc/nios2-elf/10.1.1/mno-hw-mul/libgcc.a(fixsfsi.o)
                              obj/default/hello_world.o (__fixsfsi)
/home/e2/intelFPGA_lite/20.1/nios2eds/bin/gnu/H-x86_64-pc-linux-gnu/bin/../lib/gcc/nios2-elf/10.1.1/mno-hw-mul/libgcc.a(_clzsi2.o)
                              /home/e2/intelFPGA_lite/20.1/nios2eds/bin/gnu/H-x86_64-pc-linux-gnu/bin/../lib/gcc/nios2-elf/10.1.1/mno-hw-mul/libgcc.a(addsf3.o) (__clzsi2)
/home/e2/intelFPGA_lite/20.1/nios2eds/bin/gnu/H-x86_64-pc-linux-gnu/bin/../lib/gcc/nios2-elf/10.1.1/mno-hw-mul/libgcc.a(lib2-mul.o)
                              /home/e2/intelFPGA_lite/20.1/nios2eds/bin/gnu/H-x86_64-pc-linux-gnu/bin/../lib/gcc/nios2-elf/10.1.1/mno-hw-mul/libgcc.a(mulsf3.o) (__mulsi3)
/home/e2/intelFPGA_lite/20.1/nios2eds/bin/gnu/H-x86_64-pc-linux-gnu/bin/../lib/gcc/nios2-elf/10.1.1/mno-hw-mul/libgcc.a(_clz.o)
                              /home/e2/intelFPGA_lite/20.1/nios2eds/bin/gnu/H-x86_64-pc-linux-gnu/bin/../lib/gcc/nios2-elf/10.1.1/mno-hw-mul/libgcc.a(_clzsi2.o) (__clz_tab)
/home/e2/intelFPGA_lite/20.1/nios2eds/bin/gnu/H-x86_64-pc-linux-gnu/bin/../lib/gcc/nios2-elf/10.1.1/../../../../../H-x86_64-pc-linux-gnu/nios2-elf/lib/mno-hw-mul/libsmallc.a(lib_a-printf.o)
                              obj/default/hello_world.o (printf)
/home/e2/intelFPGA_lite/20.1/nios2eds/bin/gnu/H-x86_64-pc-linux-gnu/bin/../lib/gcc/nios2-elf/10.1.1/../../../../../H-x86_64-pc-linux-gnu/nios2-elf/lib/mno-hw-mul/libsmallc.a(lib_a-puts.o)
                              obj/default/hello_world.o (puts)
/home/e2/intelFPGA_lite/20.1/nios2eds/bin/gnu/H-x86_64-pc-linux-gnu/bin/../lib/gcc/nios2-elf/10.1.1/../../../../../H-x86_64-pc-linux-gnu/nios2-elf/lib/mno-hw-mul/libsmallc.a(lib_a-strlen.o)
                              /home/e2/intelFPGA_lite/20.1/nios2eds/bin/gnu/H-x86_64-pc-linux-gnu/bin/../lib/gcc/nios2-elf/10.1.1/../../../../../H-x86_64-pc-linux-gnu/nios2-elf/lib/mno-hw-mul/libsmallc.a(lib_a-puts.o) (strlen)
/home/e2/intelFPGA_lite/20.1/nios2eds/bin/gnu/H-x86_64-pc-linux-gnu/bin/../lib/gcc/nios2-elf/10.1.1/../../../../../H-x86_64-pc-linux-gnu/nios2-elf/lib/mno-hw-mul/libsmallc.a(lib_a-vfprintf.o)
                              /home/e2/intelFPGA_lite/20.1/nios2eds/bin/gnu/H-x86_64-pc-linux-gnu/bin/../lib/gcc/nios2-elf/10.1.1/../../../../../H-x86_64-pc-linux-gnu/nios2-elf/lib/mno-hw-mul/libsmallc.a(lib_a-printf.o) (___vfprintf_internal_r)
/home/e2/intelFPGA_lite/20.1/nios2eds/bin/gnu/H-x86_64-pc-linux-gnu/bin/../lib/gcc/nios2-elf/10.1.1/../../../../../H-x86_64-pc-linux-gnu/nios2-elf/lib/mno-hw-mul/libsmallc.a(lib_a-fvwrite_small_dev.o)
                              /home/e2/intelFPGA_lite/20.1/nios2eds/bin/gnu/H-x86_64-pc-linux-gnu/bin/../lib/gcc/nios2-elf/10.1.1/../../../../../H-x86_64-pc-linux-gnu/nios2-elf/lib/mno-hw-mul/libsmallc.a(lib_a-printf.o) (__sfvwrite_small_dev)
/home/e2/intelFPGA_lite/20.1/nios2eds/bin/gnu/H-x86_64-pc-linux-gnu/bin/../lib/gcc/nios2-elf/10.1.1/../../../../../H-x86_64-pc-linux-gnu/nios2-elf/lib/mno-hw-mul/libsmallc.a(lib_a-impure.o)
                              /home/e2/intelFPGA_lite/20.1/nios2eds/bin/gnu/H-x86_64-pc-linux-gnu/bin/../lib/gcc/nios2-elf/10.1.1/../../../../../H-x86_64-pc-linux-gnu/nios2-elf/lib/mno-hw-mul/libsmallc.a(lib_a-printf.o) (_impure_ptr)
/home/e2/intelFPGA_lite/20.1/nios2eds/bin/gnu/H-x86_64-pc-linux-gnu/bin/../lib/gcc/nios2-elf/10.1.1/../../../../../H-x86_64-pc-linux-gnu/nios2-elf/lib/mno-hw-mul/libsmallc.a(lib_a-writer.o)
                              /home/e2/intelFPGA_lite/20.1/nios2eds/bin/gnu/H-x86_64-pc-linux-gnu/bin/../lib/gcc/nios2-elf/10.1.1/../../../../../H-x86_64-pc-linux-gnu/nios2-elf/lib/mno-hw-mul/libsmallc.a(lib_a-fvwrite_small_dev.o) (_write_r)
/home/e2/intelFPGA_lite/20.1/nios2eds/bin/gnu/H-x86_64-pc-linux-gnu/bin/../lib/gcc/nios2-elf/10.1.1/../../../../../H-x86_64-pc-linux-gnu/nios2-elf/lib/mno-hw-mul/libsmallc.a(lib_a-int_errno.o)
                              /home/e2/intelFPGA_lite/20.1/nios2eds/bin/gnu/H-x86_64-pc-linux-gnu/bin/../lib/gcc/nios2-elf/10.1.1/../../../../../H-x86_64-pc-linux-gnu/nios2-elf/lib/mno-hw-mul/libsmallc.a(lib_a-writer.o) (errno)
/home/e2/intelFPGA_lite/20.1/nios2eds/bin/gnu/H-x86_64-pc-linux-gnu/bin/../lib/gcc/nios2-elf/10.1.1/mno-hw-mul/libgcc.a(lib2-divmod.o)
[...]
Memory Configuration

Name             Origin             Length             Attributes
reset            0x0000000000008000 0x0000000000000020
onchip_mem       0x0000000000008020 0x0000000000004fe0
*default*        0x0000000000000000 0xffffffffffffffff

Linker script and memory map

LOAD ../hello_world_bsp//obj/HAL/src/crt0.o
LOAD obj/default/hello_world.o
LOAD /home/e2/intelFPGA_lite/20.1/nios2eds/bin/gnu/H-x86_64-pc-linux-gnu/bin/../lib/gcc/nios2-elf/10.1.1/../../../../../H-x86_64-pc-linux-gnu/nios2-elf/lib/mno-hw-mul/libstdc++.a
LOAD /home/e2/intelFPGA_lite/20.1/nios2eds/bin/gnu/H-x86_64-pc-linux-gnu/bin/../lib/gcc/nios2-elf/10.1.1/../../../../../H-x86_64-pc-linux-gnu/nios2-elf/lib/mno-hw-mul/libm.a
LOAD /home/e2/intelFPGA_lite/20.1/nios2eds/bin/gnu/H-x86_64-pc-linux-gnu/bin/../lib/gcc/nios2-elf/10.1.1/mno-hw-mul/libgcc.a
START GROUP
LOAD /home/e2/intelFPGA_lite/20.1/nios2eds/bin/gnu/H-x86_64-pc-linux-gnu/bin/../lib/gcc/nios2-elf/10.1.1/../../../../../H-x86_64-pc-linux-gnu/nios2-elf/lib/mno-hw-mul/libsmallc.a
LOAD /home/e2/intelFPGA_lite/20.1/nios2eds/bin/gnu/H-x86_64-pc-linux-gnu/bin/../lib/gcc/nios2-elf/10.1.1/mno-hw-mul/libgcc.a
LOAD ../hello_world_bsp//libhal_bsp.a
LOAD /home/e2/intelFPGA_lite/20.1/nios2eds/bin/gnu/H-x86_64-pc-linux-gnu/bin/../lib/gcc/nios2-elf/10.1.1/../../../../../H-x86_64-pc-linux-gnu/nios2-elf/lib/mno-hw-mul/libm.a
END GROUP
LOAD /home/e2/intelFPGA_lite/20.1/nios2eds/bin/gnu/H-x86_64-pc-linux-gnu/bin/../lib/gcc/nios2-elf/10.1.1/mno-hw-mul/libgcc.a
                0x0000000000008000                __alt_mem_onchip_mem = 0x8000

.entry          0x0000000000008000       0x20
 *(.entry)
 .entry         0x0000000000008000       0x20 ../hello_world_bsp//obj/HAL/src/crt0.o
                0x0000000000008000                __reset

.exceptions     0x0000000000008020      0x218
                0x0000000000008020                PROVIDE (__ram_exceptions_start = ABSOLUTE (.))
                0x0000000000008020                . = ALIGN (0x20)
 *(.irq)
 *(.exceptions.entry.label)
 .exceptions.entry.label
                0x0000000000008020        0x0 ../hello_world_bsp//libhal_bsp.a(alt_irq_entry.o)
                0x0000000000008020                alt_irq_entry
 .exceptions.entry.label
                0x0000000000008020        0x0 ../hello_world_bsp//libhal_bsp.a(alt_exception_entry.o)
                0x0000000000008020                alt_exception
 *(.exceptions.entry.user)
 *(.exceptions.entry.ecc_fatal)
 *(.exceptions.entry)
 .exceptions.entry
                0x0000000000008020       0x54 ../hello_world_bsp//libhal_bsp.a(alt_exception_entry.o)
 *(.exceptions.irqtest.user)
 *(.exceptions.irqtest)
 .exceptions.irqtest
                0x0000000000008074       0x10 ../hello_world_bsp//libhal_bsp.a(alt_irq_entry.o)
 *(.exceptions.irqhandler.user)
 *(.exceptions.irqhandler)
 .exceptions.irqhandler
                0x0000000000008084        0x4 ../hello_world_bsp//libhal_bsp.a(alt_irq_entry.o)
 *(.exceptions.irqreturn.user)
 *(.exceptions.irqreturn)
 .exceptions.irqreturn
                0x0000000000008088        0x4 ../hello_world_bsp//libhal_bsp.a(alt_irq_entry.o)
 *(.exceptions.notirq.label)
 .exceptions.notirq.label
                0x000000000000808c        0x0 ../hello_world_bsp//libhal_bsp.a(alt_irq_entry.o)
 *(.exceptions.notirq.user)
 *(.exceptions.notirq)
 .exceptions.notirq
                0x000000000000808c        0x8 ../hello_world_bsp//libhal_bsp.a(alt_exception_entry.o)
 *(.exceptions.soft.user)
 *(.exceptions.soft)
 *(.exceptions.unknown.user)
 *(.exceptions.unknown)
 .exceptions.unknown
                0x0000000000008094       0x14 ../hello_world_bsp//libhal_bsp.a(alt_exception_entry.o)
 *(.exceptions.exit.label)
 .exceptions.exit.label
                0x00000000000080a8        0x0 ../hello_world_bsp//libhal_bsp.a(alt_irq_entry.o)
 .exceptions.exit.label
                0x00000000000080a8        0x0 ../hello_world_bsp//libhal_bsp.a(alt_exception_entry.o)
 *(.exceptions.exit.user)
 *(.exceptions.exit)
 .exceptions.exit
                0x00000000000080a8       0x54 ../hello_world_bsp//libhal_bsp.a(alt_exception_entry.o)
 *(.exceptions)
 .exceptions    0x00000000000080fc       0xc8 ../hello_world_bsp//libhal_bsp.a(alt_irq_handler.o)
                0x00000000000080fc                alt_irq_handler
 .exceptions    0x00000000000081c4       0x74 ../hello_world_bsp//libhal_bsp.a(alt_instruction_exception_entry.o)
                0x00000000000081c4                alt_instruction_exception_entry
                0x0000000000008238                PROVIDE (__ram_exceptions_end = ABSOLUTE (.))
                0x0000000000008020                PROVIDE (__flash_exceptions_start = LOADADDR (.exceptions))

.text           0x0000000000008238     0x311c
                [!provide]                        PROVIDE (stext = ABSOLUTE (.))
 *(.interp)
 *(.hash)
 *(.dynsym)
 *(.dynstr)
 *(.gnu.version)
 *(.gnu.version_d)
 *(.gnu.version_r)
 *(.rel.init)
 *(.rela.init)
 *(.rel.text .rel.text.* .rel.gnu.linkonce.t.*)
 *(.rela.text .rela.text.* .rela.gnu.linkonce.t.*)
 *(.rel.fini)
 *(.rela.fini)
 *(.rel.rodata .rel.rodata.* .rel.gnu.linkonce.r.*)
 *(.rela.rodata .rela.rodata.* .rela.gnu.linkonce.r.*)
 *(.rel.data .rel.data.* .rel.gnu.linkonce.d.*)
 *(.rela.data .rela.data.* .rela.gnu.linkonce.d.*)
 *(.rel.tdata .rel.tdata.* .rel.gnu.linkonce.td.*)
 *(.rela.tdata .rela.tdata.* .rela.gnu.linkonce.td.*)
 *(.rel.tbss .rel.tbss.* .rel.gnu.linkonce.tb.*)
 *(.rela.tbss .rela.tbss.* .rela.gnu.linkonce.tb.*)
 *(.rel.ctors)
 *(.rela.ctors)
 *(.rel.dtors)
 *(.rela.dtors)
 *(.rel.got)
 *(.rela.got)
 *(.rel.sdata .rel.sdata.* .rel.gnu.linkonce.s.*)
 *(.rela.sdata .rela.sdata.* .rela.gnu.linkonce.s.*)
 *(.rel.sbss .rel.sbss.* .rel.gnu.linkonce.sb.*)
 *(.rela.sbss .rela.sbss.* .rela.gnu.linkonce.sb.*)
 *(.rel.sdata2 .rel.sdata2.* .rel.gnu.linkonce.s2.*)
 *(.rela.sdata2 .rela.sdata2.* .rela.gnu.linkonce.s2.*)
 *(.rel.sbss2 .rel.sbss2.* .rel.gnu.linkonce.sb2.*)
 *(.rela.sbss2 .rela.sbss2.* .rela.gnu.linkonce.sb2.*)
 *(.rel.bss .rel.bss.* .rel.gnu.linkonce.b.*)
 *(.rela.bss .rela.bss.* .rela.gnu.linkonce.b.*)
 *(.rel.plt)
 *(.rela.plt)
 *(.rel.dyn)
 *(.init)
 *(.plt)
 *(.text .stub .text.* .gnu.linkonce.t.*)
 .text          0x0000000000008238       0x4c ../hello_world_bsp//obj/HAL/src/crt0.o
                0x0000000000008238                _start
 .text          0x0000000000008284      0x258 obj/default/hello_world.o
                0x0000000000008284                generateVector
                0x000000000000832c                sumVector
                0x0000000000008404                main
 .text          0x00000000000084dc      0x46c /home/e2/intelFPGA_lite/20.1/nios2eds/bin/gnu/H-x86_64-pc-linux-gnu/bin/../lib/gcc/nios2-elf/10.1.1/mno-hw-mul/libgcc.a(addsf3.o)
                0x00000000000084dc                __addsf3
 .text          0x0000000000008948      0x3f4 /home/e2/intelFPGA_lite/20.1/nios2eds/bin/gnu/H-x86_64-pc-linux-gnu/bin/../lib/gcc/nios2-elf/10.1.1/mno-hw-mul/libgcc.a(divsf3.o)
                0x0000000000008948                __divsf3
 .text          0x0000000000008d3c      0x400 /home/e2/intelFPGA_lite/20.1/nios2eds/bin/gnu/H-x86_64-pc-linux-gnu/bin/../lib/gcc/nios2-elf/10.1.1/mno-hw-mul/libgcc.a(mulsf3.o)
                0x0000000000008d3c                __mulsf3
 .text          0x000000000000913c       0x70 /home/e2/intelFPGA_lite/20.1/nios2eds/bin/gnu/H-x86_64-pc-linux-gnu/bin/../lib/gcc/nios2-elf/10.1.1/mno-hw-mul/libgcc.a(fixsfsi.o)
                0x000000000000913c                __fixsfsi
 .text          0x00000000000091ac       0x54 /home/e2/intelFPGA_lite/20.1/nios2eds/bin/gnu/H-x86_64-pc-linux-gnu/bin/../lib/gcc/nios2-elf/10.1.1/mno-hw-mul/libgcc.a(_clzsi2.o)
                0x00000000000091ac                __clzsi2
 .text          0x0000000000009200       0x28 /home/e2/intelFPGA_lite/20.1/nios2eds/bin/gnu/H-x86_64-pc-linux-gnu/bin/../lib/gcc/nios2-elf/10.1.1/mno-hw-mul/libgcc.a(lib2-mul.o)
                0x0000000000009200                __mulsi3
 .text          0x0000000000009228        0x0 /home/e2/intelFPGA_lite/20.1/nios2eds/bin/gnu/H-x86_64-pc-linux-gnu/bin/../lib/gcc/nios2-elf/10.1.1/mno-hw-mul/libgcc.a(_clz.o)
 .text          0x0000000000009228        0x0 /home/e2/intelFPGA_lite/20.1/nios2eds/bin/gnu/H-x86_64-pc-linux-gnu/bin/../lib/gcc/nios2-elf/10.1.1/../../../../../H-x86_64-pc-linux-gnu/nios2-elf/lib/mno-hw-mul/libsmallc.a(lib_a-printf.o)
 .text._printf_r
                0x0000000000009228       0x3c /home/e2/intelFPGA_lite/20.1/nios2eds/bin/gnu/H-x86_64-pc-linux-gnu/bin/../lib/gcc/nios2-elf/10.1.1/../../../../../H-x86_64-pc-linux-gnu/nios2-elf/lib/mno-hw-mul/libsmallc.a(lib_a-printf.o)
                0x0000000000009228                _printf_r
 .text.printf   0x0000000000009264       0x48 /home/e2/intelFPGA_lite/20.1/nios2eds/bin/gnu/H-x86_64-pc-linux-gnu/bin/../lib/gcc/nios2-elf/10.1.1/../../../../../H-x86_64-pc-linux-gnu/nios2-elf/lib/mno-hw-mul/libsmallc.a(lib_a-printf.o)
                0x0000000000009264                printf
 .text          0x00000000000092ac        0x0 /home/e2/intelFPGA_lite/20.1/nios2eds/bin/gnu/H-x86_64-pc-linux-gnu/bin/../lib/gcc/nios2-elf/10.1.1/../../../../../H-x86_64-pc-linux-gnu/nios2-elf/lib/mno-hw-mul/libsmallc.a(lib_a-puts.o)
 .text._puts_r  0x00000000000092ac       0x80 /home/e2/intelFPGA_lite/20.1/nios2eds/bin/gnu/H-x86_64-pc-linux-gnu/bin/../lib/gcc/nios2-elf/10.1.1/../../../../../H-x86_64-pc-linux-gnu/nios2-elf/lib/mno-hw-mul/libsmallc.a(lib_a-puts.o)
                0x00000000000092ac                _puts_r
 .text.puts     0x000000000000932c       0x10 /home/e2/intelFPGA_lite/20.1/nios2eds/bin/gnu/H-x86_64-pc-linux-gnu/bin/../lib/gcc/nios2-elf/10.1.1/../../../../../H-x86_64-pc-linux-gnu/nios2-elf/lib/mno-hw-mul/libsmallc.a(lib_a-puts.o)
                0x000000000000932c                puts
 .text          0x000000000000933c        0x0 /home/e2/intelFPGA_lite/20.1/nios2eds/bin/gnu/H-x86_64-pc-linux-gnu/bin/../lib/gcc/nios2-elf/10.1.1/../../../../../H-x86_64-pc-linux-gnu/nios2-elf/lib/mno-hw-mul/libsmallc.a(lib_a-strlen.o)
 .text.strlen   0x000000000000933c       0x1c /home/e2/intelFPGA_lite/20.1/nios2eds/bin/gnu/H-x86_64-pc-linux-gnu/bin/../lib/gcc/nios2-elf/10.1.1/../../../../../H-x86_64-pc-linux-gnu/nios2-elf/lib/mno-hw-mul/libsmallc.a(lib_a-strlen.o)
                0x000000000000933c                strlen
 .text          0x0000000000009358        0x0 /home/e2/intelFPGA_lite/20.1/nios2eds/bin/gnu/H-x86_64-pc-linux-gnu/bin/../lib/gcc/nios2-elf/10.1.1/../../../../../H-x86_64-pc-linux-gnu/nios2-elf/lib/mno-hw-mul/libsmallc.a(lib_a-vfprintf.o)
 .text.print_repeat
                0x0000000000009358       0x6c /home/e2/intelFPGA_lite/20.1/nios2eds/bin/gnu/H-x86_64-pc-linux-gnu/bin/../lib/gcc/nios2-elf/10.1.1/../../../../../H-x86_64-pc-linux-gnu/nios2-elf/lib/mno-hw-mul/libsmallc.a(lib_a-vfprintf.o)
 .text.___vfprintf_internal_r
                0x00000000000093c4      0x50c /home/e2/intelFPGA_lite/20.1/nios2eds/bin/gnu/H-x86_64-pc-linux-gnu/bin/../lib/gcc/nios2-elf/10.1.1/../../../../../H-x86_64-pc-linux-gnu/nios2-elf/lib/mno-hw-mul/libsmallc.a(lib_a-vfprintf.o)
                0x00000000000093c4                ___vfprintf_internal_r
 .text.__vfprintf_internal
                0x00000000000098d0       0x18 /home/e2/intelFPGA_lite/20.1/nios2eds/bin/gnu/H-x86_64-pc-linux-gnu/bin/../lib/gcc/nios2-elf/10.1.1/../../../../../H-x86_64-pc-linux-gnu/nios2-elf/lib/mno-hw-mul/libsmallc.a(lib_a-vfprintf.o)
                0x00000000000098d0                __vfprintf_internal
 .text          0x00000000000098e8        0x0 /home/e2/intelFPGA_lite/20.1/nios2eds/bin/gnu/H-x86_64-pc-linux-gnu/bin/../lib/gcc/nios2-elf/10.1.1/../../../../../H-x86_64-pc-linux-gnu/nios2-elf/lib/mno-hw-mul/libsmallc.a(lib_a-fvwrite_small_dev.o)
 .text.__sfvwrite_small_dev
                0x00000000000098e8       0xa8 /home/e2/intelFPGA_lite/20.1/nios2eds/bin/gnu/H-x86_64-pc-linux-gnu/bin/../lib/gcc/nios2-elf/10.1.1/../../../../../H-x86_64-pc-linux-gnu/nios2-elf/lib/mno-hw-mul/libsmallc.a(lib_a-fvwrite_small_dev.o)
                0x00000000000098e8                __sfvwrite_small_dev
 .text          0x0000000000009990        0x0 /home/e2/intelFPGA_lite/20.1/nios2eds/bin/gnu/H-x86_64-pc-linux-gnu/bin/../lib/gcc/nios2-elf/10.1.1/../../../../../H-x86_64-pc-linux-gnu/nios2-elf/lib/mno-hw-mul/libsmallc.a(lib_a-impure.o)
 .text          0x0000000000009990        0x0 /home/e2/intelFPGA_lite/20.1/nios2eds/bin/gnu/H-x86_64-pc-linux-gnu/bin/../lib/gcc/nios2-elf/10.1.1/../../../../../H-x86_64-pc-linux-gnu/nios2-elf/lib/mno-hw-mul/libsmallc.a(lib_a-writer.o)
 .text._write_r
                0x0000000000009990       0x50 /home/e2/intelFPGA_lite/20.1/nios2eds/bin/gnu/H-x86_64-pc-linux-gnu/bin/../lib/gcc/nios2-elf/10.1.1/../../../../../H-x86_64-pc-linux-gnu/nios2-elf/lib/mno-hw-mul/libsmallc.a(lib_a-writer.o)
                0x0000000000009990                _write_r
 .text          0x00000000000099e0        0x0 /home/e2/intelFPGA_lite/20.1/nios2eds/bin/gnu/H-x86_64-pc-linux-gnu/bin/../lib/gcc/nios2-elf/10.1.1/../../../../../H-x86_64-pc-linux-gnu/nios2-elf/lib/mno-hw-mul/libsmallc.a(lib_a-int_errno.o)
 .text          0x00000000000099e0      0x1b4 /home/e2/intelFPGA_lite/20.1/nios2eds/bin/gnu/H-x86_64-pc-linux-gnu/bin/../lib/gcc/nios2-elf/10.1.1/mno-hw-mul/libgcc.a(lib2-divmod.o)
                0x00000000000099e0                __divsi3
                0x0000000000009a60                __modsi3
                0x0000000000009ad4                __udivsi3
                0x0000000000009b38                __umodsi3
 .text          0x0000000000009b94       0xec ../hello_world_bsp//libhal_bsp.a(alt_load.o)
                0x0000000000009bfc                alt_load
 .text          0x0000000000009c80       0x6c ../hello_world_bsp//libhal_bsp.a(alt_main.o)
                0x0000000000009c80                alt_main
 .text          0x0000000000009cec       0xb4 ../hello_world_bsp//libhal_bsp.a(alt_times.o)
                0x0000000000009d28                times
 .text          0x0000000000009da0      0x140 ../hello_world_bsp//libhal_bsp.a(alt_write.o)
                0x0000000000009ddc                write
 .text          0x0000000000009ee0       0xc0 ../hello_world_bsp//libhal_bsp.a(alt_sys_init.o)
                0x0000000000009f14                alt_irq_init
                0x0000000000009f50                alt_sys_init
 .text          0x0000000000009fa0       0xc0 ../hello_world_bsp//libhal_bsp.a(altera_avalon_jtag_uart_fd.o)
                0x0000000000009fa0                altera_avalon_jtag_uart_read_fd
                0x000000000000a000                altera_avalon_jtag_uart_write_fd
 .text          0x000000000000a060       0xec ../hello_world_bsp//libhal_bsp.a(altera_avalon_jtag_uart_read.o)
                0x000000000000a060                altera_avalon_jtag_uart_read
 .text          0x000000000000a14c       0x94 ../hello_world_bsp//libhal_bsp.a(altera_avalon_jtag_uart_write.o)
                0x000000000000a14c                altera_avalon_jtag_uart_write
 .text          0x000000000000a1e0      0x100 ../hello_world_bsp//libhal_bsp.a(altera_avalon_timer_sc.o)
                0x000000000000a25c                alt_avalon_timer_sc_init
 .text          0x000000000000a2e0      0x118 ../hello_world_bsp//libhal_bsp.a(alt_close.o)
                0x000000000000a31c                close
 .text          0x000000000000a3f8       0x4c ../hello_world_bsp//libhal_bsp.a(alt_dcache_flush_all.o)
                0x000000000000a3f8                alt_dcache_flush_all
 .text          0x000000000000a444       0x2c ../hello_world_bsp//libhal_bsp.a(alt_dev.o)
 .text          0x000000000000a470       0xe4 ../hello_world_bsp//libhal_bsp.a(alt_dev_llist_insert.o)
                0x000000000000a4ac                alt_dev_llist_insert
 .text          0x000000000000a554        0x0 ../hello_world_bsp//libhal_bsp.a(alt_errno.o)
 .text          0x000000000000a554       0x34 ../hello_world_bsp//libhal_bsp.a(alt_icache_flush_all.o)
                0x000000000000a554                alt_icache_flush_all
 .text          0x000000000000a588      0x1b0 ../hello_world_bsp//libhal_bsp.a(alt_iic.o)
                0x000000000000a588                alt_ic_isr_register
                0x000000000000a5d8                alt_ic_irq_enable
                0x000000000000a660                alt_ic_irq_disable
                0x000000000000a6ec                alt_ic_irq_enabled
 .text          0x000000000000a738       0xe8 ../hello_world_bsp//libhal_bsp.a(alt_iic_isr_register.o)
                0x000000000000a738                alt_iic_isr_register
 .text          0x000000000000a820      0x150 ../hello_world_bsp//libhal_bsp.a(alt_io_redirect.o)
                0x000000000000a8f4                alt_io_redirect
 .text          0x000000000000a970        0x0 ../hello_world_bsp//libhal_bsp.a(alt_irq_entry.o)
 .text          0x000000000000a970        0x0 ../hello_world_bsp//libhal_bsp.a(alt_irq_handler.o)
 .text          0x000000000000a970        0x0 ../hello_world_bsp//libhal_bsp.a(alt_irq_vars.o)
 .text          0x000000000000a970      0x278 ../hello_world_bsp//libhal_bsp.a(alt_open.o)
                0x000000000000aa88                open
 .text          0x000000000000abe8       0x70 ../hello_world_bsp//libhal_bsp.a(alt_release_fd.o)
                0x000000000000abe8                alt_release_fd
 .text          0x000000000000ac58      0x1ac ../hello_world_bsp//libhal_bsp.a(alt_tick.o)
                0x000000000000ac58                alt_alarm_stop
                0x000000000000acfc                alt_tick
 .text          0x000000000000ae04       0x24 ../hello_world_bsp//libhal_bsp.a(altera_nios2_gen2_irq.o)
                0x000000000000ae04                altera_nios2_gen2_irq_init
 .text          0x000000000000ae28        0x0 ../hello_world_bsp//libhal_bsp.a(alt_exception_entry.o)
 .text          0x000000000000ae28       0x90 ../hello_world_bsp//libhal_bsp.a(alt_find_dev.o)
                0x000000000000ae28                alt_find_dev
 .text          0x000000000000aeb8      0x108 ../hello_world_bsp//libhal_bsp.a(alt_find_file.o)
                0x000000000000aeb8                alt_find_file
 .text          0x000000000000afc0       0xb8 ../hello_world_bsp//libhal_bsp.a(alt_get_fd.o)
                0x000000000000afc0                alt_get_fd
 .text          0x000000000000b078       0x90 ../hello_world_bsp//libhal_bsp.a(alt_icache_flush.o)
                0x000000000000b078                alt_icache_flush
 .text          0x000000000000b108       0x98 ../hello_world_bsp//libhal_bsp.a(alt_instruction_exception_entry.o)
                0x000000000000b108                alt_exception_cause_generated_bad_addr
 .text          0x000000000000b1a0        0x0 /home/e2/intelFPGA_lite/20.1/nios2eds/bin/gnu/H-x86_64-pc-linux-gnu/bin/../lib/gcc/nios2-elf/10.1.1/../../../../../H-x86_64-pc-linux-gnu/nios2-elf/lib/mno-hw-mul/libsmallc.a(lib_a-exit.o)
 .text.exit     0x000000000000b1a0       0x20 /home/e2/intelFPGA_lite/20.1/nios2eds/bin/gnu/H-x86_64-pc-linux-gnu/bin/../lib/gcc/nios2-elf/10.1.1/../../../../../H-x86_64-pc-linux-gnu/nios2-elf/lib/mno-hw-mul/libsmallc.a(lib_a-exit.o)
                0x000000000000b1a0                exit
 .text          0x000000000000b1c0        0x0 /home/e2/intelFPGA_lite/20.1/nios2eds/bin/gnu/H-x86_64-pc-linux-gnu/bin/../lib/gcc/nios2-elf/10.1.1/../../../../../H-x86_64-pc-linux-gnu/nios2-elf/lib/mno-hw-mul/libsmallc.a(lib_a-memcmp.o)
 .text.memcmp   0x000000000000b1c0       0x30 /home/e2/intelFPGA_lite/20.1/nios2eds/bin/gnu/H-x86_64-pc-linux-gnu/bin/../lib/gcc/nios2-elf/10.1.1/../../../../../H-x86_64-pc-linux-gnu/nios2-elf/lib/mno-hw-mul/libsmallc.a(lib_a-memcmp.o)
                0x000000000000b1c0                memcmp
 .text          0x000000000000b1f0        0x0 /home/e2/intelFPGA_lite/20.1/nios2eds/bin/gnu/H-x86_64-pc-linux-gnu/bin/../lib/gcc/nios2-elf/10.1.1/../../../../../H-x86_64-pc-linux-gnu/nios2-elf/lib/mno-hw-mul/libsmallc.a(lib_a-__call_atexit.o)
 .text.__call_exitprocs
                0x000000000000b1f0      0x12c /home/e2/intelFPGA_lite/20.1/nios2eds/bin/gnu/H-x86_64-pc-linux-gnu/bin/../lib/gcc/nios2-elf/10.1.1/../../../../../H-x86_64-pc-linux-gnu/nios2-elf/lib/mno-hw-mul/libsmallc.a(lib_a-__call_atexit.o)
                0x000000000000b1f0                __call_exitprocs
 .text          0x000000000000b31c       0x38 ../hello_world_bsp//libhal_bsp.a(alt_exit.o)
                0x000000000000b31c                _exit
 *(.gnu.warning.*)
 *(.fini)
                [!provide]                        PROVIDE (__etext = ABSOLUTE (.))
                [!provide]                        PROVIDE (_etext = ABSOLUTE (.))
                [!provide]                        PROVIDE (etext = ABSOLUTE (.))
 *(.eh_frame_hdr)
                0x000000000000b354                . = ALIGN (0x4)
                [!provide]                        PROVIDE (__preinit_array_start = ABSOLUTE (.))
 *(.preinit_array)
                [!provide]                        PROVIDE (__preinit_array_end = ABSOLUTE (.))
                [!provide]                        PROVIDE (__init_array_start = ABSOLUTE (.))
 *(.init_array)
                [!provide]                        PROVIDE (__init_array_end = ABSOLUTE (.))
                [!provide]                        PROVIDE (__fini_array_start = ABSOLUTE (.))
 *(.fini_array)
                [!provide]                        PROVIDE (__fini_array_end = ABSOLUTE (.))
 *(.eh_frame)
 *(.gcc_except_table .gcc_except_table.*)
 *(.dynamic)
                [!provide]                        PROVIDE (__CTOR_LIST__ = ABSOLUTE (.))
 *(.ctors)
 *(SORT_BY_NAME(.ctors.*))
                [!provide]                        PROVIDE (__CTOR_END__ = ABSOLUTE (.))
                [!provide]                        PROVIDE (__DTOR_LIST__ = ABSOLUTE (.))
 *(.dtors)
 *(SORT_BY_NAME(.dtors.*))
                [!provide]                        PROVIDE (__DTOR_END__ = ABSOLUTE (.))
 *(.jcr)
                0x000000000000b354                . = ALIGN (0x4)

.rodata         0x000000000000b354      0x170
                0x000000000000b354                PROVIDE (__ram_rodata_start = ABSOLUTE (.))
                0x000000000000b354                . = ALIGN (0x4)
 *(.rodata .rodata.* .gnu.linkonce.r.*)
 .rodata        0x000000000000b354       0x40 obj/default/hello_world.o
 .rodata        0x000000000000b394      0x100 /home/e2/intelFPGA_lite/20.1/nios2eds/bin/gnu/H-x86_64-pc-linux-gnu/bin/../lib/gcc/nios2-elf/10.1.1/mno-hw-mul/libgcc.a(_clz.o)
                0x000000000000b394                __clz_tab
 .rodata._puts_r.str1.4
                0x000000000000b494        0x2 /home/e2/intelFPGA_lite/20.1/nios2eds/bin/gnu/H-x86_64-pc-linux-gnu/bin/../lib/gcc/nios2-elf/10.1.1/../../../../../H-x86_64-pc-linux-gnu/nios2-elf/lib/mno-hw-mul/libsmallc.a(lib_a-puts.o)
 *fill*         0x000000000000b496        0x2 
 .rodata        0x000000000000b498        0xf ../hello_world_bsp//libhal_bsp.a(alt_main.o)
 *fill*         0x000000000000b4a7        0x1 
 .rodata        0x000000000000b4a8        0xf ../hello_world_bsp//libhal_bsp.a(alt_sys_init.o)
 *fill*         0x000000000000b4b7        0x1 
 .rodata        0x000000000000b4b8        0xa ../hello_world_bsp//libhal_bsp.a(alt_dev.o)
 *(.rodata1)
                0x000000000000b4c4                . = ALIGN (0x4)
 *fill*         0x000000000000b4c2        0x2 
                0x000000000000b4c4                PROVIDE (__ram_rodata_end = ABSOLUTE (.))
                0x000000000000b354                PROVIDE (__flash_rodata_start = LOADADDR (.rodata))

.rwdata         0x000000000000b4c4      0x2e4 load address 0x000000000000b7a8
                0x000000000000b4c4                PROVIDE (__ram_rwdata_start = ABSOLUTE (.))
                0x000000000000b4c4                . = ALIGN (0x4)
 *(.got.plt)
 *(.got)
 *(.data1)
 *(.data .data.* .gnu.linkonce.d.*)
 .data          0x000000000000b4c4        0x0 ../hello_world_bsp//obj/HAL/src/crt0.o
 .data          0x000000000000b4c4        0x0 obj/default/hello_world.o
 .data          0x000000000000b4c4        0x0 /home/e2/intelFPGA_lite/20.1/nios2eds/bin/gnu/H-x86_64-pc-linux-gnu/bin/../lib/gcc/nios2-elf/10.1.1/mno-hw-mul/libgcc.a(addsf3.o)
 .data          0x000000000000b4c4        0x0 /home/e2/intelFPGA_lite/20.1/nios2eds/bin/gnu/H-x86_64-pc-linux-gnu/bin/../lib/gcc/nios2-elf/10.1.1/mno-hw-mul/libgcc.a(divsf3.o)
 .data          0x000000000000b4c4        0x0 /home/e2/intelFPGA_lite/20.1/nios2eds/bin/gnu/H-x86_64-pc-linux-gnu/bin/../lib/gcc/nios2-elf/10.1.1/mno-hw-mul/libgcc.a(mulsf3.o)
 .data          0x000000000000b4c4        0x0 /home/e2/intelFPGA_lite/20.1/nios2eds/bin/gnu/H-x86_64-pc-linux-gnu/bin/../lib/gcc/nios2-elf/10.1.1/mno-hw-mul/libgcc.a(fixsfsi.o)
 .data          0x000000000000b4c4        0x0 /home/e2/intelFPGA_lite/20.1/nios2eds/bin/gnu/H-x86_64-pc-linux-gnu/bin/../lib/gcc/nios2-elf/10.1.1/mno-hw-mul/libgcc.a(_clzsi2.o)
 .data          0x000000000000b4c4        0x0 /home/e2/intelFPGA_lite/20.1/nios2eds/bin/gnu/H-x86_64-pc-linux-gnu/bin/../lib/gcc/nios2-elf/10.1.1/mno-hw-mul/libgcc.a(lib2-mul.o)
 .data          0x000000000000b4c4        0x0 /home/e2/intelFPGA_lite/20.1/nios2eds/bin/gnu/H-x86_64-pc-linux-gnu/bin/../lib/gcc/nios2-elf/10.1.1/mno-hw-mul/libgcc.a(_clz.o)
 .data          0x000000000000b4c4        0x0 /home/e2/intelFPGA_lite/20.1/nios2eds/bin/gnu/H-x86_64-pc-linux-gnu/bin/../lib/gcc/nios2-elf/10.1.1/../../../../../H-x86_64-pc-linux-gnu/nios2-elf/lib/mno-hw-mul/libsmallc.a(lib_a-printf.o)
 .data          0x000000000000b4c4        0x0 /home/e2/intelFPGA_lite/20.1/nios2eds/bin/gnu/H-x86_64-pc-linux-gnu/bin/../lib/gcc/nios2-elf/10.1.1/../../../../../H-x86_64-pc-linux-gnu/nios2-elf/lib/mno-hw-mul/libsmallc.a(lib_a-puts.o)
 .data          0x000000000000b4c4        0x0 /home/e2/intelFPGA_lite/20.1/nios2eds/bin/gnu/H-x86_64-pc-linux-gnu/bin/../lib/gcc/nios2-elf/10.1.1/../../../../../H-x86_64-pc-linux-gnu/nios2-elf/lib/mno-hw-mul/libsmallc.a(lib_a-strlen.o)
 .data          0x000000000000b4c4        0x0 /home/e2/intelFPGA_lite/20.1/nios2eds/bin/gnu/H-x86_64-pc-linux-gnu/bin/../lib/gcc/nios2-elf/10.1.1/../../../../../H-x86_64-pc-linux-gnu/nios2-elf/lib/mno-hw-mul/libsmallc.a(lib_a-vfprintf.o)
 .data          0x000000000000b4c4        0x0 /home/e2/intelFPGA_lite/20.1/nios2eds/bin/gnu/H-x86_64-pc-linux-gnu/bin/../lib/gcc/nios2-elf/10.1.1/../../../../../H-x86_64-pc-linux-gnu/nios2-elf/lib/mno-hw-mul/libsmallc.a(lib_a-fvwrite_small_dev.o)
 .data          0x000000000000b4c4        0x0 /home/e2/intelFPGA_lite/20.1/nios2eds/bin/gnu/H-x86_64-pc-linux-gnu/bin/../lib/gcc/nios2-elf/10.1.1/../../../../../H-x86_64-pc-linux-gnu/nios2-elf/lib/mno-hw-mul/libsmallc.a(lib_a-impure.o)
 .data.impure_data
                0x000000000000b4c4       0xe4 /home/e2/intelFPGA_lite/20.1/nios2eds/bin/gnu/H-x86_64-pc-linux-gnu/bin/../lib/gcc/nios2-elf/10.1.1/../../../../../H-x86_64-pc-linux-gnu/nios2-elf/lib/mno-hw-mul/libsmallc.a(lib_a-impure.o)
 .data          0x000000000000b5a8        0x0 /home/e2/intelFPGA_lite/20.1/nios2eds/bin/gnu/H-x86_64-pc-linux-gnu/bin/../lib/gcc/nios2-elf/10.1.1/../../../../../H-x86_64-pc-linux-gnu/nios2-elf/lib/mno-hw-mul/libsmallc.a(lib_a-writer.o)
 .data          0x000000000000b5a8        0x0 /home/e2/intelFPGA_lite/20.1/nios2eds/bin/gnu/H-x86_64-pc-linux-gnu/bin/../lib/gcc/nios2-elf/10.1.1/../../../../../H-x86_64-pc-linux-gnu/nios2-elf/lib/mno-hw-mul/libsmallc.a(lib_a-int_errno.o)
 .data          0x000000000000b5a8        0x0 /home/e2/intelFPGA_lite/20.1/nios2eds/bin/gnu/H-x86_64-pc-linux-gnu/bin/../lib/gcc/nios2-elf/10.1.1/mno-hw-mul/libgcc.a(lib2-divmod.o)
 .data          0x000000000000b5a8        0x0 ../hello_world_bsp//libhal_bsp.a(alt_load.o)
 .data          0x000000000000b5a8        0x0 ../hello_world_bsp//libhal_bsp.a(alt_main.o)
 .data          0x000000000000b5a8        0x0 ../hello_world_bsp//libhal_bsp.a(alt_times.o)
 .data          0x000000000000b5a8        0x0 ../hello_world_bsp//libhal_bsp.a(alt_write.o)
 .data          0x000000000000b5a8       0x2c ../hello_world_bsp//libhal_bsp.a(alt_sys_init.o)
 .data          0x000000000000b5d4        0x0 ../hello_world_bsp//libhal_bsp.a(altera_avalon_jtag_uart_fd.o)
 .data          0x000000000000b5d4        0x0 ../hello_world_bsp//libhal_bsp.a(altera_avalon_jtag_uart_read.o)
 .data          0x000000000000b5d4        0x0 ../hello_world_bsp//libhal_bsp.a(altera_avalon_jtag_uart_write.o)
 .data          0x000000000000b5d4        0x0 ../hello_world_bsp//libhal_bsp.a(altera_avalon_timer_sc.o)
 .data          0x000000000000b5d4        0x0 ../hello_world_bsp//libhal_bsp.a(alt_close.o)
 .data          0x000000000000b5d4        0x0 ../hello_world_bsp//libhal_bsp.a(alt_dcache_flush_all.o)
 .data          0x000000000000b5d4      0x1a8 ../hello_world_bsp//libhal_bsp.a(alt_dev.o)
                0x000000000000b5d4                alt_dev_null
                0x000000000000b5fc                alt_fd_list
 .data          0x000000000000b77c        0x0 ../hello_world_bsp//libhal_bsp.a(alt_dev_llist_insert.o)
 .data          0x000000000000b77c        0x0 ../hello_world_bsp//libhal_bsp.a(alt_errno.o)
 .data          0x000000000000b77c        0x0 ../hello_world_bsp//libhal_bsp.a(alt_icache_flush_all.o)
 .data          0x000000000000b77c        0x0 ../hello_world_bsp//libhal_bsp.a(alt_iic.o)
 .data          0x000000000000b77c        0x0 ../hello_world_bsp//libhal_bsp.a(alt_iic_isr_register.o)
 .data          0x000000000000b77c        0x0 ../hello_world_bsp//libhal_bsp.a(alt_io_redirect.o)
 .data          0x000000000000b77c        0x0 ../hello_world_bsp//libhal_bsp.a(alt_irq_entry.o)
 .data          0x000000000000b77c        0x0 ../hello_world_bsp//libhal_bsp.a(alt_irq_handler.o)
 .data          0x000000000000b77c        0x0 ../hello_world_bsp//libhal_bsp.a(alt_irq_vars.o)
 .data          0x000000000000b77c        0x0 ../hello_world_bsp//libhal_bsp.a(alt_open.o)
 .data          0x000000000000b77c        0x0 ../hello_world_bsp//libhal_bsp.a(alt_release_fd.o)
 .data          0x000000000000b77c        0x0 ../hello_world_bsp//libhal_bsp.a(alt_tick.o)
 .data          0x000000000000b77c        0x0 ../hello_world_bsp//libhal_bsp.a(altera_nios2_gen2_irq.o)
 .data          0x000000000000b77c        0x0 ../hello_world_bsp//libhal_bsp.a(alt_exception_entry.o)
 .data          0x000000000000b77c        0x0 ../hello_world_bsp//libhal_bsp.a(alt_find_dev.o)
 .data          0x000000000000b77c        0x0 ../hello_world_bsp//libhal_bsp.a(alt_find_file.o)
 .data          0x000000000000b77c        0x0 ../hello_world_bsp//libhal_bsp.a(alt_get_fd.o)
 .data          0x000000000000b77c        0x0 ../hello_world_bsp//libhal_bsp.a(alt_icache_flush.o)
 .data          0x000000000000b77c        0x0 ../hello_world_bsp//libhal_bsp.a(alt_instruction_exception_entry.o)
 .data          0x000000000000b77c        0x0 /home/e2/intelFPGA_lite/20.1/nios2eds/bin/gnu/H-x86_64-pc-linux-gnu/bin/../lib/gcc/nios2-elf/10.1.1/../../../../../H-x86_64-pc-linux-gnu/nios2-elf/lib/mno-hw-mul/libsmallc.a(lib_a-exit.o)
 .data          0x000000000000b77c        0x0 /home/e2/intelFPGA_lite/20.1/nios2eds/bin/gnu/H-x86_64-pc-linux-gnu/bin/../lib/gcc/nios2-elf/10.1.1/../../../../../H-x86_64-pc-linux-gnu/nios2-elf/lib/mno-hw-mul/libsmallc.a(lib_a-memcmp.o)
 .data          0x000000000000b77c        0x0 /home/e2/intelFPGA_lite/20.1/nios2eds/bin/gnu/H-x86_64-pc-linux-gnu/bin/../lib/gcc/nios2-elf/10.1.1/../../../../../H-x86_64-pc-linux-gnu/nios2-elf/lib/mno-hw-mul/libsmallc.a(lib_a-__call_atexit.o)
 .data          0x000000000000b77c        0x0 ../hello_world_bsp//libhal_bsp.a(alt_exit.o)
                0x000000000001377c                _gp = ABSOLUTE ((. + 0x8000))
                [!provide]                        PROVIDE (gp = _gp)
 *(.rwdata .rwdata.*)
 *(.sdata .sdata.* .gnu.linkonce.s.*)
 .sdata._global_impure_ptr
                0x000000000000b77c        0x4 /home/e2/intelFPGA_lite/20.1/nios2eds/bin/gnu/H-x86_64-pc-linux-gnu/bin/../lib/gcc/nios2-elf/10.1.1/../../../../../H-x86_64-pc-linux-gnu/nios2-elf/lib/mno-hw-mul/libsmallc.a(lib_a-impure.o)
                0x000000000000b77c                _global_impure_ptr
 .sdata._impure_ptr
                0x000000000000b780        0x4 /home/e2/intelFPGA_lite/20.1/nios2eds/bin/gnu/H-x86_64-pc-linux-gnu/bin/../lib/gcc/nios2-elf/10.1.1/../../../../../H-x86_64-pc-linux-gnu/nios2-elf/lib/mno-hw-mul/libsmallc.a(lib_a-impure.o)
                0x000000000000b780                _impure_ptr
 .sdata         0x000000000000b784       0x14 ../hello_world_bsp//libhal_bsp.a(alt_dev.o)
                0x000000000000b784                alt_fs_list
                0x000000000000b78c                alt_dev_list
                0x000000000000b794                alt_max_fd
 .sdata         0x000000000000b798        0x4 ../hello_world_bsp//libhal_bsp.a(alt_errno.o)
                0x000000000000b798                alt_errno
 .sdata         0x000000000000b79c        0x4 ../hello_world_bsp//libhal_bsp.a(alt_irq_vars.o)
                0x000000000000b79c                alt_priority_mask
 .sdata         0x000000000000b7a0        0x8 ../hello_world_bsp//libhal_bsp.a(alt_tick.o)
                0x000000000000b7a0                alt_alarm_list
 *(.sdata2 .sdata2.* .gnu.linkonce.s2.*)
                0x000000000000b7a8                . = ALIGN (0x4)
                0x000000000000b7a8                _edata = ABSOLUTE (.)
                [!provide]                        PROVIDE (edata = ABSOLUTE (.))
                0x000000000000b7a8                PROVIDE (__ram_rwdata_end = ABSOLUTE (.))
                0x000000000000b7a8                PROVIDE (__flash_rwdata_start = LOADADDR (.rwdata))

.bss            0x000000000000ba8c      0x120
                0x000000000000ba8c                __bss_start = ABSOLUTE (.)
                [!provide]                        PROVIDE (__sbss_start = ABSOLUTE (.))
                [!provide]                        PROVIDE (___sbss_start = ABSOLUTE (.))
 *(.dynsbss)
 *(.sbss .sbss.* .gnu.linkonce.sb.*)
 .sbss.errno    0x000000000000ba8c        0x4 /home/e2/intelFPGA_lite/20.1/nios2eds/bin/gnu/H-x86_64-pc-linux-gnu/bin/../lib/gcc/nios2-elf/10.1.1/../../../../../H-x86_64-pc-linux-gnu/nios2-elf/lib/mno-hw-mul/libsmallc.a(lib_a-int_errno.o)
                0x000000000000ba8c                errno
 .sbss          0x000000000000ba90        0xc ../hello_world_bsp//libhal_bsp.a(alt_main.o)
                0x000000000000ba90                alt_argc
                0x000000000000ba94                alt_argv
                0x000000000000ba98                alt_envp
 .sbss          0x000000000000ba9c        0x4 ../hello_world_bsp//libhal_bsp.a(alt_irq_vars.o)
                0x000000000000ba9c                alt_irq_active
 .sbss          0x000000000000baa0        0x8 ../hello_world_bsp//libhal_bsp.a(alt_tick.o)
                0x000000000000baa0                _alt_tick_rate
                0x000000000000baa4                _alt_nticks
 .sbss          0x000000000000baa8        0x4 ../hello_world_bsp//libhal_bsp.a(alt_instruction_exception_entry.o)
                0x000000000000baa8                alt_instruction_exception_handler
 *(.sbss2 .sbss2.* .gnu.linkonce.sb2.*)
 *(.scommon)
                [!provide]                        PROVIDE (__sbss_end = ABSOLUTE (.))
                [!provide]                        PROVIDE (___sbss_end = ABSOLUTE (.))
 *(.dynbss)
 *(.bss .bss.* .gnu.linkonce.b.*)
 .bss           0x000000000000baac        0x0 ../hello_world_bsp//obj/HAL/src/crt0.o
 .bss           0x000000000000baac        0x0 obj/default/hello_world.o
 .bss           0x000000000000baac        0x0 /home/e2/intelFPGA_lite/20.1/nios2eds/bin/gnu/H-x86_64-pc-linux-gnu/bin/../lib/gcc/nios2-elf/10.1.1/mno-hw-mul/libgcc.a(addsf3.o)
 .bss           0x000000000000baac        0x0 /home/e2/intelFPGA_lite/20.1/nios2eds/bin/gnu/H-x86_64-pc-linux-gnu/bin/../lib/gcc/nios2-elf/10.1.1/mno-hw-mul/libgcc.a(divsf3.o)
 .bss           0x000000000000baac        0x0 /home/e2/intelFPGA_lite/20.1/nios2eds/bin/gnu/H-x86_64-pc-linux-gnu/bin/../lib/gcc/nios2-elf/10.1.1/mno-hw-mul/libgcc.a(mulsf3.o)
 .bss           0x000000000000baac        0x0 /home/e2/intelFPGA_lite/20.1/nios2eds/bin/gnu/H-x86_64-pc-linux-gnu/bin/../lib/gcc/nios2-elf/10.1.1/mno-hw-mul/libgcc.a(fixsfsi.o)
 .bss           0x000000000000baac        0x0 /home/e2/intelFPGA_lite/20.1/nios2eds/bin/gnu/H-x86_64-pc-linux-gnu/bin/../lib/gcc/nios2-elf/10.1.1/mno-hw-mul/libgcc.a(_clzsi2.o)
 .bss           0x000000000000baac        0x0 /home/e2/intelFPGA_lite/20.1/nios2eds/bin/gnu/H-x86_64-pc-linux-gnu/bin/../lib/gcc/nios2-elf/10.1.1/mno-hw-mul/libgcc.a(lib2-mul.o)
 .bss           0x000000000000baac        0x0 /home/e2/intelFPGA_lite/20.1/nios2eds/bin/gnu/H-x86_64-pc-linux-gnu/bin/../lib/gcc/nios2-elf/10.1.1/mno-hw-mul/libgcc.a(_clz.o)
 .bss           0x000000000000baac        0x0 /home/e2/intelFPGA_lite/20.1/nios2eds/bin/gnu/H-x86_64-pc-linux-gnu/bin/../lib/gcc/nios2-elf/10.1.1/../../../../../H-x86_64-pc-linux-gnu/nios2-elf/lib/mno-hw-mul/libsmallc.a(lib_a-printf.o)
 .bss           0x000000000000baac        0x0 /home/e2/intelFPGA_lite/20.1/nios2eds/bin/gnu/H-x86_64-pc-linux-gnu/bin/../lib/gcc/nios2-elf/10.1.1/../../../../../H-x86_64-pc-linux-gnu/nios2-elf/lib/mno-hw-mul/libsmallc.a(lib_a-puts.o)
 .bss           0x000000000000baac        0x0 /home/e2/intelFPGA_lite/20.1/nios2eds/bin/gnu/H-x86_64-pc-linux-gnu/bin/../lib/gcc/nios2-elf/10.1.1/../../../../../H-x86_64-pc-linux-gnu/nios2-elf/lib/mno-hw-mul/libsmallc.a(lib_a-strlen.o)
 .bss           0x000000000000baac        0x0 /home/e2/intelFPGA_lite/20.1/nios2eds/bin/gnu/H-x86_64-pc-linux-gnu/bin/../lib/gcc/nios2-elf/10.1.1/../../../../../H-x86_64-pc-linux-gnu/nios2-elf/lib/mno-hw-mul/libsmallc.a(lib_a-vfprintf.o)
 .bss           0x000000000000baac        0x0 /home/e2/intelFPGA_lite/20.1/nios2eds/bin/gnu/H-x86_64-pc-linux-gnu/bin/../lib/gcc/nios2-elf/10.1.1/../../../../../H-x86_64-pc-linux-gnu/nios2-elf/lib/mno-hw-mul/libsmallc.a(lib_a-fvwrite_small_dev.o)
 .bss           0x000000000000baac        0x0 /home/e2/intelFPGA_lite/20.1/nios2eds/bin/gnu/H-x86_64-pc-linux-gnu/bin/../lib/gcc/nios2-elf/10.1.1/../../../../../H-x86_64-pc-linux-gnu/nios2-elf/lib/mno-hw-mul/libsmallc.a(lib_a-impure.o)
 .bss           0x000000000000baac        0x0 /home/e2/intelFPGA_lite/20.1/nios2eds/bin/gnu/H-x86_64-pc-linux-gnu/bin/../lib/gcc/nios2-elf/10.1.1/../../../../../H-x86_64-pc-linux-gnu/nios2-elf/lib/mno-hw-mul/libsmallc.a(lib_a-writer.o)
 .bss           0x000000000000baac        0x0 /home/e2/intelFPGA_lite/20.1/nios2eds/bin/gnu/H-x86_64-pc-linux-gnu/bin/../lib/gcc/nios2-elf/10.1.1/../../../../../H-x86_64-pc-linux-gnu/nios2-elf/lib/mno-hw-mul/libsmallc.a(lib_a-int_errno.o)
 .bss           0x000000000000baac        0x0 /home/e2/intelFPGA_lite/20.1/nios2eds/bin/gnu/H-x86_64-pc-linux-gnu/bin/../lib/gcc/nios2-elf/10.1.1/mno-hw-mul/libgcc.a(lib2-divmod.o)
 .bss           0x000000000000baac        0x0 ../hello_world_bsp//libhal_bsp.a(alt_load.o)
 .bss           0x000000000000baac        0x0 ../hello_world_bsp//libhal_bsp.a(alt_main.o)
 .bss           0x000000000000baac        0x0 ../hello_world_bsp//libhal_bsp.a(alt_times.o)
 .bss           0x000000000000baac        0x0 ../hello_world_bsp//libhal_bsp.a(alt_write.o)
 .bss           0x000000000000baac        0x0 ../hello_world_bsp//libhal_bsp.a(alt_sys_init.o)
 .bss           0x000000000000baac        0x0 ../hello_world_bsp//libhal_bsp.a(altera_avalon_jtag_uart_fd.o)
 .bss           0x000000000000baac        0x0 ../hello_world_bsp//libhal_bsp.a(altera_avalon_jtag_uart_read.o)
 .bss           0x000000000000baac        0x0 ../hello_world_bsp//libhal_bsp.a(altera_avalon_jtag_uart_write.o)
 .bss           0x000000000000baac        0x0 ../hello_world_bsp//libhal_bsp.a(altera_avalon_timer_sc.o)
 .bss           0x000000000000baac        0x0 ../hello_world_bsp//libhal_bsp.a(alt_close.o)
 .bss           0x000000000000baac        0x0 ../hello_world_bsp//libhal_bsp.a(alt_dcache_flush_all.o)
 .bss           0x000000000000baac        0x0 ../hello_world_bsp//libhal_bsp.a(alt_dev.o)
 .bss           0x000000000000baac        0x0 ../hello_world_bsp//libhal_bsp.a(alt_dev_llist_insert.o)
 .bss           0x000000000000baac        0x0 ../hello_world_bsp//libhal_bsp.a(alt_errno.o)
 .bss           0x000000000000baac        0x0 ../hello_world_bsp//libhal_bsp.a(alt_icache_flush_all.o)
 .bss           0x000000000000baac        0x0 ../hello_world_bsp//libhal_bsp.a(alt_iic.o)
 .bss           0x000000000000baac        0x0 ../hello_world_bsp//libhal_bsp.a(alt_iic_isr_register.o)
 .bss           0x000000000000baac        0x0 ../hello_world_bsp//libhal_bsp.a(alt_io_redirect.o)
 .bss           0x000000000000baac        0x0 ../hello_world_bsp//libhal_bsp.a(alt_irq_entry.o)
 .bss           0x000000000000baac      0x100 ../hello_world_bsp//libhal_bsp.a(alt_irq_handler.o)
                0x000000000000baac                alt_irq
 .bss           0x000000000000bbac        0x0 ../hello_world_bsp//libhal_bsp.a(alt_irq_vars.o)
 .bss           0x000000000000bbac        0x0 ../hello_world_bsp//libhal_bsp.a(alt_open.o)
 .bss           0x000000000000bbac        0x0 ../hello_world_bsp//libhal_bsp.a(alt_release_fd.o)
 .bss           0x000000000000bbac        0x0 ../hello_world_bsp//libhal_bsp.a(alt_tick.o)
 .bss           0x000000000000bbac        0x0 ../hello_world_bsp//libhal_bsp.a(altera_nios2_gen2_irq.o)
 .bss           0x000000000000bbac        0x0 ../hello_world_bsp//libhal_bsp.a(alt_exception_entry.o)
 .bss           0x000000000000bbac        0x0 ../hello_world_bsp//libhal_bsp.a(alt_find_dev.o)
 .bss           0x000000000000bbac        0x0 ../hello_world_bsp//libhal_bsp.a(alt_find_file.o)
 .bss           0x000000000000bbac        0x0 ../hello_world_bsp//libhal_bsp.a(alt_get_fd.o)
 .bss           0x000000000000bbac        0x0 ../hello_world_bsp//libhal_bsp.a(alt_icache_flush.o)
 .bss           0x000000000000bbac        0x0 ../hello_world_bsp//libhal_bsp.a(alt_instruction_exception_entry.o)
 .bss           0x000000000000bbac        0x0 /home/e2/intelFPGA_lite/20.1/nios2eds/bin/gnu/H-x86_64-pc-linux-gnu/bin/../lib/gcc/nios2-elf/10.1.1/../../../../../H-x86_64-pc-linux-gnu/nios2-elf/lib/mno-hw-mul/libsmallc.a(lib_a-exit.o)
 .bss           0x000000000000bbac        0x0 /home/e2/intelFPGA_lite/20.1/nios2eds/bin/gnu/H-x86_64-pc-linux-gnu/bin/../lib/gcc/nios2-elf/10.1.1/../../../../../H-x86_64-pc-linux-gnu/nios2-elf/lib/mno-hw-mul/libsmallc.a(lib_a-memcmp.o)
 .bss           0x000000000000bbac        0x0 /home/e2/intelFPGA_lite/20.1/nios2eds/bin/gnu/H-x86_64-pc-linux-gnu/bin/../lib/gcc/nios2-elf/10.1.1/../../../../../H-x86_64-pc-linux-gnu/nios2-elf/lib/mno-hw-mul/libsmallc.a(lib_a-__call_atexit.o)
 .bss           0x000000000000bbac        0x0 ../hello_world_bsp//libhal_bsp.a(alt_exit.o)
 *(COMMON)
                0x000000000000bbac                . = ALIGN (0x4)
                0x000000000000bbac                __bss_end = ABSOLUTE (.)

.onchip_mem     0x000000000000bbac        0x0
                [!provide]                        PROVIDE (_alt_partition_onchip_mem_start = ABSOLUTE (.))
 *(.onchip_mem .onchip_mem. onchip_mem.*)
                0x000000000000bbac                . = ALIGN (0x4)
                [!provide]                        PROVIDE (_alt_partition_onchip_mem_end = ABSOLUTE (.))
                0x000000000000bbac                _end = ABSOLUTE (.)
                0x000000000000bbac                end = ABSOLUTE (.)
                0x000000000000bbac                __alt_stack_base = ABSOLUTE (.)
                [!provide]                        PROVIDE (_alt_partition_onchip_mem_load_addr = LOADADDR (.onchip_mem))

.stab
 *(.stab)

.stabstr
 *(.stabstr)

.stab.excl
 *(.stab.excl)

.stab.exclstr
 *(.stab.exclstr)

.stab.index
 *(.stab.index)

.stab.indexstr
 *(.stab.indexstr)

.comment        0x0000000000000000       0x2d
 *(.comment)
 .comment       0x0000000000000000       0x2d obj/default/hello_world.o
                                         0x2e (size before relaxing)
 .comment       0x000000000000002d       0x2e /home/e2/intelFPGA_lite/20.1/nios2eds/bin/gnu/H-x86_64-pc-linux-gnu/bin/../lib/gcc/nios2-elf/10.1.1/mno-hw-mul/libgcc.a(addsf3.o)
 .comment       0x000000000000002d       0x2e /home/e2/intelFPGA_lite/20.1/nios2eds/bin/gnu/H-x86_64-pc-linux-gnu/bin/../lib/gcc/nios2-elf/10.1.1/mno-hw-mul/libgcc.a(divsf3.o)
 .comment       0x000000000000002d       0x2e /home/e2/intelFPGA_lite/20.1/nios2eds/bin/gnu/H-x86_64-pc-linux-gnu/bin/../lib/gcc/nios2-elf/10.1.1/mno-hw-mul/libgcc.a(mulsf3.o)
 .comment       0x000000000000002d       0x2e /home/e2/intelFPGA_lite/20.1/nios2eds/bin/gnu/H-x86_64-pc-linux-gnu/bin/../lib/gcc/nios2-elf/10.1.1/mno-hw-mul/libgcc.a(fixsfsi.o)
 .comment       0x000000000000002d       0x2e /home/e2/intelFPGA_lite/20.1/nios2eds/bin/gnu/H-x86_64-pc-linux-gnu/bin/../lib/gcc/nios2-elf/10.1.1/mno-hw-mul/libgcc.a(_clzsi2.o)
 .comment       0x000000000000002d       0x2e /home/e2/intelFPGA_lite/20.1/nios2eds/bin/gnu/H-x86_64-pc-linux-gnu/bin/../lib/gcc/nios2-elf/10.1.1/mno-hw-mul/libgcc.a(lib2-mul.o)
 .comment       0x000000000000002d       0x2e /home/e2/intelFPGA_lite/20.1/nios2eds/bin/gnu/H-x86_64-pc-linux-gnu/bin/../lib/gcc/nios2-elf/10.1.1/mno-hw-mul/libgcc.a(_clz.o)
 .comment       0x000000000000002d       0x2e /home/e2/intelFPGA_lite/20.1/nios2eds/bin/gnu/H-x86_64-pc-linux-gnu/bin/../lib/gcc/nios2-elf/10.1.1/../../../../../H-x86_64-pc-linux-gnu/nios2-elf/lib/mno-hw-mul/libsmallc.a(lib_a-printf.o)
 .comment       0x000000000000002d       0x2e /home/e2/intelFPGA_lite/20.1/nios2eds/bin/gnu/H-x86_64-pc-linux-gnu/bin/../lib/gcc/nios2-elf/10.1.1/../../../../../H-x86_64-pc-linux-gnu/nios2-elf/lib/mno-hw-mul/libsmallc.a(lib_a-puts.o)
 .comment       0x000000000000002d       0x2e /home/e2/intelFPGA_lite/20.1/nios2eds/bin/gnu/H-x86_64-pc-linux-gnu/bin/../lib/gcc/nios2-elf/10.1.1/../../../../../H-x86_64-pc-linux-gnu/nios2-elf/lib/mno-hw-mul/libsmallc.a(lib_a-strlen.o)
 .comment       0x000000000000002d       0x2e /home/e2/intelFPGA_lite/20.1/nios2eds/bin/gnu/H-x86_64-pc-linux-gnu/bin/../lib/gcc/nios2-elf/10.1.1/../../../../../H-x86_64-pc-linux-gnu/nios2-elf/lib/mno-hw-mul/libsmallc.a(lib_a-vfprintf.o)
 .comment       0x000000000000002d       0x2e /home/e2/intelFPGA_lite/20.1/nios2eds/bin/gnu/H-x86_64-pc-linux-gnu/bin/../lib/gcc/nios2-elf/10.1.1/../../../../../H-x86_64-pc-linux-gnu/nios2-elf/lib/mno-hw-mul/libsmallc.a(lib_a-fvwrite_small_dev.o)
 .comment       0x000000000000002d       0x2e /home/e2/intelFPGA_lite/20.1/nios2eds/bin/gnu/H-x86_64-pc-linux-gnu/bin/../lib/gcc/nios2-elf/10.1.1/../../../../../H-x86_64-pc-linux-gnu/nios2-elf/lib/mno-hw-mul/libsmallc.a(lib_a-impure.o)
 .comment       0x000000000000002d       0x2e /home/e2/intelFPGA_lite/20.1/nios2eds/bin/gnu/H-x86_64-pc-linux-gnu/bin/../lib/gcc/nios2-elf/10.1.1/../../../../../H-x86_64-pc-linux-gnu/nios2-elf/lib/mno-hw-mul/libsmallc.a(lib_a-writer.o)
 .comment       0x000000000000002d       0x2e /home/e2/intelFPGA_lite/20.1/nios2eds/bin/gnu/H-x86_64-pc-linux-gnu/bin/../lib/gcc/nios2-elf/10.1.1/../../../../../H-x86_64-pc-linux-gnu/nios2-elf/lib/mno-hw-mul/libsmallc.a(lib_a-int_errno.o)
 .comment       0x000000000000002d       0x2e /home/e2/intelFPGA_lite/20.1/nios2eds/bin/gnu/H-x86_64-pc-linux-gnu/bin/../lib/gcc/nios2-elf/10.1.1/mno-hw-mul/libgcc.a(lib2-divmod.o)
 .comment       0x000000000000002d       0x2e ../hello_world_bsp//libhal_bsp.a(alt_load.o)
 .comment       0x000000000000002d       0x2e ../hello_world_bsp//libhal_bsp.a(alt_main.o)
 .comment       0x000000000000002d       0x2e ../hello_world_bsp//libhal_bsp.a(alt_times.o)
 .comment       0x000000000000002d       0x2e ../hello_world_bsp//libhal_bsp.a(alt_write.o)
 .comment       0x000000000000002d       0x2e ../hello_world_bsp//libhal_bsp.a(alt_sys_init.o)
 .comment       0x000000000000002d       0x2e ../hello_world_bsp//libhal_bsp.a(altera_avalon_jtag_uart_fd.o)
 .comment       0x000000000000002d       0x2e ../hello_world_bsp//libhal_bsp.a(altera_avalon_jtag_uart_read.o)
 .comment       0x000000000000002d       0x2e ../hello_world_bsp//libhal_bsp.a(altera_avalon_jtag_uart_write.o)
 .comment       0x000000000000002d       0x2e ../hello_world_bsp//libhal_bsp.a(altera_avalon_timer_sc.o)
 .comment       0x000000000000002d       0x2e ../hello_world_bsp//libhal_bsp.a(alt_close.o)
 .comment       0x000000000000002d       0x2e ../hello_world_bsp//libhal_bsp.a(alt_dcache_flush_all.o)
 .comment       0x000000000000002d       0x2e ../hello_world_bsp//libhal_bsp.a(alt_dev.o)
 .comment       0x000000000000002d       0x2e ../hello_world_bsp//libhal_bsp.a(alt_dev_llist_insert.o)
 .comment       0x000000000000002d       0x2e ../hello_world_bsp//libhal_bsp.a(alt_errno.o)
 .comment       0x000000000000002d       0x2e ../hello_world_bsp//libhal_bsp.a(alt_icache_flush_all.o)
 .comment       0x000000000000002d       0x2e ../hello_world_bsp//libhal_bsp.a(alt_iic.o)
 .comment       0x000000000000002d       0x2e ../hello_world_bsp//libhal_bsp.a(alt_iic_isr_register.o)
 .comment       0x000000000000002d       0x2e ../hello_world_bsp//libhal_bsp.a(alt_io_redirect.o)
 .comment       0x000000000000002d       0x2e ../hello_world_bsp//libhal_bsp.a(alt_irq_handler.o)
 .comment       0x000000000000002d       0x2e ../hello_world_bsp//libhal_bsp.a(alt_irq_vars.o)
 .comment       0x000000000000002d       0x2e ../hello_world_bsp//libhal_bsp.a(alt_open.o)
 .comment       0x000000000000002d       0x2e ../hello_world_bsp//libhal_bsp.a(alt_release_fd.o)
 .comment       0x000000000000002d       0x2e ../hello_world_bsp//libhal_bsp.a(alt_tick.o)
 .comment       0x000000000000002d       0x2e ../hello_world_bsp//libhal_bsp.a(altera_nios2_gen2_irq.o)
 .comment       0x000000000000002d       0x2e ../hello_world_bsp//libhal_bsp.a(alt_find_dev.o)
 .comment       0x000000000000002d       0x2e ../hello_world_bsp//libhal_bsp.a(alt_find_file.o)
 .comment       0x000000000000002d       0x2e ../hello_world_bsp//libhal_bsp.a(alt_get_fd.o)
 .comment       0x000000000000002d       0x2e ../hello_world_bsp//libhal_bsp.a(alt_icache_flush.o)
 .comment       0x000000000000002d       0x2e ../hello_world_bsp//libhal_bsp.a(alt_instruction_exception_entry.o)
 .comment       0x000000000000002d       0x2e /home/e2/intelFPGA_lite/20.1/nios2eds/bin/gnu/H-x86_64-pc-linux-gnu/bin/../lib/gcc/nios2-elf/10.1.1/../../../../../H-x86_64-pc-linux-gnu/nios2-elf/lib/mno-hw-mul/libsmallc.a(lib_a-exit.o)
 .comment       0x000000000000002d       0x2e /home/e2/intelFPGA_lite/20.1/nios2eds/bin/gnu/H-x86_64-pc-linux-gnu/bin/../lib/gcc/nios2-elf/10.1.1/../../../../../H-x86_64-pc-linux-gnu/nios2-elf/lib/mno-hw-mul/libsmallc.a(lib_a-memcmp.o)
 .comment       0x000000000000002d       0x2e /home/e2/intelFPGA_lite/20.1/nios2eds/bin/gnu/H-x86_64-pc-linux-gnu/bin/../lib/gcc/nios2-elf/10.1.1/../../../../../H-x86_64-pc-linux-gnu/nios2-elf/lib/mno-hw-mul/libsmallc.a(lib_a-__call_atexit.o)
 .comment       0x000000000000002d       0x2e ../hello_world_bsp//libhal_bsp.a(alt_exit.o)

.debug
 *(.debug)

.line
 *(.line)

.debug_srcinfo
 *(.debug_srcinfo)

.debug_sfnames
 *(.debug_sfnames)

.debug_aranges  0x0000000000000000      0x6d0
 *(.debug_aranges)
 .debug_aranges
                0x0000000000000000       0x28 ../hello_world_bsp//obj/HAL/src/crt0.o
 .debug_aranges
                0x0000000000000028       0x20 obj/default/hello_world.o
 .debug_aranges
                0x0000000000000048       0x20 /home/e2/intelFPGA_lite/20.1/nios2eds/bin/gnu/H-x86_64-pc-linux-gnu/bin/../lib/gcc/nios2-elf/10.1.1/mno-hw-mul/libgcc.a(addsf3.o)
 .debug_aranges
                0x0000000000000068       0x20 /home/e2/intelFPGA_lite/20.1/nios2eds/bin/gnu/H-x86_64-pc-linux-gnu/bin/../lib/gcc/nios2-elf/10.1.1/mno-hw-mul/libgcc.a(divsf3.o)
 .debug_aranges
                0x0000000000000088       0x20 /home/e2/intelFPGA_lite/20.1/nios2eds/bin/gnu/H-x86_64-pc-linux-gnu/bin/../lib/gcc/nios2-elf/10.1.1/mno-hw-mul/libgcc.a(mulsf3.o)
 .debug_aranges
                0x00000000000000a8       0x20 /home/e2/intelFPGA_lite/20.1/nios2eds/bin/gnu/H-x86_64-pc-linux-gnu/bin/../lib/gcc/nios2-elf/10.1.1/mno-hw-mul/libgcc.a(fixsfsi.o)
 .debug_aranges
                0x00000000000000c8       0x20 /home/e2/intelFPGA_lite/20.1/nios2eds/bin/gnu/H-x86_64-pc-linux-gnu/bin/../lib/gcc/nios2-elf/10.1.1/mno-hw-mul/libgcc.a(_clzsi2.o)
 .debug_aranges
                0x00000000000000e8       0x20 /home/e2/intelFPGA_lite/20.1/nios2eds/bin/gnu/H-x86_64-pc-linux-gnu/bin/../lib/gcc/nios2-elf/10.1.1/mno-hw-mul/libgcc.a(lib2-mul.o)
 .debug_aranges
                0x0000000000000108       0x18 /home/e2/intelFPGA_lite/20.1/nios2eds/bin/gnu/H-x86_64-pc-linux-gnu/bin/../lib/gcc/nios2-elf/10.1.1/mno-hw-mul/libgcc.a(_clz.o)
 .debug_aranges
                0x0000000000000120       0x28 /home/e2/intelFPGA_lite/20.1/nios2eds/bin/gnu/H-x86_64-pc-linux-gnu/bin/../lib/gcc/nios2-elf/10.1.1/../../../../../H-x86_64-pc-linux-gnu/nios2-elf/lib/mno-hw-mul/libsmallc.a(lib_a-printf.o)
 .debug_aranges
                0x0000000000000148       0x28 /home/e2/intelFPGA_lite/20.1/nios2eds/bin/gnu/H-x86_64-pc-linux-gnu/bin/../lib/gcc/nios2-elf/10.1.1/../../../../../H-x86_64-pc-linux-gnu/nios2-elf/lib/mno-hw-mul/libsmallc.a(lib_a-puts.o)
 .debug_aranges
                0x0000000000000170       0x20 /home/e2/intelFPGA_lite/20.1/nios2eds/bin/gnu/H-x86_64-pc-linux-gnu/bin/../lib/gcc/nios2-elf/10.1.1/../../../../../H-x86_64-pc-linux-gnu/nios2-elf/lib/mno-hw-mul/libsmallc.a(lib_a-strlen.o)
 .debug_aranges
                0x0000000000000190       0x30 /home/e2/intelFPGA_lite/20.1/nios2eds/bin/gnu/H-x86_64-pc-linux-gnu/bin/../lib/gcc/nios2-elf/10.1.1/../../../../../H-x86_64-pc-linux-gnu/nios2-elf/lib/mno-hw-mul/libsmallc.a(lib_a-vfprintf.o)
 .debug_aranges
                0x00000000000001c0       0x20 /home/e2/intelFPGA_lite/20.1/nios2eds/bin/gnu/H-x86_64-pc-linux-gnu/bin/../lib/gcc/nios2-elf/10.1.1/../../../../../H-x86_64-pc-linux-gnu/nios2-elf/lib/mno-hw-mul/libsmallc.a(lib_a-fvwrite_small_dev.o)
 .debug_aranges
                0x00000000000001e0       0x18 /home/e2/intelFPGA_lite/20.1/nios2eds/bin/gnu/H-x86_64-pc-linux-gnu/bin/../lib/gcc/nios2-elf/10.1.1/../../../../../H-x86_64-pc-linux-gnu/nios2-elf/lib/mno-hw-mul/libsmallc.a(lib_a-impure.o)
 .debug_aranges
                0x00000000000001f8       0x20 /home/e2/intelFPGA_lite/20.1/nios2eds/bin/gnu/H-x86_64-pc-linux-gnu/bin/../lib/gcc/nios2-elf/10.1.1/../../../../../H-x86_64-pc-linux-gnu/nios2-elf/lib/mno-hw-mul/libsmallc.a(lib_a-writer.o)
 .debug_aranges
                0x0000000000000218       0x18 /home/e2/intelFPGA_lite/20.1/nios2eds/bin/gnu/H-x86_64-pc-linux-gnu/bin/../lib/gcc/nios2-elf/10.1.1/../../../../../H-x86_64-pc-linux-gnu/nios2-elf/lib/mno-hw-mul/libsmallc.a(lib_a-int_errno.o)
 .debug_aranges
                0x0000000000000230       0x20 /home/e2/intelFPGA_lite/20.1/nios2eds/bin/gnu/H-x86_64-pc-linux-gnu/bin/../lib/gcc/nios2-elf/10.1.1/mno-hw-mul/libgcc.a(lib2-divmod.o)
 .debug_aranges
                0x0000000000000250       0x20 ../hello_world_bsp//libhal_bsp.a(alt_load.o)
 .debug_aranges
                0x0000000000000270       0x20 ../hello_world_bsp//libhal_bsp.a(alt_main.o)
 .debug_aranges
                0x0000000000000290       0x20 ../hello_world_bsp//libhal_bsp.a(alt_times.o)
 .debug_aranges
                0x00000000000002b0       0x20 ../hello_world_bsp//libhal_bsp.a(alt_write.o)
 .debug_aranges
                0x00000000000002d0       0x20 ../hello_world_bsp//libhal_bsp.a(alt_sys_init.o)
 .debug_aranges
                0x00000000000002f0       0x20 ../hello_world_bsp//libhal_bsp.a(altera_avalon_jtag_uart_fd.o)
 .debug_aranges
                0x0000000000000310       0x20 ../hello_world_bsp//libhal_bsp.a(altera_avalon_jtag_uart_read.o)
 .debug_aranges
                0x0000000000000330       0x20 ../hello_world_bsp//libhal_bsp.a(altera_avalon_jtag_uart_write.o)
 .debug_aranges
                0x0000000000000350       0x20 ../hello_world_bsp//libhal_bsp.a(altera_avalon_timer_sc.o)
 .debug_aranges
                0x0000000000000370       0x20 ../hello_world_bsp//libhal_bsp.a(alt_close.o)
 .debug_aranges
                0x0000000000000390       0x20 ../hello_world_bsp//libhal_bsp.a(alt_dcache_flush_all.o)
 .debug_aranges
                0x00000000000003b0       0x20 ../hello_world_bsp//libhal_bsp.a(alt_dev.o)
 .debug_aranges
                0x00000000000003d0       0x20 ../hello_world_bsp//libhal_bsp.a(alt_dev_llist_insert.o)
 .debug_aranges
                0x00000000000003f0       0x18 ../hello_world_bsp//libhal_bsp.a(alt_errno.o)
 .debug_aranges
                0x0000000000000408       0x20 ../hello_world_bsp//libhal_bsp.a(alt_icache_flush_all.o)
 .debug_aranges
                0x0000000000000428       0x20 ../hello_world_bsp//libhal_bsp.a(alt_iic.o)
 .debug_aranges
                0x0000000000000448       0x20 ../hello_world_bsp//libhal_bsp.a(alt_iic_isr_register.o)
 .debug_aranges
                0x0000000000000468       0x20 ../hello_world_bsp//libhal_bsp.a(alt_io_redirect.o)
 .debug_aranges
                0x0000000000000488       0x30 ../hello_world_bsp//libhal_bsp.a(alt_irq_entry.o)
 .debug_aranges
                0x00000000000004b8       0x20 ../hello_world_bsp//libhal_bsp.a(alt_irq_handler.o)
 .debug_aranges
                0x00000000000004d8       0x18 ../hello_world_bsp//libhal_bsp.a(alt_irq_vars.o)
 .debug_aranges
                0x00000000000004f0       0x20 ../hello_world_bsp//libhal_bsp.a(alt_open.o)
 .debug_aranges
                0x0000000000000510       0x20 ../hello_world_bsp//libhal_bsp.a(alt_release_fd.o)
 .debug_aranges
                0x0000000000000530       0x20 ../hello_world_bsp//libhal_bsp.a(alt_tick.o)
 .debug_aranges
                0x0000000000000550       0x20 ../hello_world_bsp//libhal_bsp.a(altera_nios2_gen2_irq.o)
 .debug_aranges
                0x0000000000000570       0x38 ../hello_world_bsp//libhal_bsp.a(alt_exception_entry.o)
 .debug_aranges
                0x00000000000005a8       0x20 ../hello_world_bsp//libhal_bsp.a(alt_find_dev.o)
 .debug_aranges
                0x00000000000005c8       0x20 ../hello_world_bsp//libhal_bsp.a(alt_find_file.o)
 .debug_aranges
                0x00000000000005e8       0x20 ../hello_world_bsp//libhal_bsp.a(alt_get_fd.o)
 .debug_aranges
                0x0000000000000608       0x20 ../hello_world_bsp//libhal_bsp.a(alt_icache_flush.o)
 .debug_aranges
                0x0000000000000628       0x28 ../hello_world_bsp//libhal_bsp.a(alt_instruction_exception_entry.o)
 .debug_aranges
                0x0000000000000650       0x20 /home/e2/intelFPGA_lite/20.1/nios2eds/bin/gnu/H-x86_64-pc-linux-gnu/bin/../lib/gcc/nios2-elf/10.1.1/../../../../../H-x86_64-pc-linux-gnu/nios2-elf/lib/mno-hw-mul/libsmallc.a(lib_a-exit.o)
 .debug_aranges
                0x0000000000000670       0x20 /home/e2/intelFPGA_lite/20.1/nios2eds/bin/gnu/H-x86_64-pc-linux-gnu/bin/../lib/gcc/nios2-elf/10.1.1/../../../../../H-x86_64-pc-linux-gnu/nios2-elf/lib/mno-hw-mul/libsmallc.a(lib_a-memcmp.o)
 .debug_aranges
                0x0000000000000690       0x20 /home/e2/intelFPGA_lite/20.1/nios2eds/bin/gnu/H-x86_64-pc-linux-gnu/bin/../lib/gcc/nios2-elf/10.1.1/../../../../../H-x86_64-pc-linux-gnu/nios2-elf/lib/mno-hw-mul/libsmallc.a(lib_a-__call_atexit.o)
 .debug_aranges
                0x00000000000006b0       0x20 ../hello_world_bsp//libhal_bsp.a(alt_exit.o)

.debug_pubnames
 *(.debug_pubnames)

.debug_info     0x0000000000000000     0x934e
 *(.debug_info .gnu.linkonce.wi.*)
 .debug_info    0x0000000000000000       0x22 ../hello_world_bsp//obj/HAL/src/crt0.o
 .debug_info    0x0000000000000022      0x1aa obj/default/hello_world.o
 .debug_info    0x00000000000001cc      0x35b /home/e2/intelFPGA_lite/20.1/nios2eds/bin/gnu/H-x86_64-pc-linux-gnu/bin/../lib/gcc/nios2-elf/10.1.1/mno-hw-mul/libgcc.a(addsf3.o)
 .debug_info    0x0000000000000527      0x372 /home/e2/intelFPGA_lite/20.1/nios2eds/bin/gnu/H-x86_64-pc-linux-gnu/bin/../lib/gcc/nios2-elf/10.1.1/mno-hw-mul/libgcc.a(divsf3.o)
 .debug_info    0x0000000000000899      0x424 /home/e2/intelFPGA_lite/20.1/nios2eds/bin/gnu/H-x86_64-pc-linux-gnu/bin/../lib/gcc/nios2-elf/10.1.1/mno-hw-mul/libgcc.a(mulsf3.o)
 .debug_info    0x0000000000000cbd      0x1cd /home/e2/intelFPGA_lite/20.1/nios2eds/bin/gnu/H-x86_64-pc-linux-gnu/bin/../lib/gcc/nios2-elf/10.1.1/mno-hw-mul/libgcc.a(fixsfsi.o)
 .debug_info    0x0000000000000e8a      0x133 /home/e2/intelFPGA_lite/20.1/nios2eds/bin/gnu/H-x86_64-pc-linux-gnu/bin/../lib/gcc/nios2-elf/10.1.1/mno-hw-mul/libgcc.a(_clzsi2.o)
 .debug_info    0x0000000000000fbd       0xcb /home/e2/intelFPGA_lite/20.1/nios2eds/bin/gnu/H-x86_64-pc-linux-gnu/bin/../lib/gcc/nios2-elf/10.1.1/mno-hw-mul/libgcc.a(lib2-mul.o)
 .debug_info    0x0000000000001088       0xc2 /home/e2/intelFPGA_lite/20.1/nios2eds/bin/gnu/H-x86_64-pc-linux-gnu/bin/../lib/gcc/nios2-elf/10.1.1/mno-hw-mul/libgcc.a(_clz.o)
 .debug_info    0x000000000000114a      0x72b /home/e2/intelFPGA_lite/20.1/nios2eds/bin/gnu/H-x86_64-pc-linux-gnu/bin/../lib/gcc/nios2-elf/10.1.1/../../../../../H-x86_64-pc-linux-gnu/nios2-elf/lib/mno-hw-mul/libsmallc.a(lib_a-printf.o)
 .debug_info    0x0000000000001875      0x6ea /home/e2/intelFPGA_lite/20.1/nios2eds/bin/gnu/H-x86_64-pc-linux-gnu/bin/../lib/gcc/nios2-elf/10.1.1/../../../../../H-x86_64-pc-linux-gnu/nios2-elf/lib/mno-hw-mul/libsmallc.a(lib_a-puts.o)
 .debug_info    0x0000000000001f5f       0xd0 /home/e2/intelFPGA_lite/20.1/nios2eds/bin/gnu/H-x86_64-pc-linux-gnu/bin/../lib/gcc/nios2-elf/10.1.1/../../../../../H-x86_64-pc-linux-gnu/nios2-elf/lib/mno-hw-mul/libsmallc.a(lib_a-strlen.o)
 .debug_info    0x000000000000202f      0xeb5 /home/e2/intelFPGA_lite/20.1/nios2eds/bin/gnu/H-x86_64-pc-linux-gnu/bin/../lib/gcc/nios2-elf/10.1.1/../../../../../H-x86_64-pc-linux-gnu/nios2-elf/lib/mno-hw-mul/libsmallc.a(lib_a-vfprintf.o)
 .debug_info    0x0000000000002ee4      0x6b3 /home/e2/intelFPGA_lite/20.1/nios2eds/bin/gnu/H-x86_64-pc-linux-gnu/bin/../lib/gcc/nios2-elf/10.1.1/../../../../../H-x86_64-pc-linux-gnu/nios2-elf/lib/mno-hw-mul/libsmallc.a(lib_a-fvwrite_small_dev.o)
 .debug_info    0x0000000000003597      0x61e /home/e2/intelFPGA_lite/20.1/nios2eds/bin/gnu/H-x86_64-pc-linux-gnu/bin/../lib/gcc/nios2-elf/10.1.1/../../../../../H-x86_64-pc-linux-gnu/nios2-elf/lib/mno-hw-mul/libsmallc.a(lib_a-impure.o)
 .debug_info    0x0000000000003bb5      0x6b3 /home/e2/intelFPGA_lite/20.1/nios2eds/bin/gnu/H-x86_64-pc-linux-gnu/bin/../lib/gcc/nios2-elf/10.1.1/../../../../../H-x86_64-pc-linux-gnu/nios2-elf/lib/mno-hw-mul/libsmallc.a(lib_a-writer.o)
 .debug_info    0x0000000000004268       0x84 /home/e2/intelFPGA_lite/20.1/nios2eds/bin/gnu/H-x86_64-pc-linux-gnu/bin/../lib/gcc/nios2-elf/10.1.1/../../../../../H-x86_64-pc-linux-gnu/nios2-elf/lib/mno-hw-mul/libsmallc.a(lib_a-int_errno.o)
 .debug_info    0x00000000000042ec      0x368 /home/e2/intelFPGA_lite/20.1/nios2eds/bin/gnu/H-x86_64-pc-linux-gnu/bin/../lib/gcc/nios2-elf/10.1.1/mno-hw-mul/libgcc.a(lib2-divmod.o)
 .debug_info    0x0000000000004654      0x14d ../hello_world_bsp//libhal_bsp.a(alt_load.o)
 .debug_info    0x00000000000047a1       0xef ../hello_world_bsp//libhal_bsp.a(alt_main.o)
 .debug_info    0x0000000000004890      0x1a9 ../hello_world_bsp//libhal_bsp.a(alt_times.o)
 .debug_info    0x0000000000004a39      0x55c ../hello_world_bsp//libhal_bsp.a(alt_write.o)
 .debug_info    0x0000000000004f95      0x3ba ../hello_world_bsp//libhal_bsp.a(alt_sys_init.o)
 .debug_info    0x000000000000534f      0x398 ../hello_world_bsp//libhal_bsp.a(altera_avalon_jtag_uart_fd.o)
 .debug_info    0x00000000000056e7      0x151 ../hello_world_bsp//libhal_bsp.a(altera_avalon_jtag_uart_read.o)
 .debug_info    0x0000000000005838      0x132 ../hello_world_bsp//libhal_bsp.a(altera_avalon_jtag_uart_write.o)
 .debug_info    0x000000000000596a      0x1d5 ../hello_world_bsp//libhal_bsp.a(altera_avalon_timer_sc.o)
 .debug_info    0x0000000000005b3f      0x32c ../hello_world_bsp//libhal_bsp.a(alt_close.o)
 .debug_info    0x0000000000005e6b       0xa0 ../hello_world_bsp//libhal_bsp.a(alt_dcache_flush_all.o)
 .debug_info    0x0000000000005f0b      0x57d ../hello_world_bsp//libhal_bsp.a(alt_dev.o)
 .debug_info    0x0000000000006488      0x1b0 ../hello_world_bsp//libhal_bsp.a(alt_dev_llist_insert.o)
 .debug_info    0x0000000000006638       0x9d ../hello_world_bsp//libhal_bsp.a(alt_errno.o)
 .debug_info    0x00000000000066d5       0x8c ../hello_world_bsp//libhal_bsp.a(alt_icache_flush_all.o)
 .debug_info    0x0000000000006761      0x32c ../hello_world_bsp//libhal_bsp.a(alt_iic.o)
 .debug_info    0x0000000000006a8d      0x1f0 ../hello_world_bsp//libhal_bsp.a(alt_iic_isr_register.o)
 .debug_info    0x0000000000006c7d      0x546 ../hello_world_bsp//libhal_bsp.a(alt_io_redirect.o)
 .debug_info    0x00000000000071c3       0x22 ../hello_world_bsp//libhal_bsp.a(alt_irq_entry.o)
 .debug_info    0x00000000000071e5      0x175 ../hello_world_bsp//libhal_bsp.a(alt_irq_handler.o)
 .debug_info    0x000000000000735a       0x8b ../hello_world_bsp//libhal_bsp.a(alt_irq_vars.o)
 .debug_info    0x00000000000073e5      0x3dd ../hello_world_bsp//libhal_bsp.a(alt_open.o)
 .debug_info    0x00000000000077c2      0x2b9 ../hello_world_bsp//libhal_bsp.a(alt_release_fd.o)
 .debug_info    0x0000000000007a7b      0x2bd ../hello_world_bsp//libhal_bsp.a(alt_tick.o)
 .debug_info    0x0000000000007d38       0x8c ../hello_world_bsp//libhal_bsp.a(altera_nios2_gen2_irq.o)
 .debug_info    0x0000000000007dc4       0x22 ../hello_world_bsp//libhal_bsp.a(alt_exception_entry.o)
 .debug_info    0x0000000000007de6      0x2ee ../hello_world_bsp//libhal_bsp.a(alt_find_dev.o)
 .debug_info    0x00000000000080d4      0x2eb ../hello_world_bsp//libhal_bsp.a(alt_find_file.o)
 .debug_info    0x00000000000083bf      0x31c ../hello_world_bsp//libhal_bsp.a(alt_get_fd.o)
 .debug_info    0x00000000000086db       0xdb ../hello_world_bsp//libhal_bsp.a(alt_icache_flush.o)
 .debug_info    0x00000000000087b6      0x1f1 ../hello_world_bsp//libhal_bsp.a(alt_instruction_exception_entry.o)
 .debug_info    0x00000000000089a7       0xe6 /home/e2/intelFPGA_lite/20.1/nios2eds/bin/gnu/H-x86_64-pc-linux-gnu/bin/../lib/gcc/nios2-elf/10.1.1/../../../../../H-x86_64-pc-linux-gnu/nios2-elf/lib/mno-hw-mul/libsmallc.a(lib_a-exit.o)
 .debug_info    0x0000000000008a8d      0x100 /home/e2/intelFPGA_lite/20.1/nios2eds/bin/gnu/H-x86_64-pc-linux-gnu/bin/../lib/gcc/nios2-elf/10.1.1/../../../../../H-x86_64-pc-linux-gnu/nios2-elf/lib/mno-hw-mul/libsmallc.a(lib_a-memcmp.o)
 .debug_info    0x0000000000008b8d      0x6e0 /home/e2/intelFPGA_lite/20.1/nios2eds/bin/gnu/H-x86_64-pc-linux-gnu/bin/../lib/gcc/nios2-elf/10.1.1/../../../../../H-x86_64-pc-linux-gnu/nios2-elf/lib/mno-hw-mul/libsmallc.a(lib_a-__call_atexit.o)
 .debug_info    0x000000000000926d       0xe1 ../hello_world_bsp//libhal_bsp.a(alt_exit.o)

.debug_abbrev   0x0000000000000000     0x3579
 *(.debug_abbrev)
 .debug_abbrev  0x0000000000000000       0x12 ../hello_world_bsp//obj/HAL/src/crt0.o
 .debug_abbrev  0x0000000000000012       0xe4 obj/default/hello_world.o
 .debug_abbrev  0x00000000000000f6      0x166 /home/e2/intelFPGA_lite/20.1/nios2eds/bin/gnu/H-x86_64-pc-linux-gnu/bin/../lib/gcc/nios2-elf/10.1.1/mno-hw-mul/libgcc.a(addsf3.o)
 .debug_abbrev  0x000000000000025c      0x13b /home/e2/intelFPGA_lite/20.1/nios2eds/bin/gnu/H-x86_64-pc-linux-gnu/bin/../lib/gcc/nios2-elf/10.1.1/mno-hw-mul/libgcc.a(divsf3.o)
 .debug_abbrev  0x0000000000000397      0x14a /home/e2/intelFPGA_lite/20.1/nios2eds/bin/gnu/H-x86_64-pc-linux-gnu/bin/../lib/gcc/nios2-elf/10.1.1/mno-hw-mul/libgcc.a(mulsf3.o)
 .debug_abbrev  0x00000000000004e1      0x142 /home/e2/intelFPGA_lite/20.1/nios2eds/bin/gnu/H-x86_64-pc-linux-gnu/bin/../lib/gcc/nios2-elf/10.1.1/mno-hw-mul/libgcc.a(fixsfsi.o)
 .debug_abbrev  0x0000000000000623       0xbf /home/e2/intelFPGA_lite/20.1/nios2eds/bin/gnu/H-x86_64-pc-linux-gnu/bin/../lib/gcc/nios2-elf/10.1.1/mno-hw-mul/libgcc.a(_clzsi2.o)
 .debug_abbrev  0x00000000000006e2       0x7d /home/e2/intelFPGA_lite/20.1/nios2eds/bin/gnu/H-x86_64-pc-linux-gnu/bin/../lib/gcc/nios2-elf/10.1.1/mno-hw-mul/libgcc.a(lib2-mul.o)
 .debug_abbrev  0x000000000000075f       0x70 /home/e2/intelFPGA_lite/20.1/nios2eds/bin/gnu/H-x86_64-pc-linux-gnu/bin/../lib/gcc/nios2-elf/10.1.1/mno-hw-mul/libgcc.a(_clz.o)
 .debug_abbrev  0x00000000000007cf      0x216 /home/e2/intelFPGA_lite/20.1/nios2eds/bin/gnu/H-x86_64-pc-linux-gnu/bin/../lib/gcc/nios2-elf/10.1.1/../../../../../H-x86_64-pc-linux-gnu/nios2-elf/lib/mno-hw-mul/libsmallc.a(lib_a-printf.o)
 .debug_abbrev  0x00000000000009e5      0x20b /home/e2/intelFPGA_lite/20.1/nios2eds/bin/gnu/H-x86_64-pc-linux-gnu/bin/../lib/gcc/nios2-elf/10.1.1/../../../../../H-x86_64-pc-linux-gnu/nios2-elf/lib/mno-hw-mul/libsmallc.a(lib_a-puts.o)
 .debug_abbrev  0x0000000000000bf0       0x8d /home/e2/intelFPGA_lite/20.1/nios2eds/bin/gnu/H-x86_64-pc-linux-gnu/bin/../lib/gcc/nios2-elf/10.1.1/../../../../../H-x86_64-pc-linux-gnu/nios2-elf/lib/mno-hw-mul/libsmallc.a(lib_a-strlen.o)
 .debug_abbrev  0x0000000000000c7d      0x2f7 /home/e2/intelFPGA_lite/20.1/nios2eds/bin/gnu/H-x86_64-pc-linux-gnu/bin/../lib/gcc/nios2-elf/10.1.1/../../../../../H-x86_64-pc-linux-gnu/nios2-elf/lib/mno-hw-mul/libsmallc.a(lib_a-vfprintf.o)
 .debug_abbrev  0x0000000000000f74      0x1ed /home/e2/intelFPGA_lite/20.1/nios2eds/bin/gnu/H-x86_64-pc-linux-gnu/bin/../lib/gcc/nios2-elf/10.1.1/../../../../../H-x86_64-pc-linux-gnu/nios2-elf/lib/mno-hw-mul/libsmallc.a(lib_a-fvwrite_small_dev.o)
 .debug_abbrev  0x0000000000001161      0x17a /home/e2/intelFPGA_lite/20.1/nios2eds/bin/gnu/H-x86_64-pc-linux-gnu/bin/../lib/gcc/nios2-elf/10.1.1/../../../../../H-x86_64-pc-linux-gnu/nios2-elf/lib/mno-hw-mul/libsmallc.a(lib_a-impure.o)
 .debug_abbrev  0x00000000000012db      0x1d9 /home/e2/intelFPGA_lite/20.1/nios2eds/bin/gnu/H-x86_64-pc-linux-gnu/bin/../lib/gcc/nios2-elf/10.1.1/../../../../../H-x86_64-pc-linux-gnu/nios2-elf/lib/mno-hw-mul/libsmallc.a(lib_a-writer.o)
 .debug_abbrev  0x00000000000014b4       0x39 /home/e2/intelFPGA_lite/20.1/nios2eds/bin/gnu/H-x86_64-pc-linux-gnu/bin/../lib/gcc/nios2-elf/10.1.1/../../../../../H-x86_64-pc-linux-gnu/nios2-elf/lib/mno-hw-mul/libsmallc.a(lib_a-int_errno.o)
 .debug_abbrev  0x00000000000014ed      0x103 /home/e2/intelFPGA_lite/20.1/nios2eds/bin/gnu/H-x86_64-pc-linux-gnu/bin/../lib/gcc/nios2-elf/10.1.1/mno-hw-mul/libgcc.a(lib2-divmod.o)
 .debug_abbrev  0x00000000000015f0       0xab ../hello_world_bsp//libhal_bsp.a(alt_load.o)
 .debug_abbrev  0x000000000000169b       0x86 ../hello_world_bsp//libhal_bsp.a(alt_main.o)
 .debug_abbrev  0x0000000000001721      0x105 ../hello_world_bsp//libhal_bsp.a(alt_times.o)
 .debug_abbrev  0x0000000000001826      0x149 ../hello_world_bsp//libhal_bsp.a(alt_write.o)
 .debug_abbrev  0x000000000000196f      0x16c ../hello_world_bsp//libhal_bsp.a(alt_sys_init.o)
 .debug_abbrev  0x0000000000001adb      0x10b ../hello_world_bsp//libhal_bsp.a(altera_avalon_jtag_uart_fd.o)
 .debug_abbrev  0x0000000000001be6       0xcd ../hello_world_bsp//libhal_bsp.a(altera_avalon_jtag_uart_read.o)
 .debug_abbrev  0x0000000000001cb3       0xcd ../hello_world_bsp//libhal_bsp.a(altera_avalon_jtag_uart_write.o)
 .debug_abbrev  0x0000000000001d80      0x14b ../hello_world_bsp//libhal_bsp.a(altera_avalon_timer_sc.o)
 .debug_abbrev  0x0000000000001ecb      0x133 ../hello_world_bsp//libhal_bsp.a(alt_close.o)
 .debug_abbrev  0x0000000000001ffe       0x5e ../hello_world_bsp//libhal_bsp.a(alt_dcache_flush_all.o)
 .debug_abbrev  0x000000000000205c      0x117 ../hello_world_bsp//libhal_bsp.a(alt_dev.o)
 .debug_abbrev  0x0000000000002173      0x12a ../hello_world_bsp//libhal_bsp.a(alt_dev_llist_insert.o)
 .debug_abbrev  0x000000000000229d       0x5a ../hello_world_bsp//libhal_bsp.a(alt_errno.o)
 .debug_abbrev  0x00000000000022f7       0x44 ../hello_world_bsp//libhal_bsp.a(alt_icache_flush_all.o)
 .debug_abbrev  0x000000000000233b      0x189 ../hello_world_bsp//libhal_bsp.a(alt_iic.o)
 .debug_abbrev  0x00000000000024c4      0x17c ../hello_world_bsp//libhal_bsp.a(alt_iic_isr_register.o)
 .debug_abbrev  0x0000000000002640      0x126 ../hello_world_bsp//libhal_bsp.a(alt_io_redirect.o)
 .debug_abbrev  0x0000000000002766       0x12 ../hello_world_bsp//libhal_bsp.a(alt_irq_entry.o)
 .debug_abbrev  0x0000000000002778      0x12d ../hello_world_bsp//libhal_bsp.a(alt_irq_handler.o)
 .debug_abbrev  0x00000000000028a5       0x44 ../hello_world_bsp//libhal_bsp.a(alt_irq_vars.o)
 .debug_abbrev  0x00000000000028e9      0x160 ../hello_world_bsp//libhal_bsp.a(alt_open.o)
 .debug_abbrev  0x0000000000002a49       0xea ../hello_world_bsp//libhal_bsp.a(alt_release_fd.o)
 .debug_abbrev  0x0000000000002b33      0x17a ../hello_world_bsp//libhal_bsp.a(alt_tick.o)
 .debug_abbrev  0x0000000000002cad       0x44 ../hello_world_bsp//libhal_bsp.a(altera_nios2_gen2_irq.o)
 .debug_abbrev  0x0000000000002cf1       0x12 ../hello_world_bsp//libhal_bsp.a(alt_exception_entry.o)
 .debug_abbrev  0x0000000000002d03       0xed ../hello_world_bsp//libhal_bsp.a(alt_find_dev.o)
 .debug_abbrev  0x0000000000002df0      0x100 ../hello_world_bsp//libhal_bsp.a(alt_find_file.o)
 .debug_abbrev  0x0000000000002ef0      0x121 ../hello_world_bsp//libhal_bsp.a(alt_get_fd.o)
 .debug_abbrev  0x0000000000003011       0x96 ../hello_world_bsp//libhal_bsp.a(alt_icache_flush.o)
 .debug_abbrev  0x00000000000030a7       0xea ../hello_world_bsp//libhal_bsp.a(alt_instruction_exception_entry.o)
 .debug_abbrev  0x0000000000003191       0x94 /home/e2/intelFPGA_lite/20.1/nios2eds/bin/gnu/H-x86_64-pc-linux-gnu/bin/../lib/gcc/nios2-elf/10.1.1/../../../../../H-x86_64-pc-linux-gnu/nios2-elf/lib/mno-hw-mul/libsmallc.a(lib_a-exit.o)
 .debug_abbrev  0x0000000000003225       0x9e /home/e2/intelFPGA_lite/20.1/nios2eds/bin/gnu/H-x86_64-pc-linux-gnu/bin/../lib/gcc/nios2-elf/10.1.1/../../../../../H-x86_64-pc-linux-gnu/nios2-elf/lib/mno-hw-mul/libsmallc.a(lib_a-memcmp.o)
 .debug_abbrev  0x00000000000032c3      0x20a /home/e2/intelFPGA_lite/20.1/nios2eds/bin/gnu/H-x86_64-pc-linux-gnu/bin/../lib/gcc/nios2-elf/10.1.1/../../../../../H-x86_64-pc-linux-gnu/nios2-elf/lib/mno-hw-mul/libsmallc.a(lib_a-__call_atexit.o)
 .debug_abbrev  0x00000000000034cd       0xac ../hello_world_bsp//libhal_bsp.a(alt_exit.o)

.debug_line     0x0000000000000000     0x5019
 *(.debug_line)
 .debug_line    0x0000000000000000       0x72 ../hello_world_bsp//obj/HAL/src/crt0.o
 .debug_line    0x0000000000000072      0x161 obj/default/hello_world.o
 .debug_line    0x00000000000001d3      0x623 /home/e2/intelFPGA_lite/20.1/nios2eds/bin/gnu/H-x86_64-pc-linux-gnu/bin/../lib/gcc/nios2-elf/10.1.1/mno-hw-mul/libgcc.a(addsf3.o)
 .debug_line    0x00000000000007f6      0x528 /home/e2/intelFPGA_lite/20.1/nios2eds/bin/gnu/H-x86_64-pc-linux-gnu/bin/../lib/gcc/nios2-elf/10.1.1/mno-hw-mul/libgcc.a(divsf3.o)
 .debug_line    0x0000000000000d1e      0x546 /home/e2/intelFPGA_lite/20.1/nios2eds/bin/gnu/H-x86_64-pc-linux-gnu/bin/../lib/gcc/nios2-elf/10.1.1/mno-hw-mul/libgcc.a(mulsf3.o)
 .debug_line    0x0000000000001264      0x11d /home/e2/intelFPGA_lite/20.1/nios2eds/bin/gnu/H-x86_64-pc-linux-gnu/bin/../lib/gcc/nios2-elf/10.1.1/mno-hw-mul/libgcc.a(fixsfsi.o)
 .debug_line    0x0000000000001381       0xaa /home/e2/intelFPGA_lite/20.1/nios2eds/bin/gnu/H-x86_64-pc-linux-gnu/bin/../lib/gcc/nios2-elf/10.1.1/mno-hw-mul/libgcc.a(_clzsi2.o)
 .debug_line    0x000000000000142b       0xb7 /home/e2/intelFPGA_lite/20.1/nios2eds/bin/gnu/H-x86_64-pc-linux-gnu/bin/../lib/gcc/nios2-elf/10.1.1/mno-hw-mul/libgcc.a(lib2-mul.o)
 .debug_line    0x00000000000014e2       0x59 /home/e2/intelFPGA_lite/20.1/nios2eds/bin/gnu/H-x86_64-pc-linux-gnu/bin/../lib/gcc/nios2-elf/10.1.1/mno-hw-mul/libgcc.a(_clz.o)
 .debug_line    0x000000000000153b      0x24c /home/e2/intelFPGA_lite/20.1/nios2eds/bin/gnu/H-x86_64-pc-linux-gnu/bin/../lib/gcc/nios2-elf/10.1.1/../../../../../H-x86_64-pc-linux-gnu/nios2-elf/lib/mno-hw-mul/libsmallc.a(lib_a-printf.o)
 .debug_line    0x0000000000001787      0x240 /home/e2/intelFPGA_lite/20.1/nios2eds/bin/gnu/H-x86_64-pc-linux-gnu/bin/../lib/gcc/nios2-elf/10.1.1/../../../../../H-x86_64-pc-linux-gnu/nios2-elf/lib/mno-hw-mul/libsmallc.a(lib_a-puts.o)
 .debug_line    0x00000000000019c7      0x17d /home/e2/intelFPGA_lite/20.1/nios2eds/bin/gnu/H-x86_64-pc-linux-gnu/bin/../lib/gcc/nios2-elf/10.1.1/../../../../../H-x86_64-pc-linux-gnu/nios2-elf/lib/mno-hw-mul/libsmallc.a(lib_a-strlen.o)
 .debug_line    0x0000000000001b44      0x73c /home/e2/intelFPGA_lite/20.1/nios2eds/bin/gnu/H-x86_64-pc-linux-gnu/bin/../lib/gcc/nios2-elf/10.1.1/../../../../../H-x86_64-pc-linux-gnu/nios2-elf/lib/mno-hw-mul/libsmallc.a(lib_a-vfprintf.o)
 .debug_line    0x0000000000002280      0x253 /home/e2/intelFPGA_lite/20.1/nios2eds/bin/gnu/H-x86_64-pc-linux-gnu/bin/../lib/gcc/nios2-elf/10.1.1/../../../../../H-x86_64-pc-linux-gnu/nios2-elf/lib/mno-hw-mul/libsmallc.a(lib_a-fvwrite_small_dev.o)
 .debug_line    0x00000000000024d3      0x15d /home/e2/intelFPGA_lite/20.1/nios2eds/bin/gnu/H-x86_64-pc-linux-gnu/bin/../lib/gcc/nios2-elf/10.1.1/../../../../../H-x86_64-pc-linux-gnu/nios2-elf/lib/mno-hw-mul/libsmallc.a(lib_a-impure.o)
 .debug_line    0x0000000000002630      0x226 /home/e2/intelFPGA_lite/20.1/nios2eds/bin/gnu/H-x86_64-pc-linux-gnu/bin/../lib/gcc/nios2-elf/10.1.1/../../../../../H-x86_64-pc-linux-gnu/nios2-elf/lib/mno-hw-mul/libsmallc.a(lib_a-writer.o)
 .debug_line    0x0000000000002856       0x61 /home/e2/intelFPGA_lite/20.1/nios2eds/bin/gnu/H-x86_64-pc-linux-gnu/bin/../lib/gcc/nios2-elf/10.1.1/../../../../../H-x86_64-pc-linux-gnu/nios2-elf/lib/mno-hw-mul/libsmallc.a(lib_a-int_errno.o)
 .debug_line    0x00000000000028b7      0x306 /home/e2/intelFPGA_lite/20.1/nios2eds/bin/gnu/H-x86_64-pc-linux-gnu/bin/../lib/gcc/nios2-elf/10.1.1/mno-hw-mul/libgcc.a(lib2-divmod.o)
 .debug_line    0x0000000000002bbd       0xa6 ../hello_world_bsp//libhal_bsp.a(alt_load.o)
 .debug_line    0x0000000000002c63       0x7d ../hello_world_bsp//libhal_bsp.a(alt_main.o)
 .debug_line    0x0000000000002ce0      0x168 ../hello_world_bsp//libhal_bsp.a(alt_times.o)
 .debug_line    0x0000000000002e48      0x2d0 ../hello_world_bsp//libhal_bsp.a(alt_write.o)
 .debug_line    0x0000000000003118      0x129 ../hello_world_bsp//libhal_bsp.a(alt_sys_init.o)
 .debug_line    0x0000000000003241      0x102 ../hello_world_bsp//libhal_bsp.a(altera_avalon_jtag_uart_fd.o)
 .debug_line    0x0000000000003343       0xe8 ../hello_world_bsp//libhal_bsp.a(altera_avalon_jtag_uart_read.o)
 .debug_line    0x000000000000342b       0xc6 ../hello_world_bsp//libhal_bsp.a(altera_avalon_jtag_uart_write.o)
 .debug_line    0x00000000000034f1       0xfd ../hello_world_bsp//libhal_bsp.a(altera_avalon_timer_sc.o)
 .debug_line    0x00000000000035ee      0x1b8 ../hello_world_bsp//libhal_bsp.a(alt_close.o)
 .debug_line    0x00000000000037a6       0x6e ../hello_world_bsp//libhal_bsp.a(alt_dcache_flush_all.o)
 .debug_line    0x0000000000003814      0x1b5 ../hello_world_bsp//libhal_bsp.a(alt_dev.o)
 .debug_line    0x00000000000039c9      0x106 ../hello_world_bsp//libhal_bsp.a(alt_dev_llist_insert.o)
 .debug_line    0x0000000000003acf       0x51 ../hello_world_bsp//libhal_bsp.a(alt_errno.o)
 .debug_line    0x0000000000003b20       0x56 ../hello_world_bsp//libhal_bsp.a(alt_icache_flush_all.o)
 .debug_line    0x0000000000003b76      0x123 ../hello_world_bsp//libhal_bsp.a(alt_iic.o)
 .debug_line    0x0000000000003c99       0xfc ../hello_world_bsp//libhal_bsp.a(alt_iic_isr_register.o)
 .debug_line    0x0000000000003d95      0x1e8 ../hello_world_bsp//libhal_bsp.a(alt_io_redirect.o)
 .debug_line    0x0000000000003f7d       0x6b ../hello_world_bsp//libhal_bsp.a(alt_irq_entry.o)
 .debug_line    0x0000000000003fe8       0xd4 ../hello_world_bsp//libhal_bsp.a(alt_irq_handler.o)
 .debug_line    0x00000000000040bc       0x50 ../hello_world_bsp//libhal_bsp.a(alt_irq_vars.o)
 .debug_line    0x000000000000410c      0x1a1 ../hello_world_bsp//libhal_bsp.a(alt_open.o)
 .debug_line    0x00000000000042ad       0xb6 ../hello_world_bsp//libhal_bsp.a(alt_release_fd.o)
 .debug_line    0x0000000000004363      0x160 ../hello_world_bsp//libhal_bsp.a(alt_tick.o)
 .debug_line    0x00000000000044c3       0x57 ../hello_world_bsp//libhal_bsp.a(altera_nios2_gen2_irq.o)
 .debug_line    0x000000000000451a       0xb3 ../hello_world_bsp//libhal_bsp.a(alt_exception_entry.o)
 .debug_line    0x00000000000045cd       0xb8 ../hello_world_bsp//libhal_bsp.a(alt_find_dev.o)
 .debug_line    0x0000000000004685      0x103 ../hello_world_bsp//libhal_bsp.a(alt_find_file.o)
 .debug_line    0x0000000000004788       0xfb ../hello_world_bsp//libhal_bsp.a(alt_get_fd.o)
 .debug_line    0x0000000000004883       0xa0 ../hello_world_bsp//libhal_bsp.a(alt_icache_flush.o)
 .debug_line    0x0000000000004923       0xd9 ../hello_world_bsp//libhal_bsp.a(alt_instruction_exception_entry.o)
 .debug_line    0x00000000000049fc      0x175 /home/e2/intelFPGA_lite/20.1/nios2eds/bin/gnu/H-x86_64-pc-linux-gnu/bin/../lib/gcc/nios2-elf/10.1.1/../../../../../H-x86_64-pc-linux-gnu/nios2-elf/lib/mno-hw-mul/libsmallc.a(lib_a-exit.o)
 .debug_line    0x0000000000004b71      0x192 /home/e2/intelFPGA_lite/20.1/nios2eds/bin/gnu/H-x86_64-pc-linux-gnu/bin/../lib/gcc/nios2-elf/10.1.1/../../../../../H-x86_64-pc-linux-gnu/nios2-elf/lib/mno-hw-mul/libsmallc.a(lib_a-memcmp.o)
 .debug_line    0x0000000000004d03      0x291 /home/e2/intelFPGA_lite/20.1/nios2eds/bin/gnu/H-x86_64-pc-linux-gnu/bin/../lib/gcc/nios2-elf/10.1.1/../../../../../H-x86_64-pc-linux-gnu/nios2-elf/lib/mno-hw-mul/libsmallc.a(lib_a-__call_atexit.o)
 .debug_line    0x0000000000004f94       0x85 ../hello_world_bsp//libhal_bsp.a(alt_exit.o)

.debug_frame    0x0000000000000000      0xce4
 *(.debug_frame)
 .debug_frame   0x0000000000000000       0x90 obj/default/hello_world.o
 .debug_frame   0x0000000000000090       0x3c /home/e2/intelFPGA_lite/20.1/nios2eds/bin/gnu/H-x86_64-pc-linux-gnu/bin/../lib/gcc/nios2-elf/10.1.1/mno-hw-mul/libgcc.a(addsf3.o)
 .debug_frame   0x00000000000000cc       0x54 /home/e2/intelFPGA_lite/20.1/nios2eds/bin/gnu/H-x86_64-pc-linux-gnu/bin/../lib/gcc/nios2-elf/10.1.1/mno-hw-mul/libgcc.a(divsf3.o)
 .debug_frame   0x0000000000000120       0x58 /home/e2/intelFPGA_lite/20.1/nios2eds/bin/gnu/H-x86_64-pc-linux-gnu/bin/../lib/gcc/nios2-elf/10.1.1/mno-hw-mul/libgcc.a(mulsf3.o)
 .debug_frame   0x0000000000000178       0x20 /home/e2/intelFPGA_lite/20.1/nios2eds/bin/gnu/H-x86_64-pc-linux-gnu/bin/../lib/gcc/nios2-elf/10.1.1/mno-hw-mul/libgcc.a(fixsfsi.o)
 .debug_frame   0x0000000000000198       0x20 /home/e2/intelFPGA_lite/20.1/nios2eds/bin/gnu/H-x86_64-pc-linux-gnu/bin/../lib/gcc/nios2-elf/10.1.1/mno-hw-mul/libgcc.a(_clzsi2.o)
 .debug_frame   0x00000000000001b8       0x20 /home/e2/intelFPGA_lite/20.1/nios2eds/bin/gnu/H-x86_64-pc-linux-gnu/bin/../lib/gcc/nios2-elf/10.1.1/mno-hw-mul/libgcc.a(lib2-mul.o)
 .debug_frame   0x00000000000001d8       0x48 /home/e2/intelFPGA_lite/20.1/nios2eds/bin/gnu/H-x86_64-pc-linux-gnu/bin/../lib/gcc/nios2-elf/10.1.1/../../../../../H-x86_64-pc-linux-gnu/nios2-elf/lib/mno-hw-mul/libsmallc.a(lib_a-printf.o)
 .debug_frame   0x0000000000000220       0x48 /home/e2/intelFPGA_lite/20.1/nios2eds/bin/gnu/H-x86_64-pc-linux-gnu/bin/../lib/gcc/nios2-elf/10.1.1/../../../../../H-x86_64-pc-linux-gnu/nios2-elf/lib/mno-hw-mul/libsmallc.a(lib_a-puts.o)
 .debug_frame   0x0000000000000268       0x20 /home/e2/intelFPGA_lite/20.1/nios2eds/bin/gnu/H-x86_64-pc-linux-gnu/bin/../lib/gcc/nios2-elf/10.1.1/../../../../../H-x86_64-pc-linux-gnu/nios2-elf/lib/mno-hw-mul/libsmallc.a(lib_a-strlen.o)
 .debug_frame   0x0000000000000288       0x90 /home/e2/intelFPGA_lite/20.1/nios2eds/bin/gnu/H-x86_64-pc-linux-gnu/bin/../lib/gcc/nios2-elf/10.1.1/../../../../../H-x86_64-pc-linux-gnu/nios2-elf/lib/mno-hw-mul/libsmallc.a(lib_a-vfprintf.o)
 .debug_frame   0x0000000000000318       0x3c /home/e2/intelFPGA_lite/20.1/nios2eds/bin/gnu/H-x86_64-pc-linux-gnu/bin/../lib/gcc/nios2-elf/10.1.1/../../../../../H-x86_64-pc-linux-gnu/nios2-elf/lib/mno-hw-mul/libsmallc.a(lib_a-fvwrite_small_dev.o)
 .debug_frame   0x0000000000000354       0x30 /home/e2/intelFPGA_lite/20.1/nios2eds/bin/gnu/H-x86_64-pc-linux-gnu/bin/../lib/gcc/nios2-elf/10.1.1/../../../../../H-x86_64-pc-linux-gnu/nios2-elf/lib/mno-hw-mul/libsmallc.a(lib_a-writer.o)
 .debug_frame   0x0000000000000384       0x50 /home/e2/intelFPGA_lite/20.1/nios2eds/bin/gnu/H-x86_64-pc-linux-gnu/bin/../lib/gcc/nios2-elf/10.1.1/mno-hw-mul/libgcc.a(lib2-divmod.o)
 .debug_frame   0x00000000000003d4       0x5c ../hello_world_bsp//libhal_bsp.a(alt_load.o)
 .debug_frame   0x0000000000000430       0x2c ../hello_world_bsp//libhal_bsp.a(alt_main.o)
 .debug_frame   0x000000000000045c       0x60 ../hello_world_bsp//libhal_bsp.a(alt_times.o)
 .debug_frame   0x00000000000004bc       0x60 ../hello_world_bsp//libhal_bsp.a(alt_write.o)
 .debug_frame   0x000000000000051c       0x88 ../hello_world_bsp//libhal_bsp.a(alt_sys_init.o)
 .debug_frame   0x00000000000005a4       0x60 ../hello_world_bsp//libhal_bsp.a(altera_avalon_jtag_uart_fd.o)
 .debug_frame   0x0000000000000604       0x34 ../hello_world_bsp//libhal_bsp.a(altera_avalon_jtag_uart_read.o)
 .debug_frame   0x0000000000000638       0x34 ../hello_world_bsp//libhal_bsp.a(altera_avalon_jtag_uart_write.o)
 .debug_frame   0x000000000000066c       0x60 ../hello_world_bsp//libhal_bsp.a(altera_avalon_timer_sc.o)
 .debug_frame   0x00000000000006cc       0x60 ../hello_world_bsp//libhal_bsp.a(alt_close.o)
 .debug_frame   0x000000000000072c       0x34 ../hello_world_bsp//libhal_bsp.a(alt_dcache_flush_all.o)
 .debug_frame   0x0000000000000760       0x34 ../hello_world_bsp//libhal_bsp.a(alt_dev.o)
 .debug_frame   0x0000000000000794       0x60 ../hello_world_bsp//libhal_bsp.a(alt_dev_llist_insert.o)
 .debug_frame   0x00000000000007f4       0x38 ../hello_world_bsp//libhal_bsp.a(alt_icache_flush_all.o)
 .debug_frame   0x000000000000082c       0xa4 ../hello_world_bsp//libhal_bsp.a(alt_iic.o)
 .debug_frame   0x00000000000008d0       0x38 ../hello_world_bsp//libhal_bsp.a(alt_iic_isr_register.o)
 .debug_frame   0x0000000000000908       0x60 ../hello_world_bsp//libhal_bsp.a(alt_io_redirect.o)
 .debug_frame   0x0000000000000968       0x38 ../hello_world_bsp//libhal_bsp.a(alt_irq_handler.o)
 .debug_frame   0x00000000000009a0       0x84 ../hello_world_bsp//libhal_bsp.a(alt_open.o)
 .debug_frame   0x0000000000000a24       0x34 ../hello_world_bsp//libhal_bsp.a(alt_release_fd.o)
 .debug_frame   0x0000000000000a58       0x5c ../hello_world_bsp//libhal_bsp.a(alt_tick.o)
 .debug_frame   0x0000000000000ab4       0x34 ../hello_world_bsp//libhal_bsp.a(altera_nios2_gen2_irq.o)
 .debug_frame   0x0000000000000ae8       0x38 ../hello_world_bsp//libhal_bsp.a(alt_find_dev.o)
 .debug_frame   0x0000000000000b20       0x38 ../hello_world_bsp//libhal_bsp.a(alt_find_file.o)
 .debug_frame   0x0000000000000b58       0x34 ../hello_world_bsp//libhal_bsp.a(alt_get_fd.o)
 .debug_frame   0x0000000000000b8c       0x34 ../hello_world_bsp//libhal_bsp.a(alt_icache_flush.o)
 .debug_frame   0x0000000000000bc0       0x5c ../hello_world_bsp//libhal_bsp.a(alt_instruction_exception_entry.o)
 .debug_frame   0x0000000000000c1c       0x28 /home/e2/intelFPGA_lite/20.1/nios2eds/bin/gnu/H-x86_64-pc-linux-gnu/bin/../lib/gcc/nios2-elf/10.1.1/../../../../../H-x86_64-pc-linux-gnu/nios2-elf/lib/mno-hw-mul/libsmallc.a(lib_a-exit.o)
 .debug_frame   0x0000000000000c44       0x20 /home/e2/intelFPGA_lite/20.1/nios2eds/bin/gnu/H-x86_64-pc-linux-gnu/bin/../lib/gcc/nios2-elf/10.1.1/../../../../../H-x86_64-pc-linux-gnu/nios2-elf/lib/mno-hw-mul/libsmallc.a(lib_a-memcmp.o)
 .debug_frame   0x0000000000000c64       0x54 /home/e2/intelFPGA_lite/20.1/nios2eds/bin/gnu/H-x86_64-pc-linux-gnu/bin/../lib/gcc/nios2-elf/10.1.1/../../../../../H-x86_64-pc-linux-gnu/nios2-elf/lib/mno-hw-mul/libsmallc.a(lib_a-__call_atexit.o)
 .debug_frame   0x0000000000000cb8       0x2c ../hello_world_bsp//libhal_bsp.a(alt_exit.o)

.debug_str      0x0000000000000000     0x2289
 *(.debug_str)
 .debug_str     0x0000000000000000       0x63 ../hello_world_bsp//obj/HAL/src/crt0.o
 .debug_str     0x0000000000000063      0x12f obj/default/hello_world.o
                                        0x173 (size before relaxing)
 .debug_str     0x0000000000000192      0x26a /home/e2/intelFPGA_lite/20.1/nios2eds/bin/gnu/H-x86_64-pc-linux-gnu/bin/../lib/gcc/nios2-elf/10.1.1/mno-hw-mul/libgcc.a(addsf3.o)
                                        0x2ef (size before relaxing)
 .debug_str     0x00000000000003fc      0x130 /home/e2/intelFPGA_lite/20.1/nios2eds/bin/gnu/H-x86_64-pc-linux-gnu/bin/../lib/gcc/nios2-elf/10.1.1/mno-hw-mul/libgcc.a(divsf3.o)
                                        0x314 (size before relaxing)
 .debug_str     0x000000000000052c       0xa7 /home/e2/intelFPGA_lite/20.1/nios2eds/bin/gnu/H-x86_64-pc-linux-gnu/bin/../lib/gcc/nios2-elf/10.1.1/mno-hw-mul/libgcc.a(mulsf3.o)
                                        0x31d (size before relaxing)
 .debug_str     0x00000000000005d3       0x59 /home/e2/intelFPGA_lite/20.1/nios2eds/bin/gnu/H-x86_64-pc-linux-gnu/bin/../lib/gcc/nios2-elf/10.1.1/mno-hw-mul/libgcc.a(fixsfsi.o)
                                        0x228 (size before relaxing)
 .debug_str     0x000000000000062c       0x60 /home/e2/intelFPGA_lite/20.1/nios2eds/bin/gnu/H-x86_64-pc-linux-gnu/bin/../lib/gcc/nios2-elf/10.1.1/mno-hw-mul/libgcc.a(_clzsi2.o)
                                        0x20b (size before relaxing)
 .debug_str     0x000000000000068c       0x3a /home/e2/intelFPGA_lite/20.1/nios2eds/bin/gnu/H-x86_64-pc-linux-gnu/bin/../lib/gcc/nios2-elf/10.1.1/mno-hw-mul/libgcc.a(lib2-mul.o)
                                        0x1a2 (size before relaxing)
 .debug_str     0x00000000000006c6      0x1ee /home/e2/intelFPGA_lite/20.1/nios2eds/bin/gnu/H-x86_64-pc-linux-gnu/bin/../lib/gcc/nios2-elf/10.1.1/mno-hw-mul/libgcc.a(_clz.o)
 .debug_str     0x00000000000006c6      0x437 /home/e2/intelFPGA_lite/20.1/nios2eds/bin/gnu/H-x86_64-pc-linux-gnu/bin/../lib/gcc/nios2-elf/10.1.1/../../../../../H-x86_64-pc-linux-gnu/nios2-elf/lib/mno-hw-mul/libsmallc.a(lib_a-printf.o)
                                        0x50f (size before relaxing)
 .debug_str     0x0000000000000afd       0x65 /home/e2/intelFPGA_lite/20.1/nios2eds/bin/gnu/H-x86_64-pc-linux-gnu/bin/../lib/gcc/nios2-elf/10.1.1/../../../../../H-x86_64-pc-linux-gnu/nios2-elf/lib/mno-hw-mul/libsmallc.a(lib_a-puts.o)
                                        0x4d8 (size before relaxing)
 .debug_str     0x0000000000000b62       0xd6 /home/e2/intelFPGA_lite/20.1/nios2eds/bin/gnu/H-x86_64-pc-linux-gnu/bin/../lib/gcc/nios2-elf/10.1.1/../../../../../H-x86_64-pc-linux-gnu/nios2-elf/lib/mno-hw-mul/libsmallc.a(lib_a-strlen.o)
                                        0x1dd (size before relaxing)
 .debug_str     0x0000000000000c38      0x2d2 /home/e2/intelFPGA_lite/20.1/nios2eds/bin/gnu/H-x86_64-pc-linux-gnu/bin/../lib/gcc/nios2-elf/10.1.1/../../../../../H-x86_64-pc-linux-gnu/nios2-elf/lib/mno-hw-mul/libsmallc.a(lib_a-vfprintf.o)
                                        0x872 (size before relaxing)
 .debug_str     0x0000000000000f0a       0x65 /home/e2/intelFPGA_lite/20.1/nios2eds/bin/gnu/H-x86_64-pc-linux-gnu/bin/../lib/gcc/nios2-elf/10.1.1/../../../../../H-x86_64-pc-linux-gnu/nios2-elf/lib/mno-hw-mul/libsmallc.a(lib_a-fvwrite_small_dev.o)
                                        0x4df (size before relaxing)
 .debug_str     0x0000000000000f6f       0xf3 /home/e2/intelFPGA_lite/20.1/nios2eds/bin/gnu/H-x86_64-pc-linux-gnu/bin/../lib/gcc/nios2-elf/10.1.1/../../../../../H-x86_64-pc-linux-gnu/nios2-elf/lib/mno-hw-mul/libsmallc.a(lib_a-impure.o)
                                        0x4c9 (size before relaxing)
 .debug_str     0x0000000000001062       0x47 /home/e2/intelFPGA_lite/20.1/nios2eds/bin/gnu/H-x86_64-pc-linux-gnu/bin/../lib/gcc/nios2-elf/10.1.1/../../../../../H-x86_64-pc-linux-gnu/nios2-elf/lib/mno-hw-mul/libsmallc.a(lib_a-writer.o)
                                        0x4c3 (size before relaxing)
 .debug_str     0x00000000000010a9       0x41 /home/e2/intelFPGA_lite/20.1/nios2eds/bin/gnu/H-x86_64-pc-linux-gnu/bin/../lib/gcc/nios2-elf/10.1.1/../../../../../H-x86_64-pc-linux-gnu/nios2-elf/lib/mno-hw-mul/libsmallc.a(lib_a-int_errno.o)
                                        0x1d0 (size before relaxing)
 .debug_str     0x00000000000010ea       0x78 /home/e2/intelFPGA_lite/20.1/nios2eds/bin/gnu/H-x86_64-pc-linux-gnu/bin/../lib/gcc/nios2-elf/10.1.1/mno-hw-mul/libgcc.a(lib2-divmod.o)
                                        0x1e1 (size before relaxing)
 .debug_str     0x0000000000001162       0xf1 ../hello_world_bsp//libhal_bsp.a(alt_load.o)
                                        0x21e (size before relaxing)
 .debug_str     0x0000000000001253       0x44 ../hello_world_bsp//libhal_bsp.a(alt_main.o)
                                        0x178 (size before relaxing)
 .debug_str     0x0000000000001297       0x8c ../hello_world_bsp//libhal_bsp.a(alt_times.o)
                                        0x1e0 (size before relaxing)
 .debug_str     0x0000000000001323      0x19d ../hello_world_bsp//libhal_bsp.a(alt_write.o)
                                        0x356 (size before relaxing)
 .debug_str     0x00000000000014c0       0xf5 ../hello_world_bsp//libhal_bsp.a(alt_sys_init.o)
                                        0x2bb (size before relaxing)
 .debug_str     0x00000000000015b5       0x71 ../hello_world_bsp//libhal_bsp.a(altera_avalon_jtag_uart_fd.o)
                                        0x2ba (size before relaxing)
 .debug_str     0x0000000000001626       0x48 ../hello_world_bsp//libhal_bsp.a(altera_avalon_jtag_uart_read.o)
                                        0x1d7 (size before relaxing)
 .debug_str     0x000000000000166e       0x4a ../hello_world_bsp//libhal_bsp.a(altera_avalon_jtag_uart_write.o)
                                        0x1cd (size before relaxing)
 .debug_str     0x00000000000016b8       0xbb ../hello_world_bsp//libhal_bsp.a(altera_avalon_timer_sc.o)
                                        0x21a (size before relaxing)
 .debug_str     0x0000000000001773       0x1b ../hello_world_bsp//libhal_bsp.a(alt_close.o)
                                        0x20a (size before relaxing)
 .debug_str     0x000000000000178e       0x34 ../hello_world_bsp//libhal_bsp.a(alt_dcache_flush_all.o)
                                        0x161 (size before relaxing)
 .debug_str     0x00000000000017c2       0x50 ../hello_world_bsp//libhal_bsp.a(alt_dev.o)
                                        0x370 (size before relaxing)
 .debug_str     0x0000000000001812       0x45 ../hello_world_bsp//libhal_bsp.a(alt_dev_llist_insert.o)
                                        0x1d8 (size before relaxing)
 .debug_str     0x0000000000001857       0x14 ../hello_world_bsp//libhal_bsp.a(alt_errno.o)
                                        0x14b (size before relaxing)
 .debug_str     0x000000000000186b       0x34 ../hello_world_bsp//libhal_bsp.a(alt_icache_flush_all.o)
                                        0x161 (size before relaxing)